)
[    0.000000] Linux version 5.17.0-rc6-00116-g9797235a6909 (fuzzer@host) (gcc (GCC) 11.2.0, GNU ld (GNU Binutils) 2.38) #22 SMP PREEMPT Thu Mar 10 10:53:11 CET 2022
[    0.000000] Command line: console=ttyS0 root=/dev/sda rw nokaslr kcov.afl_map=y kcov.map_size=16 ibpb=off ibrs=off kpti=off l1tf=off mds=off mitigations=off no_stf_barrier noibpb noibrs nopcid nopti nospec_store_bypass_disable nospectre_v1 nospectre_v2 pcid=off pti=off spec_store_bypass_disable=off spectre_v2=off stf_barrier=off systemd.restore_state=0 rfkill.default_state=1
[    0.000000] x86/fpu: x87 FPU will use FXSAVE
[    0.000000] signal: max sigframe size: 1440
[    0.000000] BIOS-provided physical RAM map:
[    0.000000] BIOS-e820: [mem 0x0000000000000000-0x000000000009fbff] usable
[    0.000000] BIOS-e820: [mem 0x000000000009fc00-0x000000000009ffff] reserved
[    0.000000] BIOS-e820: [mem 0x00000000000f0000-0x00000000000fffff] reserved
[    0.000000] BIOS-e820: [mem 0x0000000000100000-0x000000007ffdffff] usable
[    0.000000] BIOS-e820: [mem 0x000000007ffe0000-0x000000007fffffff] reserved
[    0.000000] BIOS-e820: [mem 0x00000000feffc000-0x00000000feffffff] reserved
[    0.000000] BIOS-e820: [mem 0x00000000fffc0000-0x00000000ffffffff] reserved
[    0.000000] NX (Execute Disable) protection: active
[    0.000000] SMBIOS 2.8 present.
[    0.000000] DMI: QEMU Standard PC (i440FX + PIIX, 1996), BIOS rel-1.14.0-0-g155821a1990b-prebuilt.qemu.org 04/01/2014
[    0.000000] Hypervisor detected: KVM
[    0.000000] kvm-clock: Using msrs 4b564d01 and 4b564d00
[    0.000003] kvm-clock: using sched offset of 303051892 cycles
[    0.000012] clocksource: kvm-clock: mask: 0xffffffffffffffff max_cycles: 0x1cd42e4dffb, max_idle_ns: 881590591483 ns
[    0.000030] tsc: Detected 3393.626 MHz processor
[    0.003024] last_pfn = 0x7ffe0 max_arch_pfn = 0x400000000
[    0.003072] x86/PAT: Configuration [0-7]: WB  WC  UC- UC  WB  WP  UC- WT  
[    0.006054] found SMP MP-table at [mem 0x000f5aa0-0x000f5aaf]
[    0.006676] ACPI: Early table checksum verification disabled
[    0.006695] ACPI: RSDP 0x00000000000F58C0 000014 (v00 BOCHS )
[    0.006725] ACPI: RSDT 0x000000007FFE1913 000034 (v01 BOCHS  BXPC     00000001 BXPC 00000001)
[    0.006760] ACPI: FACP 0x000000007FFE17C7 000074 (v01 BOCHS  BXPC     00000001 BXPC 00000001)
[    0.006798] ACPI: DSDT 0x000000007FFE0040 001787 (v01 BOCHS  BXPC     00000001 BXPC 00000001)
[    0.006830] ACPI: FACS 0x000000007FFE0000 000040
[    0.006855] ACPI: APIC 0x000000007FFE183B 000078 (v01 BOCHS  BXPC     00000001 BXPC 00000001)
[    0.006887] ACPI: HPET 0x000000007FFE18B3 000038 (v01 BOCHS  BXPC     00000001 BXPC 00000001)
[    0.006919] ACPI: WAET 0x000000007FFE18EB 000028 (v01 BOCHS  BXPC     00000001 BXPC 00000001)
[    0.006948] ACPI: Reserving FACP table memory at [mem 0x7ffe17c7-0x7ffe183a]
[    0.006960] ACPI: Reserving DSDT table memory at [mem 0x7ffe0040-0x7ffe17c6]
[    0.006972] ACPI: Reserving FACS table memory at [mem 0x7ffe0000-0x7ffe003f]
[    0.006984] ACPI: Reserving APIC table memory at [mem 0x7ffe183b-0x7ffe18b2]
[    0.006995] ACPI: Reserving HPET table memory at [mem 0x7ffe18b3-0x7ffe18ea]
[    0.007007] ACPI: Reserving WAET table memory at [mem 0x7ffe18eb-0x7ffe1912]
[    0.007396] No NUMA configuration found
[    0.007408] Faking a node at [mem 0x0000000000000000-0x000000007ffdffff]
[    0.007426] NODE_DATA(0) allocated [mem 0x7ffdc000-0x7ffdffff]
[    0.012980] Zone ranges:
[    0.012993]   DMA      [mem 0x0000000000001000-0x0000000000ffffff]
[    0.013006]   DMA32    [mem 0x0000000001000000-0x000000007ffdffff]
[    0.013019]   Normal   empty
[    0.013028] Movable zone start for each node
[    0.013034] Early memory node ranges
[    0.013040]   node   0: [mem 0x0000000000001000-0x000000000009efff]
[    0.013050]   node   0: [mem 0x0000000000100000-0x000000007ffdffff]
[    0.013061] Initmem setup node 0 [mem 0x0000000000001000-0x000000007ffdffff]
[    0.013075] On node 0, zone DMA: 1 pages in unavailable ranges
[    0.013102] On node 0, zone DMA: 97 pages in unavailable ranges
[    0.017115] On node 0, zone DMA32: 32 pages in unavailable ranges
[    0.017363] ACPI: PM-Timer IO Port: 0x608
[    0.017384] ACPI: LAPIC_NMI (acpi_id[0xff] dfl dfl lint[0x1])
[    0.017431] IOAPIC[0]: apic_id 0, version 17, address 0xfec00000, GSI 0-23
[    0.017448] ACPI: INT_SRC_OVR (bus 0 bus_irq 0 global_irq 2 dfl dfl)
[    0.017459] ACPI: INT_SRC_OVR (bus 0 bus_irq 5 global_irq 5 high level)
[    0.017470] ACPI: INT_SRC_OVR (bus 0 bus_irq 9 global_irq 9 high level)
[    0.017480] ACPI: INT_SRC_OVR (bus 0 bus_irq 10 global_irq 10 high level)
[    0.017491] ACPI: INT_SRC_OVR (bus 0 bus_irq 11 global_irq 11 high level)
[    0.017509] ACPI: Using ACPI (MADT) for SMP configuration information
[    0.017518] ACPI: HPET id: 0x8086a201 base: 0xfed00000
[    0.017536] smpboot: Allowing 1 CPUs, 0 hotplug CPUs
[    0.017604] PM: hibernation: Registered nosave memory: [mem 0x00000000-0x00000fff]
[    0.017617] PM: hibernation: Registered nosave memory: [mem 0x0009f000-0x0009ffff]
[    0.017627] PM: hibernation: Registered nosave memory: [mem 0x000a0000-0x000effff]
[    0.017636] PM: hibernation: Registered nosave memory: [mem 0x000f0000-0x000fffff]
[    0.017650] [mem 0x80000000-0xfeffbfff] available for PCI devices
[    0.017659] Booting paravirtualized kernel on KVM
[    0.017668] clocksource: refined-jiffies: mask: 0xffffffff max_cycles: 0xffffffff, max_idle_ns: 1910969940391419 ns
[    0.026224] setup_percpu: NR_CPUS:64 nr_cpumask_bits:64 nr_cpu_ids:1 nr_node_ids:1
[    0.026624] percpu: Embedded 54 pages/cpu s183392 r8192 d29600 u2097152
[    0.026808] Fallback order for Node 0: 0 
[    0.026846] Built 1 zonelists, mobility grouping on.  Total pages: 515808
[    0.026860] Policy zone: DMA32
[    0.026872] Kernel command line: console=ttyS0 root=/dev/sda rw nokaslr kcov.afl_map=y kcov.map_size=16 ibpb=off ibrs=off kpti=off l1tf=off mds=off mitigations=off no_stf_barrier noibpb noibrs nopcid nopti nospec_store_bypass_disable nospectre_v1 nospectre_v2 pcid=off pti=off spec_store_bypass_disable=off spectre_v2=off stf_barrier=off systemd.restore_state=0 rfkill.default_state=1
[    0.029611] Unknown kernel command line parameters "nokaslr no_stf_barrier noibpb noibrs nopti nospec_store_bypass_disable nospectre_v2 ibpb=off ibrs=off kpti=off pcid=off pti=off spec_store_bypass_disable=off spectre_v2=off stf_barrier=off", will be passed to user space.
[    0.029898] Dentry cache hash table entries: 262144 (order: 9, 2097152 bytes, linear)
[    0.029990] Inode-cache hash table entries: 131072 (order: 8, 1048576 bytes, linear)
[    0.030030] mem auto-init: stack:off, heap alloc:off, heap free:off
[    0.034583] Memory: 2000196K/2096632K available (26637K kernel code, 4093K rwdata, 5544K rodata, 1504K init, 11664K bss, 96180K reserved, 0K cma-reserved)
[    0.034755] SLUB: HWalign=64, Order=0-3, MinObjects=0, CPUs=1, Nodes=1
[    0.037447] Dynamic Preempt: voluntary
[    0.037863] Running RCU self tests
[    0.037877] rcu: Preemptible hierarchical RCU implementation.
[    0.037884] rcu: 	RCU event tracing is enabled.
[    0.037891] rcu: 	RCU lockdep checking is enabled.
[    0.037897] rcu: 	RCU restricting CPUs from NR_CPUS=64 to nr_cpu_ids=1.
[    0.037906] 	Trampoline variant of Tasks RCU enabled.
[    0.037913] rcu: RCU calculated value of scheduler-enlistment delay is 100 jiffies.
[    0.037922] rcu: Adjusting geometry for rcu_fanout_leaf=16, nr_cpu_ids=1
[    0.044201] NR_IRQS: 4352, nr_irqs: 256, preallocated irqs: 16
[    0.044642] random: get_random_bytes called from start_kernel+0x60e/0x8b3 with crng_init=0
[    0.050561] Console: colour VGA+ 80x25
[    0.118216] printk: console [ttyS0] enabled
[    0.118645] Lock dependency validator: Copyright (c) 2006 Red Hat, Inc., Ingo Molnar
[    0.119347] ... MAX_LOCKDEP_SUBCLASSES:  8
[    0.119738] ... MAX_LOCK_DEPTH:          48
[    0.120132] ... MAX_LOCKDEP_KEYS:        8192
[    0.120557] ... CLASSHASH_SIZE:          4096
[    0.120981] ... MAX_LOCKDEP_ENTRIES:     32768
[    0.121415] ... MAX_LOCKDEP_CHAINS:      65536
[    0.121848] ... CHAINHASH_SIZE:          32768
[    0.122311]  memory used by lock dependency info: 6365 kB
[    0.122843]  memory used for stack traces: 4224 kB
[    0.123315]  per task-struct memory footprint: 1920 bytes
[    0.123911] ACPI: Core revision 20211217
[    0.124565] clocksource: hpet: mask: 0xffffffff max_cycles: 0xffffffff, max_idle_ns: 19112604467 ns
[    0.125768] APIC: Switch to symmetric I/O mode setup
[    0.127545] ..TIMER: vector=0x30 apic1=0 pin1=2 apic2=-1 pin2=-1
[    0.128209] clocksource: tsc-early: mask: 0xffffffffffffffff max_cycles: 0x30eac9ca8e3, max_idle_ns: 440795333897 ns
[    0.129292] Calibrating delay loop (skipped) preset value.. 6787.25 BogoMIPS (lpj=3393626)
[    0.130277] pid_max: default: 32768 minimum: 301
[    0.130793] LSM: Security Framework initializing
[    0.131747] SELinux:  Initializing.
[    0.132245] Mount-cache hash table entries: 4096 (order: 3, 32768 bytes, linear)
[    0.133003] Mountpoint-cache hash table entries: 4096 (order: 3, 32768 bytes, linear)
[    0.136042] process: using AMD E400 aware idle routine
[    0.136294] Last level iTLB entries: 4KB 512, 2MB 255, 4MB 127
[    0.137276] Last level dTLB entries: 4KB 512, 2MB 255, 4MB 127, 1GB 0
[    0.179973] Freeing SMP alternatives memory: 44K
[    0.180299] kcsan: enabled early
[    0.180692] kcsan: non-strict mode configured - use CONFIG_KCSAN_STRICT=y to see all data races
[    0.284902] smpboot: CPU0: AMD QEMU Virtual CPU version 2.5+ (family: 0xf, model: 0x6b, stepping: 0x1)
[    0.286322] cblist_init_generic: Setting adjustable number of callback queues.
[    0.287101] cblist_init_generic: Setting shift to 0 and lim to 1.
[    0.287389] Running RCU-tasks wait API self tests
[    0.288810] Performance Events: AMD PMU driver.
[    0.289290] ... version:                0
[    0.289665] ... bit width:              48
[    0.290039] ... generic registers:      4
[    0.290277] ... value mask:             0000ffffffffffff
[    0.290765] ... max period:             00007fffffffffff
[    0.291277] ... fixed-purpose events:   0
[    0.291703] ... event mask:             000000000000000f
[    0.292872] rcu: Hierarchical SRCU implementation.
[    0.296983] smp: Bringing up secondary CPUs ...
[    0.297308] smp: Brought up 1 node, 1 CPU
[    0.297749] smpboot: Max logical packages: 1
[    0.298277] smpboot: Total of 1 processors activated (6787.25 BogoMIPS)
[    0.302507] devtmpfs: initialized
[    0.317063] clocksource: jiffies: mask: 0xffffffff max_cycles: 0xffffffff, max_idle_ns: 1911260446275000 ns
[    0.318282] futex hash table entries: 256 (order: 3, 32768 bytes, linear)
[    0.321022] PM: RTC time: 11:57:04, date: 2022-03-11
[    0.322656] NET: Registered PF_NETLINK/PF_ROUTE protocol family
[    0.330166] audit: initializing netlink subsys (disabled)
[    0.332968] kcsan: selftest: 4/4 tests passed
[    0.334361] audit: type=2000 audit(1646999825.100:1): state=initialized audit_enabled=0 res=1
[    0.336613] thermal_sys: Registered thermal governor 'step_wise'
[    0.336627] thermal_sys: Registered thermal governor 'user_space'
[    0.337423] cpuidle: using governor menu
[    0.344728] PCI: Using configuration type 1 for base access
[    0.414109] kprobes: kprobe jump-optimization is enabled. All kprobes are optimized if possible.
[    0.416309] HugeTLB registered 2.00 MiB page size, pre-allocated 0 pages
[    0.418955] ACPI: Added _OSI(Module Device)
[    0.419280] ACPI: Added _OSI(Processor Device)
[    0.419725] ACPI: Added _OSI(3.0 _SCP Extensions)
[    0.420280] ACPI: Added _OSI(Processor Aggregator Device)
[    0.420820] ACPI: Added _OSI(Linux-Dell-Video)
[    0.421282] ACPI: Added _OSI(Linux-Lenovo-NV-HDMI-Audio)
[    0.421814] ACPI: Added _OSI(Linux-HPI-Hybrid-Graphics)
[    0.435092] ACPI: 1 ACPI AML tables successfully acquired and loaded
[    0.443608] ACPI: Interpreter enabled
[    0.444312] ACPI: PM: (supports S0 S3 S4 S5)
[    0.444935] ACPI: Using IOAPIC for interrupt routing
[    0.445398] PCI: Using host bridge windows from ACPI; if necessary, use "pci=nocrs" and report a bug
[    0.448218] ACPI: Enabled 2 GPEs in block 00 to 0F
[    0.490924] ACPI: PCI Root Bridge [PCI0] (domain 0000 [bus 00-ff])
[    0.491298] acpi PNP0A03:00: _OSC: OS supports [ASPM ClockPM Segments MSI HPX-Type3]
[    0.492282] acpi PNP0A03:00: _OSC: not requesting OS control; OS requires [ExtendedConfig ASPM ClockPM MSI]
[    0.493428] acpi PNP0A03:00: fail to add MMCONFIG information, can't access extended PCI configuration space under this bridge.
[    0.495549] PCI host bridge to bus 0000:00
[    0.495988] pci_bus 0000:00: root bus resource [io  0x0000-0x0cf7 window]
[    0.496281] pci_bus 0000:00: root bus resource [io  0x0d00-0xffff window]
[    0.497280] pci_bus 0000:00: root bus resource [mem 0x000a0000-0x000bffff window]
[    0.498005] pci_bus 0000:00: root bus resource [mem 0x80000000-0xfebfffff window]
[    0.498280] pci_bus 0000:00: root bus resource [mem 0x100000000-0x17fffffff window]
[    0.499321] pci_bus 0000:00: root bus resource [bus 00-ff]
[    0.500482] pci 0000:00:00.0: [8086:1237] type 00 class 0x060000
[    0.503358] Callback from call_rcu_tasks() invoked.
[    0.508331] pci 0000:00:01.0: [8086:7000] type 00 class 0x060100
[    0.510459] pci 0000:00:01.1: [8086:7010] type 00 class 0x010180
[    0.512769] pci 0000:00:01.1: reg 0x20: [io  0xc000-0xc00f]
[    0.513992] pci 0000:00:01.1: legacy IDE quirk: reg 0x10: [io  0x01f0-0x01f7]
[    0.514280] pci 0000:00:01.1: legacy IDE quirk: reg 0x14: [io  0x03f6]
[    0.515279] pci 0000:00:01.1: legacy IDE quirk: reg 0x18: [io  0x0170-0x0177]
[    0.515971] pci 0000:00:01.1: legacy IDE quirk: reg 0x1c: [io  0x0376]
[    0.517641] pci 0000:00:01.3: [8086:7113] type 00 class 0x068000
[    0.518737] pci 0000:00:01.3: quirk: [io  0x0600-0x063f] claimed by PIIX4 ACPI
[    0.519291] pci 0000:00:01.3: quirk: [io  0x0700-0x070f] claimed by PIIX4 SMB
[    0.520934] pci 0000:00:02.0: [1234:1111] type 00 class 0x030000
[    0.524290] pci 0000:00:02.0: reg 0x10: [mem 0xfd000000-0xfdffffff pref]
[    0.526994] pci 0000:00:02.0: reg 0x18: [mem 0xfebf4000-0xfebf4fff]
[    0.532596] pci 0000:00:02.0: reg 0x30: [mem 0xfebe0000-0xfebeffff pref]
[    0.533422] pci 0000:00:02.0: Video device with shadowed ROM at [mem 0x000c0000-0x000dffff]
[    0.539674] pci 0000:00:03.0: [8086:293e] type 00 class 0x040300
[    0.540973] pci 0000:00:03.0: reg 0x10: [mem 0xfebf0000-0xfebf3fff]
[    0.548523] pci 0000:00:04.0: [1af4:1068] type 00 class 0x00ff00
[    0.550792] pci 0000:00:04.0: reg 0x20: [mem 0xfe020000-0xfe023fff 64bit pref]
[    0.557141] pci 0000:00:05.0: [1af4:1110] type 00 class 0x050000
[    0.558573] pci 0000:00:05.0: reg 0x10: [mem 0xfebf5000-0xfebf50ff]
[    0.560601] pci 0000:00:05.0: reg 0x18: [mem 0xfe000000-0xfe01ffff 64bit pref]
[    0.576138] ACPI: PCI: Interrupt link LNKA configured for IRQ 10
[    0.577794] ACPI: PCI: Interrupt link LNKB configured for IRQ 10
[    0.579028] ACPI: PCI: Interrupt link LNKC configured for IRQ 11
[    0.580550] ACPI: PCI: Interrupt link LNKD configured for IRQ 11
[    0.581634] ACPI: PCI: Interrupt link LNKS configured for IRQ 9
[    0.583943] iommu: Default domain type: Translated 
[    0.584278] iommu: DMA domain TLB invalidation policy: lazy mode 
[    0.585841] pci 0000:00:02.0: vgaarb: setting as boot VGA device
[    0.586272] pci 0000:00:02.0: vgaarb: VGA device added: decodes=io+mem,owns=io+mem,locks=none
[    0.586284] pci 0000:00:02.0: vgaarb: bridge control possible
[    0.586903] vgaarb: loaded
[    0.588611] SCSI subsystem initialized
[    0.589829] ACPI: bus type USB registered
[    0.590532] usbcore: registered new interface driver usbfs
[    0.591435] usbcore: registered new interface driver hub
[    0.592171] usbcore: registered new device driver usb
[    0.592512] pps_core: LinuxPPS API ver. 1 registered
[    0.593280] pps_core: Software ver. 5.3.6 - Copyright 2005-2007 Rodolfo Giometti <giometti@linux.it>
[    0.594349] PTP clock support registered
[    0.595945] Advanced Linux Sound Architecture Driver Initialized.
[    0.598957] Bluetooth: Core ver 2.22
[    0.599436] NET: Registered PF_BLUETOOTH protocol family
[    0.599948] Bluetooth: HCI device and connection manager initialized
[    0.600306] Bluetooth: HCI socket layer initialized
[    0.600784] Bluetooth: L2CAP socket layer initialized
[    0.601337] Bluetooth: SCO socket layer initialized
[    0.602391] NetLabel: Initializing
[    0.602727] NetLabel:  domain hash size = 128
[    0.603235] NetLabel:  protocols = UNLABELED CIPSOv4 CALIPSO
[    0.603493] NetLabel:  unlabeled traffic allowed by default
[    0.604685] PCI: Using ACPI for IRQ routing
[    0.610571] hpet: 3 channels of 0 reserved for per-cpu timers
[    0.611140] hpet0: at MMIO 0xfed00000, IRQs 2, 8, 0
[    0.611277] hpet0: 3 comparators, 64-bit 100.000000 MHz counter
[    0.615674] clocksource: Switched to clocksource kvm-clock
[    0.851395] VFS: Disk quotas dquot_6.6.0
[    0.851909] VFS: Dquot-cache hash table entries: 512 (order 0, 4096 bytes)
[    2.723110] kwatchdog (27) used greatest stack depth: 14696 bytes left
[    2.724119] pnp: PnP ACPI init
[    2.729364] pnp: PnP ACPI: found 6 devices
[    2.757923] clocksource: acpi_pm: mask: 0xffffff max_cycles: 0xffffff, max_idle_ns: 2085701024 ns
[    2.759226] NET: Registered PF_INET protocol family
[    2.760232] IP idents hash table entries: 32768 (order: 6, 262144 bytes, linear)
[    2.767222] tcp_listen_portaddr_hash hash table entries: 1024 (order: 4, 81920 bytes, linear)
[    2.768263] TCP established hash table entries: 16384 (order: 5, 131072 bytes, linear)
[    2.770519] TCP bind hash table entries: 16384 (order: 8, 1179648 bytes, linear)
[    2.773364] TCP: Hash tables configured (established 16384 bind 16384)
[    2.774386] UDP hash table entries: 1024 (order: 5, 163840 bytes, linear)
[    2.775467] UDP-Lite hash table entries: 1024 (order: 5, 163840 bytes, linear)
[    2.776879] NET: Registered PF_UNIX/PF_LOCAL protocol family
[    2.778359] RPC: Registered named UNIX socket transport module.
[    2.778994] RPC: Registered udp transport module.
[    2.779524] RPC: Registered tcp transport module.
[    2.779982] RPC: Registered tcp NFSv4.1 backchannel transport module.
[    2.784994] pci_bus 0000:00: resource 4 [io  0x0000-0x0cf7 window]
[    2.785658] pci_bus 0000:00: resource 5 [io  0x0d00-0xffff window]
[    2.786374] pci_bus 0000:00: resource 6 [mem 0x000a0000-0x000bffff window]
[    2.787040] pci_bus 0000:00: resource 7 [mem 0x80000000-0xfebfffff window]
[    2.787822] pci_bus 0000:00: resource 8 [mem 0x100000000-0x17fffffff window]
[    2.789059] pci 0000:00:01.0: PIIX3: Enabling Passive Release
[    2.789734] pci 0000:00:00.0: Limiting direct PCI/PCI transfers
[    2.790368] pci 0000:00:01.0: Activating ISA DMA hang workarounds
[    2.791456] PCI: CLS 0 bytes, default 64
[    2.799360] clocksource: tsc: mask: 0xffffffffffffffff max_cycles: 0x30eac9ca8e3, max_idle_ns: 440795333897 ns
[    2.804000] afl_map is set
[    2.804006] map_size is set to 2^16
[    2.806206] Initialise system trusted keyrings
[    2.807507] workingset: timestamp_bits=56 max_order=19 bucket_order=0
[    2.852006] NFS: Registering the id_resolver key type
[    2.852736] Key type id_resolver registered
[    2.853171] Key type id_legacy registered
[    2.854071] 9p: Installing v9fs 9p2000 file system support
[    2.866889] Key type asymmetric registered
[    2.867349] Asymmetric key parser 'x509' registered
[    2.867911] Block layer SCSI generic (bsg) driver version 0.4 loaded (major 251)
[    2.868654] io scheduler mq-deadline registered
[    2.869114] io scheduler kyber registered
[    2.870370] input: Power Button as /devices/LNXSYSTM:00/LNXPWRBN:00/input/input0
[    2.871868] ACPI: button: Power Button [PWRF]
[    3.215202] ACPI: \_SB_.LNKD: Enabled at IRQ 11
[    3.217127] Serial: 8250/16550 driver, 4 ports, IRQ sharing enabled
[    3.218092] 00:04: ttyS0 at I/O 0x3f8 (irq = 4, base_baud = 115200) is a 16550A
[    3.221895] Non-volatile memory driver v1.3
[    3.222612] Linux agpgart interface v0.103
[    3.224120] ACPI: bus type drm_connector registered
[    3.246223] loop: module loaded
[    3.252473] scsi host0: ata_piix
[    3.254530] scsi host1: ata_piix
[    3.255771] ata1: PATA max MWDMA2 cmd 0x1f0 ctl 0x3f6 bmdma 0xc000 irq 14
[    3.256598] ata2: PATA max MWDMA2 cmd 0x170 ctl 0x376 bmdma 0xc008 irq 15
[    3.264117] e100: Intel(R) PRO/100 Network Driver
[    3.264615] e100: Copyright(c) 1999-2006 Intel Corporation
[    3.265364] e1000: Intel(R) PRO/1000 Network Driver
[    3.265871] e1000: Copyright (c) 1999-2006 Intel Corporation.
[    3.266640] e1000e: Intel(R) PRO/1000 Network Driver
[    3.267264] e1000e: Copyright(c) 1999 - 2015 Intel Corporation.
[    3.268116] sky2: driver version 1.30
[    3.269706] ehci_hcd: USB 2.0 'Enhanced' Host Controller (EHCI) Driver
[    3.270358] ehci-pci: EHCI PCI platform driver
[    3.271008] ohci_hcd: USB 1.1 'Open' Host Controller (OHCI) Driver
[    3.271666] ohci-pci: OHCI PCI platform driver
[    3.272380] uhci_hcd: USB Universal Host Controller Interface driver
[    3.273539] usbcore: registered new interface driver usblp
[    3.274171] usbcore: registered new interface driver usb-storage
[    3.275201] i8042: PNP: PS/2 Controller [PNP0303:KBD,PNP0f13:MOU] at 0x60,0x64 irq 1,12
[    3.277186] serio: i8042 KBD port at 0x60,0x64 irq 1
[    3.277741] serio: i8042 AUX port at 0x60,0x64 irq 12
[    3.282009] input: AT Translated Set 2 keyboard as /devices/platform/i8042/serio0/input/input1
[    3.284994] rtc_cmos 00:05: RTC can wake from S4
[    3.289875] rtc_cmos 00:05: registered as rtc0
[    3.290782] rtc_cmos 00:05: alarms up to one day, y3k, 242 bytes nvram, hpet irqs
[    3.293361] device-mapper: ioctl: 4.45.0-ioctl (2021-03-22) initialised: dm-devel@redhat.com
[    3.297765] hid: raw HID events driver (C) Jiri Kosina
[    3.301940] usbcore: registered new interface driver usbhid
[    3.302731] usbhid: USB HID core driver
[    3.305341] KVM_IVSHMEM is ready
[    3.305349] KVM_IVSHMEM: ioaddr = fe000000, base_addr = (____ptrval____), ioaddr_size = 131072
[    3.415409] ata2: found unknown device (class 0)
[    3.416333] ata1: found unknown device (class 0)
[    3.417537] ata1.00: ATA-7: QEMU HARDDISK, 2.5+, max UDMA/100
[    3.418091] ata1.00: 20971520 sectors, multi 16: LBA48 
[    3.419065] ata2.00: ATAPI: QEMU DVD-ROM, 2.5+, max UDMA/100
[    3.421654] scsi 0:0:0:0: Direct-Access     ATA      QEMU HARDDISK    2.5+ PQ: 0 ANSI: 5
[    3.426478] scsi 0:0:0:0: Attached scsi generic sg0 type 0
[    3.429098] sd 0:0:0:0: [sda] 20971520 512-byte logical blocks: (10.7 GB/10.0 GiB)
[    3.430225] sd 0:0:0:0: [sda] Write Protect is off
[    3.430978] sd 0:0:0:0: [sda] Write cache: enabled, read cache: enabled, doesn't support DPO or FUA
[    3.435233] scsi 1:0:0:0: CD-ROM            QEMU     QEMU DVD-ROM     2.5+ PQ: 0 ANSI: 5
[    3.449820] sd 0:0:0:0: [sda] Attached SCSI disk
[    3.451994] sr 1:0:0:0: [sr0] scsi3-mmc drive: 4x/4x cd/rw xa/form2 tray
[    3.452705] cdrom: Uniform CD-ROM driver Revision: 3.20
[    3.473856] sr 1:0:0:0: Attached scsi generic sg1 type 5
[    3.495995] random: fast init done
[    3.913101] input: ImExPS/2 Generic Explorer Mouse as /devices/platform/i8042/serio1/input/input3
[    3.950753] ACPI: \_SB_.LNKC: Enabled at IRQ 10
[    3.956386] snd_hda_intel 0000:00:03.0: Cannot probe codecs, giving up
[    3.962702] Initializing XFRM netlink socket
[    3.964954] NET: Registered PF_INET6 protocol family
[    3.969450] Segment Routing with IPv6
[    3.970043] In-situ OAM (IOAM) with IPv6
[    3.971062] sit: IPv6, IPv4 and MPLS over IPv4 tunneling driver
[    3.973502] NET: Registered PF_PACKET protocol family
[    3.974322] Bluetooth: RFCOMM TTY layer initialized
[    3.974812] Bluetooth: RFCOMM socket layer initialized
[    3.975402] Bluetooth: RFCOMM ver 1.11
[    3.975795] Bluetooth: BNEP (Ethernet Emulation) ver 1.3
[    3.976363] Bluetooth: BNEP filters: protocol multicast
[    3.977553] Bluetooth: BNEP socket layer initialized
[    3.978656] Bluetooth: HIDP (Human Interface Emulation) ver 1.2
[    3.979408] Bluetooth: HIDP socket layer initialized
[    3.980531] 9pnet: Installing 9P2000 support
[    3.981190] Key type dns_resolver registered
[    3.988154] IPI shorthand broadcast: enabled
[    3.988743] sched_clock: Marking stable (3905803255, 82762074)->(3996008069, -7442740)
[    3.990153] registered taskstats version 1
[    3.990577] Loading compiled-in X.509 certificates
[    4.001796] PM:   Magic number: 14:415:984
[    4.002665] printk: console [netcon0] enabled
[    4.003391] netconsole: network logging started
[    4.007225] cfg80211: Loading compiled-in X.509 certificates for regulatory database
[    4.010509] kworker/u2:1 (75) used greatest stack depth: 13568 bytes left
[    4.015028] cfg80211: Loaded X.509 cert 'sforshee: 00b28ddf47aef9cea7'
[    4.016518] platform regulatory.0: Direct firmware load for regulatory.db failed with error -2
[    4.017554] cfg80211: failed to load regulatory.db
[    4.018705] ALSA device list:
[    4.018995]   No soundcards found.
[    4.021897] md: Waiting for all devices to be available before autodetect
[    4.022618] md: If you don't use raid, use raid=noautodetect
[    4.023162] md: Autodetecting RAID arrays.
[    4.023715] md: autorun ...
[    4.023985] md: ... autorun DONE.
[    4.046995] EXT4-fs (sda): mounted filesystem with ordered data mode. Quota mode: none.
[    4.048048] VFS: Mounted root (ext4 filesystem) on device 8:0.
[    4.051333] devtmpfs: mounted
[    4.054188] Freeing unused kernel image (initmem) memory: 1504K
[    4.055115] Write protecting the kernel read-only data: 34816k
[    4.061667] Freeing unused kernel image (text/rodata gap) memory: 2032K
[    4.063376] Freeing unused kernel image (rodata/data gap) memory: 600K
[    4.064083] Run /sbin/init as init process
[    4.246595] systemd[1]: systemd 250.3-4-arch running in system mode (+PAM +AUDIT -SELINUX -APPARMOR -IMA +SMACK +SECCOMP +GCRYPT +GNUTLS +OPENSSL +ACL +BLKID +CURL +ELFUTILS +FIDO2 +IDN2 -IDN +IPTC +KMOD +LIBCRYPTSETUP +LIBFDISK +PCRE2 -PWQUALITY +P11KIT -QRENCODE +BZIP2 +LZ4 +XZ +ZLIB +ZSTD -BPF_FRAMEWORK +XKBCOMMON +UTMP -SYSVINIT default-hierarchy=unified)
[    4.250889] systemd[1]: Detected virtualization kvm.
[    4.251626] systemd[1]: Detected architecture x86-64.

Welcome to [38;2;23;147;209mArch Linux[0m!

[    4.256150] systemd[1]: Hostname set to <fuzzmachine>.
[    4.343459] 10-arch (83) used greatest stack depth: 12280 bytes left
[    4.691511] systemd-run-gen (93) used greatest stack depth: 11736 bytes left
[    4.980643] systemd[1]: Queued start job for default target Graphical Interface.
[    4.985860] random: systemd: uninitialized urandom read (16 bytes read)
[    4.992627] systemd[1]: Created slice Slice /system/getty.
[[0;32m  OK  [0m] Created slice [0;1;39mSlice /system/getty[0m.
[    4.996528] random: systemd: uninitialized urandom read (16 bytes read)
[    5.000751] systemd[1]: Created slice Slice /system/modprobe.
[[0;32m  OK  [0m] Created slice [0;1;39mSlice /system/modprobe[0m.
[    5.007173] random: systemd: uninitialized urandom read (16 bytes read)
[    5.011479] systemd[1]: Created slice Slice /system/serial-getty.
[[0;32m  OK  [0m] Created slice [0;1;39mSlice /system/serial-getty[0m.
[    5.019983] systemd[1]: Created slice User and Session Slice.
[[0;32m  OK  [0m] Created slice [0;1;39mUser and Session Slice[0m.
[    5.026801] systemd[1]: Started Dispatch Password Requests to Console Directory Watch.
[[0;32m  OK  [0m] Started [0;1;39mDispatch Password â€¦ts to Console Directory Watch[0m.
[    5.030477] systemd[1]: Started Forward Password Requests to Wall Directory Watch.
[[0;32m  OK  [0m] Started [0;1;39mForward Password Râ€¦uests to Wall Directory Watch[0m.
[    5.042067] systemd[1]: Set up automount Arbitrary Executable File Formats File System Automount Point.
[[0;32m  OK  [0m] Set up automount [0;1;39mArbitraryâ€¦s File System Automount Point[0m.
[    5.044576] systemd[1]: Reached target Local Encrypted Volumes.
[[0;32m  OK  [0m] Reached target [0;1;39mLocal Encrypted Volumes[0m.
[    5.051362] systemd[1]: Reached target Local Integrity Protected Volumes.
[[0;32m  OK  [0m] Reached target [0;1;39mLocal Integrity Protected Volumes[0m.
[    5.053167] systemd[1]: Reached target Path Units.
[[0;32m  OK  [0m] Reached target [0;1;39mPath Units[0m.
[    5.055572] systemd[1]: Reached target Remote File Systems.
[[0;32m  OK  [0m] Reached target [0;1;39mRemote File Systems[0m.
[    5.062255] systemd[1]: Reached target Slice Units.
[[0;32m  OK  [0m] Reached target [0;1;39mSlice Units[0m.
[    5.063715] systemd[1]: Reached target Swaps.
[[0;32m  OK  [0m] Reached target [0;1;39mSwaps[0m.
[    5.065263] systemd[1]: Reached target Local Verity Protected Volumes.
[[0;32m  OK  [0m] Reached target [0;1;39mLocal Verity Protected Volumes[0m.
[    5.075151] systemd[1]: Listening on Device-mapper event daemon FIFOs.
[[0;32m  OK  [0m] Listening on [0;1;39mDevice-mapper event daemon FIFOs[0m.
[    5.083441] systemd[1]: Listening on LVM2 poll daemon socket.
[[0;32m  OK  [0m] Listening on [0;1;39mLVM2 poll daemon socket[0m.
[    5.093693] systemd[1]: Listening on Process Core Dump Socket.
[[0;32m  OK  [0m] Listening on [0;1;39mProcess Core Dump Socket[0m.
[    5.098504] systemd[1]: Listening on Journal Audit Socket.
[[0;32m  OK  [0m] Listening on [0;1;39mJournal Audit Socket[0m.
[    5.104640] systemd[1]: Listening on Journal Socket (/dev/log).
[[0;32m  OK  [0m] Listening on [0;1;39mJournal Socket (/dev/log)[0m.
[    5.111372] systemd[1]: Listening on Journal Socket.
[[0;32m  OK  [0m] Listening on [0;1;39mJournal Socket[0m.
[    5.116214] systemd[1]: Listening on udev Control Socket.
[[0;32m  OK  [0m] Listening on [0;1;39mudev Control Socket[0m.
[    5.123000] systemd[1]: Listening on udev Kernel Socket.
[[0;32m  OK  [0m] Listening on [0;1;39mudev Kernel Socket[0m.
[    5.133563] systemd[1]: Mounting Huge Pages File System...
         Mounting [0;1;39mHuge Pages File System[0m...
[    5.148774] systemd[1]: Mounting POSIX Message Queue File System...
         Mounting [0;1;39mPOSIX Message Queue File System[0m...
[    5.169585] systemd[1]: Mounting Kernel Debug File System...
         Mounting [0;1;39mKernel Debug File System[0m...
[    5.191217] systemd[1]: Mounting Kernel Trace File System...
         Mounting [0;1;39mKernel Trace File System[0m...
[    5.211440] systemd[1]: Mounting Temporary Directory /tmp...
         Mounting [0;1;39mTemporary Directory /tmp[0m...
[    5.218705] systemd[1]: Create List of Static Device Nodes was skipped because of a failed condition check (ConditionFileNotEmpty=/lib/modules/5.17.0-rc6-00116-g9797235a6909/modules.devname).
[    5.245023] systemd[1]: Starting Monitoring of LVM2 mirrors, snapshots etc. using dmeventd or progress polling...
         Starting [0;1;39mMonitoring of LVMâ€¦meventd or progress polling[0m...
[    5.266039] systemd[1]: Starting Load Kernel Module configfs...
         Starting [0;1;39mLoad Kernel Module configfs[0m...
[    5.291699] systemd[1]: Starting Load Kernel Module drm...
         Starting [0;1;39mLoad Kernel Module drm[0m...
[    5.325789] systemd[1]: Starting Load Kernel Module fuse...
         Starting [0;1;39mLoad Kernel Module fuse[0m...
[    5.342900] systemd[1]: systemd-journald.service: unit configures an IP firewall, but the local system does not support BPF/cgroup firewalling.
[    5.351372] systemd[1]: (This warning is only shown for the first unit using IP firewalling.)
[    5.367125] random: crng init done
[    5.367539] random: 7 urandom warning(s) missed due to ratelimiting
[    5.369558] systemd[1]: Starting Journal Service...
         Starting [0;1;39mJournal Service[0m...
[    5.398030] systemd[1]: Starting Load Kernel Modules...
         Starting [0;1;39mLoad Kernel Modules[0m...
[    5.426872] systemd[1]: Starting Remount Root and Kernel File Systems...
         Starting [0;1;39mRemount Root and Kernel File Systems[0m...
[    5.436805] systemd[1]: Repartition Root Disk was skipped because all trigger condition checks failed.
[    5.474892] systemd[1]: Starting Coldplug All udev Devices...
         Starting [0;1;39mColdplug All udev Devices[0m...
[    5.565244] systemd[1]: Mounted Huge Pages File System.
[[0;32m  OK  [0m] Mounted [0;1;39mHuge Pages File System[0m.
[    5.591868] systemd[1]: Mounted POSIX Message Queue File System.
[[0;32m  OK  [0m] Mounted [0;1;39mPOSIX Message Queue File System[0m.
[    5.606141] systemd[1]: Mounted Kernel Debug File System.
[[0;32m  OK  [0m] Mounted [0;1;39mKernel Debug File System[0m.
[    5.616444] systemd[1]: Mounted Kernel Trace File System.
[[0;32m  OK  [0m] Mounted [0;1;39mKernel Trace File System[0m.
[    5.624067] systemd[1]: Mounted Temporary Directory /tmp.
[[0;32m  OK  [0m] Mounted [0;1;39mTemporary Directory /tmp[0m.
[    5.637499] systemd[1]: Finished Monitoring of LVM2 mirrors, snapshots etc. using dmeventd or progress polling.
[[0;32m  OK  [0m] Finished [0;1;39mMonitoring of LVMâ€¦ dmeventd or progress polling[0m.
[    5.659749] systemd[1]: modprobe@configfs.service: Deactivated successfully.
[    5.664773] systemd[1]: Finished Load Kernel Module configfs.
[[0;32m  OK  [0m] Finished [0;1;39mLoad Kernel Module configfs[0m.
[    5.679156] systemd[1]: modprobe@drm.service: Deactivated successfully.
[    5.685587] systemd[1]: Finished Load Kernel Module drm.
[[0;32m  OK  [0m] Finished [0;1;39mLoad Kernel Module drm[0m.
[    5.691673] audit: type=1130 audit(1646999830.461:2): pid=1 uid=0 auid=4294967295 ses=4294967295 subj=kernel msg='unit=modprobe@drm comm="systemd" exe="/usr/lib/systemd/systemd" hostname=? addr=? terminal=? res=success'
[    5.693899] audit: type=1131 audit(1646999830.463:3): pid=1 uid=0 auid=4294967295 ses=4294967295 subj=kernel msg='unit=modprobe@drm comm="systemd" exe="/usr/lib/systemd/systemd" hostname=? addr=? terminal=? res=success'
[    5.705370] systemd[1]: modprobe@fuse.service: Deactivated successfully.
[    5.711415] systemd[1]: Finished Load Kernel Module fuse.
[[0;32m  OK  [0m] Finished [0;1;39mLoad Kernel Module fuse[0m.
[    5.718599] audit: type=1130 audit(1646999830.488:4): pid=1 uid=0 auid=4294967295 ses=4294967295 subj=kernel msg='unit=modprobe@fuse comm="systemd" exe="/usr/lib/systemd/systemd" hostname=? addr=? terminal=? res=success'
[    5.720866] audit: type=1131 audit(1646999830.490:5): pid=1 uid=0 auid=4294967295 ses=4294967295 subj=kernel msg='unit=modprobe@fuse comm="systemd" exe="/usr/lib/systemd/systemd" hostname=? addr=? terminal=? res=success'
[    5.724635] systemd[1]: systemd-modules-load.service: Main process exited, code=exited, status=1/FAILURE
[    5.731745] systemd[1]: systemd-modules-load.service: Failed with result 'exit-code'.
[    5.739857] systemd[1]: Failed to start Load Kernel Modules.
[[0;1;31mFAILED[0m] Failed to start [0;1;39mLoad Kernel Modules[0m.
See 'systemctl status systemd-modules-load.service' for details.
[    5.748686] audit: type=1130 audit(1646999830.518:6): pid=1 uid=0 auid=4294967295 ses=4294967295 subj=kernel msg='unit=systemd-modules-load comm="systemd" exe="/usr/lib/systemd/systemd" hostname=? addr=? terminal=? res=failed'
[    5.757435] systemd[1]: Finished Remount Root and Kernel File Systems.
[[0;32m  OK  [0m] Finished [0;1;39mRemount Root and Kernel File Systems[0m.
[    5.762518] audit: type=1130 audit(1646999830.532:7): pid=1 uid=0 auid=4294967295 ses=4294967295 subj=kernel msg='unit=systemd-remount-fs comm="systemd" exe="/usr/lib/systemd/systemd" hostname=? addr=? terminal=? res=success'
[    5.770710] systemd[1]: FUSE Control File System was skipped because of a failed condition check (ConditionPathExists=/sys/fs/fuse/connections).
[    5.791651] systemd[1]: Mounting Kernel Configuration File System...
         Mounting [0;1;39mKernel Configuration File System[0m...
[    5.799799] systemd[1]: First Boot Wizard was skipped because of a failed condition check (ConditionFirstBoot=yes).
[    5.810008] systemd[1]: Rebuild Hardware Database was skipped because all trigger condition checks failed.
[    5.842925] systemd[1]: Starting Load/Save Random Seed...
         Starting [0;1;39mLoad/Save Random Seed[0m...
[    5.868998] systemd[1]: Starting Apply Kernel Variables...
         Starting [0;1;39mApply Kernel Variables[0m...
[    5.903674] systemd[1]: Starting Create System Users...
         Starting [0;1;39mCreate System Users[0m...
[    5.975976] systemd[1]: Mounted Kernel Configuration File System.
[[0;32m  OK  [0m] Mounted [0;1;39mKernel Configuration File System[0m.
[    6.100030] systemd[1]: Finished Load/Save Random Seed.
[[0;32m  OK  [0m] Finished [0;1;39mLoad/Save Random Seed[0m.
[    6.104514] audit: type=1130 audit(1646999830.874:8): pid=1 uid=0 auid=4294967295 ses=4294967295 subj=kernel msg='unit=systemd-random-seed comm="systemd" exe="/usr/lib/systemd/systemd" hostname=? addr=? terminal=? res=success'
[    6.110564] systemd[1]: First Boot Complete was skipped because of a failed condition check (ConditionFirstBoot=yes).
[    6.157021] systemd[1]: Finished Apply Kernel Variables.
[[0;32m  OK  [0m] Finished [0;1;39mApply Kernel Variables[0m.
[    6.160480] audit: type=1130 audit(1646999830.930:9): pid=1 uid=0 auid=4294967295 ses=4294967295 subj=kernel msg='unit=systemd-sysctl comm="systemd" exe="/usr/lib/systemd/systemd" hostname=? addr=? terminal=? res=success'
[    6.221248] systemd[1]: Finished Create System Users.
[[0;32m  OK  [0m] Finished [0;1;39mCreate System Users[0m.
[    6.225502] audit: type=1130 audit(1646999830.995:10): pid=1 uid=0 auid=4294967295 ses=4294967295 subj=kernel msg='unit=systemd-sysusers comm="systemd" exe="/usr/lib/systemd/systemd" hostname=? addr=? terminal=? res=success'
[    6.246490] systemd[1]: Starting Create Static Device Nodes in /dev...
         Starting [0;1;39mCreate Static Device Nodes in /dev[0m...
[    6.362936] systemd[1]: Started Journal Service.
[[0;32m  OK  [0m] Started [0;1;39mJournal Service[0m.
[    6.364693] audit: type=1130 audit(1646999831.134:11): pid=1 uid=0 auid=4294967295 ses=4294967295 subj=kernel msg='unit=systemd-journald comm="systemd" exe="/usr/lib/systemd/systemd" hostname=? addr=? terminal=? res=success'
[    6.374666] systemd-modules-load[106]: Failed to look up module alias 'crypto_user': Function not implemented
         Starting [0;1;39mFlush Journal to Persistent Storage[0m...
[    6.508633] systemd-journald[105]: Received client request to flush runtime journal.
[[0;32m  OK  [0m] Finished [0;1;39mFlush Journal to Persistent Storage[0m.
[[0;32m  OK  [0m] Finished [0;1;39mCreate Static Device Nodes in /dev[0m.
[[0;32m  OK  [0m] Reached target [0;1;39mPreparation for Local File Systems[0m.
[[0;32m  OK  [0m] Reached target [0;1;39mLocal File Systems[0m.
         Starting [0;1;39mRebuild Dynamic Linker Cache[0m...
         Starting [0;1;39mCreate Volatile Files and Directories[0m...
         Starting [0;1;39mRule-based Manageâ€¦for Device Events and Files[0m...
[[0;32m  OK  [0m] Finished [0;1;39mCreate Volatile Files and Directories[0m.
         Starting [0;1;39mRebuild Journal Catalog[0m...
         Starting [0;1;39mRecord System Boot/Shutdown in UTMP[0m...
[[0;32m  OK  [0m] Started [0;1;39mRule-based Manager for Device Events and Files[0m.
[[0;32m  OK  [0m] Finished [0;1;39mRecord System Boot/Shutdown in UTMP[0m.
[    8.587987] journalctl (121) used greatest stack depth: 11672 bytes left
[[0;32m  OK  [0m] Finished [0;1;39mRebuild Journal Catalog[0m.
[[0;32m  OK  [0m] Finished [0;1;39mColdplug All udev Devices[0m.
[[0;32m  OK  [0m] Found device [0;1;39m/dev/ttyS0[0m.
         Starting [0;1;39mLoad Kernel Module fuse[0m...
         Starting [0;1;39mLoad Kernel Modules[0m...

[   10.723073] kauditd_printk_skb: 8 callbacks suppressed
[   10.723081] audit: type=1130 audit(1646999835.492:20): pid=1 uid=0 auid=4294967295 ses=4294967295 subj=kernel msg='unit=ldconfig comm="systemd" exe="/usr/lib/systemd/systemd" hostname=? addr=? terminal=? res=success'
[[0;32m  OK  [0m] Finished [0;1;39mLoad Kernel Module fuse[0m.
[   10.852912] audit: type=1130 audit(1646999835.622:21): pid=1 uid=0 auid=4294967295 ses=4294967295 subj=kernel msg='unit=modprobe@fuse comm="systemd" exe="/usr/lib/systemd/systemd" hostname=? addr=? terminal=? res=success'
[   10.855140] audit: type=1131 audit(1646999835.624:22): pid=1 uid=0 auid=4294967295 ses=4294967295 subj=kernel msg='unit=modprobe@fuse comm="systemd" exe="/usr/lib/systemd/systemd" hostname=? addr=? terminal=? res=success'

         Starting [0;1;39mUpdate is Completed[0m...
[   11.157878] systemd-modules-load[146]: Failed to look up module alias 'crypto_user': Function not implemented
         Starting [0;1;39mLoad/Save RF Kill Switch Status[0m...
[   11.197354] systemd[1]: systemd-modules-load.service: Main process exited, code=exited, status=1/FAILURE
[   11.217131] systemd[1]: systemd-modules-load.service: Failed with result 'exit-code'.
[   11.229631] systemd[1]: Failed to start Load Kernel Modules.
[[0;1;31mFAILED[0m] Failed to start [0;1;39mLoad Kernel Modules[0m.
See 'systemctl status systemd-modules-load.service' for details.
[   11.243627] audit: type=1130 audit(1646999836.013:23): pid=1 uid=0 auid=4294967295 ses=4294967295 subj=kernel msg='unit=systemd-modules-load comm="systemd" exe="/usr/lib/systemd/systemd" hostname=? addr=? terminal=? res=failed'
[[0;32m  OK  [0m] Finished [0;1;39mUpdate is Completed[0m.
[   11.323475] audit: type=1130 audit(1646999836.093:24): pid=1 uid=0 auid=4294967295 ses=4294967295 subj=kernel msg='unit=systemd-update-done comm="systemd" exe="/usr/lib/systemd/systemd" hostname=? addr=? terminal=? res=success'
[[0;32m  OK  [0m] Reached target [0;1;39mSystem Initialization[0m.

[[0;32m  OK  [0m] Started [0;1;39mDaily Cleanup of Temporary Directories[0m.
[[0;32m  OK  [0m] Reached target [0;1;39mTimer Units[0m.
[[0;32m  OK  [0m] Listening on [0;1;39mD-Bus System Message Bus Socket[0m.
[[0;32m  OK  [0m] Reached target [0;1;39mSocket Units[0m.
[[0;32m  OK  [0m] Reached target [0;1;39mBasic System[0m.
         Starting [0;1;39mBluetooth service[0m...
         Starting [0;1;39mD-Bus System Message Bus[0m...
         Starting [0;1;39mdhcpcd on all interfaces[0m...
         Starting [0;1;39mUser Login Management[0m...
[[0;32m  OK  [0m] Started [0;1;39mLoad/Save RF Kill Switch Status[0m.
[   11.500795] audit: type=1130 audit(1646999836.270:25): pid=1 uid=0 auid=4294967295 ses=4294967295 subj=kernel msg='unit=systemd-rfkill comm="systemd" exe="/usr/lib/systemd/systemd" hostname=? addr=? terminal=? res=success'

[   11.583199] audit: type=1130 audit(1646999836.352:26): pid=1 uid=0 auid=4294967295 ses=4294967295 subj=kernel msg='unit=shadow comm="systemd" exe="/usr/lib/systemd/systemd" hostname=? addr=? terminal=? res=success'
[   11.711266] dhcpcd[157]: no valid interfaces found
[[0;32m  OK  [0m] Started [0;1;39mdhcpcd on all interfaces[0m.
[   11.716418] audit: type=1130 audit(1646999836.486:27): pid=1 uid=0 auid=4294967295 ses=4294967295 subj=kernel msg='unit=dhcpcd comm="systemd" exe="/usr/lib/systemd/systemd" hostname=? addr=? terminal=? res=success'
[[0;32m  OK  [0m] Reached target [0;1;39mNetwork[0m.
         Starting [0;1;39mPermit User Sessions[0m...
[[0;32m  OK  [0m] Finished [0;1;39mPermit User Sessions[0m.
[   11.888758] audit: type=1130 audit(1646999836.658:28): pid=1 uid=0 auid=4294967295 ses=4294967295 subj=kernel msg='unit=systemd-user-sessions comm="systemd" exe="/usr/lib/systemd/systemd" hostname=? addr=? terminal=? res=success'
[[0;32m  OK  [0m] Started [0;1;39mGetty on tty1[0m.
[   11.916819] audit: type=1130 audit(1646999836.686:29): pid=1 uid=0 auid=4294967295 ses=4294967295 subj=kernel msg='unit=getty@tty1 comm="systemd" exe="/usr/lib/systemd/systemd" hostname=? addr=? terminal=? res=success'
[[0;32m  OK  [0m] Started [0;1;39mSerial Getty on ttyS0[0m.
[[0;32m  OK  [0m] Reached target [0;1;39mLogin Prompts[0m.
[[0;32m  OK  [0m] Started [0;1;39mD-Bus System Message Bus[0m.
[[0;32m  OK  [0m] Started [0;1;39mBluetooth service[0m.
[[0;32m  OK  [0m] Reached target [0;1;39mBluetooth Support[0m.
         Starting [0;1;39mHostname Service[0m...
[[0;32m  OK  [0m] Started [0;1;39mUser Login Management[0m.
[[0;32m  OK  [0m] Reached target [0;1;39mMulti-User System[0m.
[[0;32m  OK  [0m] Reached target [0;1;39mGraphical Interface[0m.
[[0;32m  OK  [0m] Started [0;1;39mHostname Service[0m.


Arch Linux 5.17.0-rc6-00116-g9797235a6909 (ttyS0)

[   13.884901] Bluetooth: hci0: unexpected event for opcode 0x0c23
[   13.908382] Bluetooth: hci0: unexpected event for opcode 0x0c14
[   13.928325] Bluetooth: hci0: unexpected event for opcode 0x0c25
[   13.948268] Bluetooth: hci0: unexpected event for opcode 0x0c38
[   13.971630] Bluetooth: hci0: unexpected event for opcode 0x0c16
[   13.991588] Bluetooth: hci0: unexpected event for opcode 0x2002
[   14.011584] Bluetooth: hci0: unexpected event for opcode 0x1002
[   14.031613] Bluetooth: hci0: unexpected event for opcode 0x0c52
[   14.054852] Bluetooth: hci0: unexpected event for opcode 0x0c58
[   14.074947] Bluetooth: hci0: unexpected event for opcode 0x0c01
[   14.101513] Bluetooth: hci0: unexpected event for opcode 0x0c0d
[   14.121509] Bluetooth: hci0: unexpected event for opcode 0x0c46
[   14.144854] Bluetooth: hci0: unexpected event for opcode 0x200f
[   14.164842] Bluetooth: hci0: unexpected event for opcode 0x2010
[   14.184848] Bluetooth: hci0: unexpected event for opcode 0x0c12
[   14.204790] Bluetooth: hci0: unexpected event for opcode 0x0c03
[   14.224799] Bluetooth: hci0: unexpected event for opcode 0x1003
[   14.244797] Bluetooth: hci0: unexpected event for opcode 0x1001
[   14.264810] Bluetooth: hci0: unexpected event for opcode 0x1005
[   14.284800] Bluetooth: hci0: unexpected event for opcode 0x0c23
[   14.304932] Bluetooth: hci0: unexpected event for opcode 0x0c39
[   14.324818] Bluetooth: hci0: unexpected event for opcode 0x2002
[   14.344845] Bluetooth: hci0: unexpected event for opcode 0x2003
[   14.364866] Bluetooth: hci0: unexpected event for opcode 0x0c45
[   14.384879] Bluetooth: hci0: unexpected event for opcode 0x0c01
[   14.404846] Bluetooth: hci0: unexpected event for opcode 0x2001
[   14.424885] Bluetooth: hci0: unexpected event for opcode 0x2007
[   14.444942] Bluetooth: hci0: unexpected event for opcode 0x200f
[   14.464900] Bluetooth: hci0: unexpected event for opcode 0x2010
[   14.484786] Bluetooth: hci0: unexpected event for opcode 0x0c12
[   14.504945] Bluetooth: hci0: unexpected event 0x3d length: 25 > 14
[   14.528127] Bluetooth: hci0: unexpected event 0x3d length: 25 > 14
[   14.548084] Bluetooth: hci0: unexpected event 0x3d length: 25 > 14
[   14.568089] Bluetooth: hci0: unexpected event 0x3d length: 25 > 14
[   14.588073] Bluetooth: hci0: unexpected event 0x3d length: 34 > 14
[   14.608144] Bluetooth: hci0: unexpected event 0x3d length: 40 > 14
[   14.628181] Bluetooth: hci0: unexpected event 0x3d length: 36 > 14
[   14.648064] Bluetooth: hci0: Received unexpected HCI Event 0x00
[   14.671536] Bluetooth: hci0: unexpected event 0x3d length: 33 > 14
[   14.691535] Bluetooth: hci0: unexpected event 0x3d length: 35 > 14
[   14.714883] Bluetooth: hci0: unexpected event 0x3d length: 29 > 14
[   14.974781] Bluetooth: hci0: unexpected event 0x3d length: 13 < 14
[   15.078201] Bluetooth: hci0: ACL packet for unknown connection handle 1847
[   15.158144] Bluetooth: hci0: Malformed Event: 0x13
[   15.248140] Bluetooth: hci0: unexpected event 0x3d length: 6 < 14
[   15.328412] Bluetooth: hci0: Unknown advertising packet type: 0x99f8
[   15.328491] Bluetooth: hci0: Malformed LE Event: 0x0d
[   15.348224] Bluetooth: hci0: Unknown advertising packet type: 0xc12
[   15.348259] Bluetooth: hci0: Unknown advertising packet type: 0xfffe
[   15.349651] Bluetooth: hci0: Unknown advertising packet type: 0xb700
[   15.350651] Bluetooth: hci0: Unknown advertising packet type: 0x5000
[   15.351711] Bluetooth: hci0: Malformed LE Event: 0x0d
[   15.378153] Bluetooth: hci0: unexpected subevent 0x0d length: 609 > 260
[   15.379356] Bluetooth: hci0: Unknown advertising packet type: 0xc12
[   15.379388] Bluetooth: hci0: Unknown advertising packet type: 0xfffe
[   15.380390] Bluetooth: hci0: Unknown advertising packet type: 0xb700
[   15.381428] Bluetooth: hci0: Unknown advertising packet type: 0x5000
[   15.382429] Bluetooth: hci0: Unknown advertising packet type: 0x1200
[   15.383507] Bluetooth: hci0: Malformed LE Event: 0x0d
[   15.408157] Bluetooth: hci0: Malformed LE Event: 0x0d
[   15.434827] Bluetooth: hci0: Malformed LE Event: 0x0d
[   15.454831] Bluetooth: hci0: Malformed LE Event: 0x0d
[   15.478195] Bluetooth: hci0: Malformed LE Event: 0x0d
[   15.498137] Bluetooth: hci0: unexpected subevent 0x0d length: 496 > 260
[   15.499626] Bluetooth: hci0: Malformed LE Event: 0x0d
[   15.518125] Bluetooth: hci0: unexpected subevent 0x0d length: 483 > 260
[   15.519699] Bluetooth: hci0: Malformed LE Event: 0x0d
[   15.538102] Bluetooth: hci0: unexpected subevent 0x0d length: 803 > 260
[   15.539686] Bluetooth: hci0: Malformed LE Event: 0x0d
[   15.558204] Bluetooth: hci0: unexpected subevent 0x0d length: 417 > 260
[   15.559844] Bluetooth: hci0: Malformed LE Event: 0x0d
[   15.578116] Bluetooth: hci0: unexpected subevent 0x0d length: 906 > 260
[   15.579414] Bluetooth: hci0: Malformed LE Event: 0x0d
[   15.601426] Bluetooth: hci0: Received unexpected HCI Event 0x00
[   15.621443] Bluetooth: hci0: unexpected subevent 0x0d length: 702 > 260
[   15.622689] Bluetooth: hci0: Malformed LE Event: 0x0d
[   15.644832] Bluetooth: hci0: Malformed LE Event: 0x0d
[   15.684797] Bluetooth: hci0: unexpected subevent 0x0d length: 589 > 260
[   15.686136] Bluetooth: hci0: Malformed LE Event: 0x0d
[   15.704785] Bluetooth: hci0: unexpected subevent 0x0d length: 707 > 260
[   15.706027] Bluetooth: hci0: Malformed LE Event: 0x0d
[   15.731482] Bluetooth: hci0: unexpected subevent 0x0d length: 506 > 260
[   15.733005] Bluetooth: hci0: Malformed LE Event: 0x0d
[   15.751489] Bluetooth: hci0: unexpected subevent 0x0d length: 318 > 260
[   15.752832] Bluetooth: hci0: Malformed LE Event: 0x0d
[   15.801430] Bluetooth: hci0: Malformed LE Event: 0x0d
[   15.821450] Bluetooth: hci0: unexpected subevent 0x0d length: 463 > 260
[   15.822724] Bluetooth: hci0: Malformed LE Event: 0x0d
[   15.841465] Bluetooth: hci0: unexpected subevent 0x0d length: 282 > 260
[   15.842650] Bluetooth: hci0: Malformed LE Event: 0x0d
[   15.861528] Bluetooth: hci0: unexpected subevent 0x0d length: 580 > 260
[   15.862788] Bluetooth: hci0: Malformed LE Event: 0x0d
[   15.881425] Bluetooth: hci0: unexpected subevent 0x0d length: 393 > 260
[   15.882644] Bluetooth: hci0: Malformed LE Event: 0x0d
[   15.901505] Bluetooth: hci0: unexpected subevent 0x0d length: 509 > 260
[   15.902706] Bluetooth: hci0: Malformed LE Event: 0x0d
[   15.921463] Bluetooth: hci0: unexpected subevent 0x0c length: 284 > 5
[   15.941458] Bluetooth: hci0: unexpected subevent 0x0d length: 518 > 260
[   15.942781] Bluetooth: hci0: Malformed LE Event: 0x0d
[   15.961417] Bluetooth: hci0: unexpected subevent 0x0d length: 517 > 260
[   15.962692] Bluetooth: hci0: Malformed LE Event: 0x0d
[   15.981389] Bluetooth: hci0: Received unexpected HCI Event 0x00
[   16.001538] Bluetooth: hci0: unexpected subevent 0x03 length: 126 > 9
[   16.021471] Bluetooth: hci0: Malformed LE Event: 0x0d
[   16.044845] Bluetooth: hci0: unexpected subevent 0x0d length: 652 > 260
[   16.046133] Bluetooth: hci0: Malformed LE Event: 0x0d
[   16.064823] Bluetooth: hci0: unexpected subevent 0x0d length: 578 > 260
[   16.066074] Bluetooth: hci0: Malformed LE Event: 0x0d
[   16.088116] bluetoothd[151]: Loading LTKs timed out for hci0
[   16.111455] Bluetooth: hci0: unexpected subevent 0x0d length: 578 > 260
[   16.112697] Bluetooth: hci0: Malformed LE Event: 0x0d
[   16.131486] Bluetooth: hci0: Malformed LE Event: 0x0d
[   16.154922] Bluetooth: hci0: Received unexpected HCI Event 0x00
[   16.174935] Bluetooth: hci0: unexpected subevent 0x0d length: 586 > 260
[   16.176247] Bluetooth: hci0: Malformed LE Event: 0x0d
[   16.198138] Bluetooth: hci0: unexpected subevent 0x0d length: 578 > 260
[   16.199698] Bluetooth: hci0: Malformed LE Event: 0x0d
[   16.218246] Bluetooth: hci0: unexpected subevent 0x0d length: 429 > 260
[   16.219530] Bluetooth: hci0: Malformed LE Event: 0x0d
[   16.241543] Bluetooth: hci0: Malformed LE Event: 0x0d
[   16.264784] Bluetooth: hci0: unexpected subevent 0x0d length: 718 > 260
[   16.266110] Bluetooth: hci0: Malformed LE Event: 0x0d
[   16.284848] Bluetooth: hci0: unexpected subevent 0x0d length: 582 > 260
[   16.286434] Bluetooth: hci0: Malformed LE Event: 0x0d
[   16.308139] Bluetooth: hci0: unexpected subevent 0x0d length: 578 > 260
[   16.309693] Bluetooth: hci0: Malformed LE Event: 0x0d
[   16.328079] Bluetooth: hci0: Received unexpected HCI Event 0x00
[   16.362675] kauditd_printk_skb: 6 callbacks suppressed
[   16.362689] audit: type=1131 audit(1646999841.132:36): pid=1 uid=0 auid=4294967295 ses=4294967295 subj=kernel msg='unit=systemd-rfkill comm="systemd" exe="/usr/lib/systemd/systemd" hostname=? addr=? terminal=? res=success'
[   16.374707] Bluetooth: hci0: unexpected subevent 0x0d length: 449 > 260
[   16.375905] Bluetooth: hci0: Malformed LE Event: 0x0d
[   16.398166] Bluetooth: hci0: Malformed LE Event: 0x0d
[   16.418089] Bluetooth: hci0: unexpected subevent 0x0d length: 602 > 260
[   16.419447] Bluetooth: hci0: Malformed LE Event: 0x0d
[   16.438087] Bluetooth: hci0: unexpected subevent 0x0d length: 558 > 260
[   16.439376] Bluetooth: hci0: Malformed LE Event: 0x0d
[   16.461490] Bluetooth: hci0: Malformed LE Event: 0x0d
[   16.484888] Bluetooth: hci0: unexpected subevent 0x0d length: 593 > 260
[   16.486161] Bluetooth: hci0: Malformed LE Event: 0x0d
[   16.508142] Bluetooth: hci0: unexpected subevent 0x0d length: 596 > 260
[   16.509498] Bluetooth: hci0: Malformed LE Event: 0x0d
[   16.531517] Bluetooth: hci0: Malformed LE Event: 0x0d
[   16.558154] Bluetooth: hci0: Malformed LE Event: 0x0d
[   16.578150] Bluetooth: hci0: unexpected subevent 0x0d length: 578 > 260
[   16.579388] Bluetooth: hci0: Malformed LE Event: 0x0d
[   16.598139] Bluetooth: hci0: Malformed LE Event: 0x0d
[   16.618158] Bluetooth: hci0: unexpected subevent 0x0d length: 417 > 260
[   16.619373] Bluetooth: hci0: Malformed LE Event: 0x0d
[   16.638218] Bluetooth: hci0: unexpected subevent 0x0d length: 629 > 260
[   16.639515] Bluetooth: hci0: Malformed LE Event: 0x0d
[   16.658182] Bluetooth: hci0: Malformed LE Event: 0x0d
[   16.678185] Bluetooth: hci0: Malformed LE Event: 0x0d
[   16.701457] Bluetooth: hci0: unexpected subevent 0x0d length: 598 > 260
[   16.702712] Bluetooth: hci0: Malformed LE Event: 0x0d
[   16.724850] Bluetooth: hci0: unexpected subevent 0x0d length: 567 > 260
[   16.726057] Bluetooth: hci0: Malformed LE Event: 0x0d
[   16.748132] Bluetooth: hci0: Malformed Event: 0x2f
[   16.771487] Bluetooth: hci0: unexpected subevent 0x0d length: 675 > 260
[   16.772900] Bluetooth: hci0: Malformed LE Event: 0x0d
[   16.804455] Bluetooth: hci0: unexpected subevent 0x0d length: 322 > 260
[   16.805774] Bluetooth: hci0: Malformed LE Event: 0x0d
[   16.828101] Bluetooth: hci0: unexpected subevent 0x0d length: 677 > 260
[   16.829629] Bluetooth: hci0: Malformed LE Event: 0x0d
[   16.848215] Bluetooth: hci0: unexpected subevent 0x0d length: 667 > 260
[   16.849724] Bluetooth: hci0: Malformed LE Event: 0x0d
[   16.871476] Bluetooth: hci0: unexpected subevent 0x0d length: 456 > 260
[   16.872794] Bluetooth: hci0: Malformed LE Event: 0x0d
[   16.914850] Bluetooth: hci0: unexpected subevent 0x0d length: 667 > 260
[   16.916559] Bluetooth: hci0: Malformed LE Event: 0x0d
[   16.934847] Bluetooth: hci0: Malformed LE Event: 0x0d
[   16.954754] Bluetooth: hci0: unexpected subevent 0x0d length: 669 > 260
[   16.956197] Bluetooth: hci0: Malformed LE Event: 0x0d
[   16.981616] Bluetooth: hci0: unexpected subevent 0x0d length: 497 > 260
[   16.983027] Bluetooth: hci0: Malformed LE Event: 0x0d
[   17.001445] Bluetooth: hci0: unexpected subevent 0x0d length: 682 > 260
[   17.002901] Bluetooth: hci0: Malformed LE Event: 0x0d
[   17.021472] Bluetooth: hci0: Malformed LE Event: 0x0d
[   17.041433] Bluetooth: hci0: unexpected subevent 0x0d length: 682 > 260
[   17.042970] Bluetooth: hci0: Malformed LE Event: 0x0d
[   17.061449] Bluetooth: hci0: unexpected subevent 0x0d length: 310 > 260
[   17.062862] Bluetooth: hci0: Malformed LE Event: 0x0d
[   17.081468] Bluetooth: hci0: unexpected subevent 0x0d length: 681 > 260
[   17.083016] Bluetooth: hci0: Malformed LE Event: 0x0d
[   17.101617] Bluetooth: hci0: unexpected subevent 0x0d length: 679 > 260
[   17.102977] Bluetooth: hci0: Malformed LE Event: 0x0d
[   17.121454] Bluetooth: hci0: unexpected subevent 0x0d length: 679 > 260
[   17.122656] Bluetooth: hci0: Malformed LE Event: 0x0d
[   17.144782] Bluetooth: hci0: unexpected subevent 0x0d length: 355 > 260
[   17.146400] Bluetooth: hci0: Malformed LE Event: 0x0d
[   17.164813] Bluetooth: hci0: unexpected subevent 0x0d length: 596 > 260
[   17.166484] Bluetooth: hci0: Malformed LE Event: 0x0d
[   17.184938] Bluetooth: hci0: unexpected subevent 0x0d length: 280 > 260
[   17.186530] Bluetooth: hci0: Malformed LE Event: 0x0d
[   17.211591] Bluetooth: hci0: Malformed LE Event: 0x0d
[   17.234789] Bluetooth: hci0: Malformed LE Event: 0x0d
[   17.254771] Bluetooth: hci0: unexpected subevent 0x0d length: 337 > 260
[   17.256008] Bluetooth: hci0: Malformed LE Event: 0x0d
[   17.274827] Bluetooth: hci0: unexpected subevent 0x0d length: 378 > 260
[   17.276009] Bluetooth: hci0: Malformed LE Event: 0x0d
[   17.294987] Bluetooth: hci0: unexpected subevent 0x0d length: 667 > 260
[   17.296264] Bluetooth: hci0: Malformed LE Event: 0x0d
[   17.314860] Bluetooth: hci0: unexpected subevent 0x0d length: 667 > 260
[   17.316222] Bluetooth: hci0: Malformed LE Event: 0x0d
[   17.341505] Bluetooth: hci0: unexpected subevent 0x0d length: 613 > 260
[   17.342650] Bluetooth: hci0: Malformed LE Event: 0x0d
[   17.361457] Bluetooth: hci0: unexpected subevent 0x0d length: 275 > 260
[   17.362714] Bluetooth: hci0: Malformed LE Event: 0x0d
[   17.381518] Bluetooth: hci0: Malformed LE Event: 0x0d
[   17.404787] Bluetooth: hci0: unexpected subevent 0x0d length: 678 > 260
[   17.405962] Bluetooth: hci0: Malformed LE Event: 0x0d
[   17.424832] Bluetooth: hci0: Malformed LE Event: 0x0d
[   17.448180] Bluetooth: hci0: Received unexpected HCI Event 0x00
[   17.468149] Bluetooth: hci0: unexpected subevent 0x0d length: 607 > 260
[   17.469541] Bluetooth: hci0: Malformed LE Event: 0x0d
[   17.494858] Bluetooth: hci0: unexpected subevent 0x0d length: 671 > 260
[   17.496381] Bluetooth: hci0: Malformed LE Event: 0x0d
[   17.514849] Bluetooth: hci0: unexpected subevent 0x0d length: 548 > 260
[   17.516663] Bluetooth: hci0: Malformed LE Event: 0x0d
[   18.244861] Bluetooth: hci0: Malformed LE Event: 0x0d
[   18.264786] Bluetooth: hci0: unexpected subevent 0x0d length: 334 > 260
[   18.265700] Bluetooth: hci0: Malformed LE Event: 0x0d
[   18.284853] Bluetooth: hci0: unexpected cc 0x0c47 length: 14 > 1
[   18.285889] Bluetooth: hci0: unexpected event for opcode 0x0c47
[   18.308328] Bluetooth: hci0: unexpected event for opcode 0x0e47
[   18.371488] Bluetooth: hci0: unexpected cc 0x0c47 length: 148 > 1
[   18.372202] Bluetooth: hci0: unexpected event for opcode 0x0c47
[   18.391460] Bluetooth: hci0: unexpected cc 0x0c47 length: 24 > 1
[   18.392066] Bluetooth: hci0: unexpected event for opcode 0x0c47
[   18.411554] Bluetooth: hci0: unexpected cc 0x0c47 length: 14 > 1
[   18.412556] Bluetooth: hci0: unexpected event for opcode 0x0c47
[   18.434830] Bluetooth: hci0: unexpected cc 0x0c47 length: 24 > 1
[   18.435619] Bluetooth: hci0: unexpected event for opcode 0x0c47
[   18.458189] Bluetooth: hci0: unexpected cc 0x0c47 length: 11 > 1
[   18.459169] Bluetooth: hci0: unexpected event for opcode 0x0c47
[   18.501498] Bluetooth: hci0: unexpected cc 0x0c46 length: 14 > 2
[   18.502476] Bluetooth: hci0: unexpected event for opcode 0x0c46
[   18.524821] Bluetooth: hci0: unexpected cc 0x0c47 length: 14 > 1
[   18.526063] Bluetooth: hci0: unexpected event for opcode 0x0c47
[   18.564972] Bluetooth: hci0: unexpected event for opcode 0xe847
[   18.584933] Bluetooth: hci0: unexpected event for opcode 0x0101
[   18.608215] Bluetooth: hci0: unexpected cc 0x0c47 length: 15 > 1
[   18.609364] Bluetooth: hci0: unexpected event for opcode 0x0c47
[   18.671563] Bluetooth: hci0: unexpected event for opcode 0x0447
[   18.738125] Bluetooth: hci0: Received unexpected HCI Event 0x00
[   18.764916] Bluetooth: hci0: unexpected event for opcode 0x1047
[   18.784805] Bluetooth: hci0: unexpected event 0x0e length: 1 < 3
[   18.804776] Bluetooth: hci0: Received unexpected HCI Event 0x00
[   18.824821] Bluetooth: hci0: unexpected event for opcode 0x4545
[   18.844936] Bluetooth: hci0: unexpected event for opcode 0x050e
[   18.864851] Bluetooth: hci0: unexpected cc 0x0c47 length: 14 > 1
[   18.865981] Bluetooth: hci0: unexpected event for opcode 0x0c47
[   18.905082] Bluetooth: hci0: unexpected event for opcode 0x0407
[   18.924805] Bluetooth: hci0: unexpected event for opcode 0x007f
[   18.944796] Bluetooth: hci0: unexpected event for opcode 0x0407
[   18.964825] Bluetooth: hci0: unexpected event for opcode 0xce01
[   18.984811] Bluetooth: hci0: unexpected event for opcode 0x0407
[   19.004957] Bluetooth: hci0: unexpected event for opcode 0x7400
[   19.044760] Bluetooth: unknown link type 153
[   19.064837] Bluetooth: hci0: unexpected event for opcode 0x3c3c
[   19.084812] Bluetooth: hci0: unexpected event for opcode 0x6807
[   19.104832] Bluetooth: hci0: unexpected event for opcode 0x6896
[   19.124856] Bluetooth: hci0: unexpected event for opcode 0x0407
[   19.144779] Bluetooth: hci0: unexpected event for opcode 0x0407
[   19.164813] Bluetooth: hci0: unexpected event for opcode 0x0407
[   19.184916] Bluetooth: hci0: unexpected event for opcode 0x9907
[   19.204779] Bluetooth: hci0: unexpected subevent 0x01 length: 20 > 18
[   19.248124] Bluetooth: hci0: unexpected subevent 0x01 length: 21 > 18
[   19.348176] Bluetooth: hci0: unexpected subevent 0x01 length: 21 > 18
[   19.356042] bluetoothd[151]: src/device.c:device_add_connection() Device EC:EC:18:00:00:EC is already connected
[   19.361566] bluetoothd[151]: Device is already marked as connected
[   19.378164] Bluetooth: hci0: unexpected subevent 0x01 length: 21 > 18
[   19.379408] debugfs: Directory '0' with parent 'hci0' already present!
[   19.380594] sysfs: cannot create duplicate filename '/devices/virtual/bluetooth/hci0/hci0:0'
[   19.381926] CPU: 0 PID: 42 Comm: kworker/u3:0 Not tainted 5.17.0-rc6-00116-g9797235a6909 #22
[   19.383199] Hardware name: QEMU Standard PC (i440FX + PIIX, 1996), BIOS rel-1.14.0-0-g155821a1990b-prebuilt.qemu.org 04/01/2014
[   19.384897] Workqueue: hci0 hci_rx_work
[   19.385493] Call Trace:
[   19.385871]  <TASK>
[   19.386210]  dump_stack_lvl+0x45/0x59
[   19.386784]  dump_stack+0xc/0xd
[   19.387275]  sysfs_warn_dup.cold+0x17/0x25
[   19.387958]  sysfs_create_dir_ns+0x100/0x110
[   19.388819]  kobject_add_internal+0x140/0x470
[   19.389935]  kobject_add+0x9d/0xd0
[   19.390505]  ? get_device_parent+0x5f/0x2c0
[   19.391169]  device_add+0x1bb/0xe70
[   19.391742]  ? kobject_set_name_vargs+0x90/0xb0
[   19.392446]  ? dev_set_name+0x4e/0x70
[   19.393065]  hci_conn_add_sysfs+0x56/0xc0
[   19.393721]  le_conn_complete_evt.part.0+0xaa4/0x12b0
[   19.394532]  hci_le_conn_complete_evt+0x121/0x130
[   19.395278]  hci_le_meta_evt+0x17d/0x280
[   19.395890]  ? hci_le_enh_conn_complete_evt+0x130/0x130
[   19.396694]  hci_event_packet+0x42e/0xa30
[   19.397315]  ? hci_cc_le_read_max_data_len+0xf0/0xf0
[   19.398128]  ? perf_trace_drv_tdls_channel_switch.cold+0x1f/0x2d
[   19.399024]  hci_rx_work+0x410/0xa90
[   19.399574]  process_one_work+0x5d8/0xb70
[   19.400196]  worker_thread+0x305/0x820
[   19.400759]  ? _raw_spin_unlock_irqrestore+0x28/0x50
[   19.401510]  ? process_one_work+0xb70/0xb70
[   19.402123]  kthread+0x17c/0x1b0
[   19.402600]  ? kthread_complete_and_exit+0x20/0x20
[   19.403348]  ret_from_fork+0x1f/0x30
[   19.403899]  </TASK>
[   19.404303] kobject_add_internal failed for hci0:0 with -EEXIST, don't try to register things with the same name in the same directory.
[   19.406079] Bluetooth: hci0: failed to register connection device
[   19.448328] Bluetooth: hci0: unexpected subevent 0x01 length: 26 > 18
[   19.449748] Bluetooth: hci0: Ignoring HCI_LE_Connection_Complete for invalid handle
[   19.474786] Bluetooth: hci0: unexpected subevent 0x01 length: 21 > 18
[   19.476008] debugfs: Directory '0' with parent 'hci0' already present!
[   19.477100] sysfs: cannot create duplicate filename '/devices/virtual/bluetooth/hci0/hci0:0'
[   19.478420] CPU: 0 PID: 42 Comm: kworker/u3:0 Not tainted 5.17.0-rc6-00116-g9797235a6909 #22
[   19.479693] Hardware name: QEMU Standard PC (i440FX + PIIX, 1996), BIOS rel-1.14.0-0-g155821a1990b-prebuilt.qemu.org 04/01/2014
[   19.481410] Workqueue: hci0 hci_rx_work
[   19.482018] Call Trace:
[   19.482434]  <TASK>
[   19.482796]  dump_stack_lvl+0x45/0x59
[   19.483416]  dump_stack+0xc/0xd
[   19.483949]  sysfs_warn_dup.cold+0x17/0x25
[   19.484662]  sysfs_create_dir_ns+0x100/0x110
[   19.485413]  kobject_add_internal+0x140/0x470
[   19.486161]  kobject_add+0x9d/0xd0
[   19.486743]  ? get_device_parent+0x5f/0x2c0
[   19.487395]  device_add+0x1bb/0xe70
[   19.487955]  ? kobject_set_name_vargs+0x90/0xb0
[   19.488648]  ? dev_set_name+0x4e/0x70
[   19.489226]  hci_conn_add_sysfs+0x56/0xc0
[   19.489845]  le_conn_complete_evt.part.0+0xaa4/0x12b0
[   19.490629]  hci_le_conn_complete_evt+0x121/0x130
[   19.491437]  hci_le_meta_evt+0x17d/0x280
[   19.492197]  ? hci_le_enh_conn_complete_evt+0x130/0x130
[   19.493065]  hci_event_packet+0x42e/0xa30
[   19.493736]  ? hci_cc_le_read_max_data_len+0xf0/0xf0
[   19.494588]  ? perf_trace_drv_tdls_channel_switch.cold+0x1f/0x2d
[   19.495681]  hci_rx_work+0x410/0xa90
[   19.496394]  process_one_work+0x5d8/0xb70
[   19.497192]  worker_thread+0x305/0x820
[   19.497865]  ? _raw_spin_unlock_irqrestore+0x28/0x50
[   19.498713]  ? process_one_work+0xb70/0xb70
[   19.499414]  kthread+0x17c/0x1b0
[   19.499961]  ? kthread_complete_and_exit+0x20/0x20
[   19.500756]  ret_from_fork+0x1f/0x30
[   19.501406]  </TASK>
[   19.501843] kobject_add_internal failed for hci0:0 with -EEXIST, don't try to register things with the same name in the same directory.
[   19.503832] Bluetooth: hci0: failed to register connection device
[   19.528173] bt_warn_ratelimited: 131 callbacks suppressed
[   19.528185] Bluetooth: hci0: unexpected event 0x01 length: 69 > 1
[   19.548114] Bluetooth: hci0: unexpected subevent 0x01 length: 27 > 18
[   19.549976] debugfs: Directory '0' with parent 'hci0' already present!
[   19.550796] sysfs: cannot create duplicate filename '/devices/virtual/bluetooth/hci0/hci0:0'
[   19.551809] CPU: 0 PID: 42 Comm: kworker/u3:0 Not tainted 5.17.0-rc6-00116-g9797235a6909 #22
[   19.552752] Hardware name: QEMU Standard PC (i440FX + PIIX, 1996), BIOS rel-1.14.0-0-g155821a1990b-prebuilt.qemu.org 04/01/2014
[   19.554015] Workqueue: hci0 hci_rx_work
[   19.554466] Call Trace:
[   19.554855]  <TASK>
[   19.555169]  dump_stack_lvl+0x45/0x59
[   19.555691]  dump_stack+0xc/0xd
[   19.556140]  sysfs_warn_dup.cold+0x17/0x25
[   19.556719]  sysfs_create_dir_ns+0x100/0x110
[   19.557320]  kobject_add_internal+0x140/0x470
[   19.557960]  kobject_add+0x9d/0xd0
[   19.558353]  ? get_device_parent+0x5f/0x2c0
[   19.558839]  device_add+0x1bb/0xe70
[   19.559246]  ? kobject_set_name_vargs+0x90/0xb0
[   19.559763]  ? dev_set_name+0x4e/0x70
[   19.560196]  hci_conn_add_sysfs+0x56/0xc0
[   19.560657]  le_conn_complete_evt.part.0+0xaa4/0x12b0
[   19.561255]  hci_le_conn_complete_evt+0x121/0x130
[   19.561798]  hci_le_meta_evt+0x17d/0x280
[   19.562249]  ? hci_le_enh_conn_complete_evt+0x130/0x130
[   19.562842]  hci_event_packet+0x42e/0xa30
[   19.563301]  ? hci_cc_le_read_max_data_len+0xf0/0xf0
[   19.563862]  ? perf_trace_drv_tdls_channel_switch.cold+0x1f/0x2d
[   19.564606]  hci_rx_work+0x410/0xa90
[   19.565188]  process_one_work+0x5d8/0xb70
[   19.565669]  worker_thread+0x305/0x820
[   19.566103]  ? _raw_spin_unlock_irqrestore+0x28/0x50
[   19.566677]  ? process_one_work+0xb70/0xb70
[   19.567154]  kthread+0x17c/0x1b0
[   19.567527]  ? kthread_complete_and_exit+0x20/0x20
[   19.568078]  ret_from_fork+0x1f/0x30
[   19.568506]  </TASK>
[   19.568804] kobject_add_internal failed for hci0:0 with -EEXIST, don't try to register things with the same name in the same directory.
[   19.570155] Bluetooth: hci0: failed to register connection device
[   19.588073] Bluetooth: hci0: unexpected subevent 0x01 length: 70 > 18
[   19.614760] Bluetooth: hci0: unexpected subevent 0x01 length: 54 > 18
[   19.622168] bluetoothd[151]: src/device.c:load_gatt_db() Unable to load key file from /var/lib/bluetooth/00:1A:7D:DA:71:13/cache/00:7F:01:0D:3E:04: (No such file or directory)
[   19.625051] bluetoothd[151]: src/device.c:load_gatt_db() No cache for 00:7F:01:0D:3E:04
[   19.638040] Bluetooth: hci0: unexpected subevent 0x01 length: 27 > 18
[   19.638901] debugfs: Directory '0' with parent 'hci0' already present!
[   19.639568] sysfs: cannot create duplicate filename '/devices/virtual/bluetooth/hci0/hci0:0'
[   19.640362] CPU: 0 PID: 42 Comm: kworker/u3:0 Not tainted 5.17.0-rc6-00116-g9797235a6909 #22
[   19.641136] Hardware name: QEMU Standard PC (i440FX + PIIX, 1996), BIOS rel-1.14.0-0-g155821a1990b-prebuilt.qemu.org 04/01/2014
[   19.642175] Workqueue: hci0 hci_rx_work
[   19.642543] Call Trace:
[   19.642777]  <TASK>
[   19.642981]  dump_stack_lvl+0x45/0x59
[   19.643330]  dump_stack+0xc/0xd
[   19.643630]  sysfs_warn_dup.cold+0x17/0x25
[   19.644020]  sysfs_create_dir_ns+0x100/0x110
[   19.644429]  kobject_add_internal+0x140/0x470
[   19.646118]  kobject_add+0x9d/0xd0
[   19.646809]  ? get_device_parent+0x5f/0x2c0
[   19.647501]  device_add+0x1bb/0xe70
[   19.648091]  ? kobject_set_name_vargs+0x90/0xb0
[   19.648834]  ? dev_set_name+0x4e/0x70
[   19.649271]  hci_conn_add_sysfs+0x56/0xc0
[   19.649678]  le_conn_complete_evt.part.0+0xaa4/0x12b0
[   19.650193]  hci_le_conn_complete_evt+0x121/0x130
[   19.650664]  hci_le_meta_evt+0x17d/0x280
[   19.651059]  ? hci_le_enh_conn_complete_evt+0x130/0x130
[   19.651588]  hci_event_packet+0x42e/0xa30
[   19.651994]  ? hci_cc_le_read_max_data_len+0xf0/0xf0
[   19.652488]  ? perf_trace_drv_tdls_channel_switch.cold+0x1f/0x2d
[   19.653086]  hci_rx_work+0x410/0xa90
[   19.653456]  process_one_work+0x5d8/0xb70
[   19.653876]  worker_thread+0x305/0x820
[   19.654260]  ? _raw_spin_unlock_irqrestore+0x28/0x50
[   19.654785]  ? process_one_work+0xb70/0xb70
[   19.655201]  kthread+0x17c/0x1b0
[   19.655530]  ? kthread_complete_and_exit+0x20/0x20
[   19.656008]  ret_from_fork+0x1f/0x30
[   19.656384]  </TASK>
[   19.656656] kobject_add_internal failed for hci0:0 with -EEXIST, don't try to register things with the same name in the same directory.
[   19.657846] Bluetooth: hci0: failed to register connection device
[   19.659861] bluetoothd[151]: src/device.c:device_add_connection() Device EC:EC:18:00:00:EC is already connected
[   19.660941] bluetoothd[151]: Device is already marked as connected
[   19.724963] Bluetooth: hci0: Received unexpected HCI Event 0x00
[   19.788330] Bluetooth: hci0: unexpected subevent 0x01 length: 21 > 18
[   19.811433] Bluetooth: hci0: unexpected subevent 0x01 length: 40 > 18
[   19.812685] debugfs: Directory '0' with parent 'hci0' already present!
[   19.813859] sysfs: cannot create duplicate filename '/devices/virtual/bluetooth/hci0/hci0:0'
[   19.815557] CPU: 0 PID: 42 Comm: kworker/u3:0 Not tainted 5.17.0-rc6-00116-g9797235a6909 #22
[   19.817476] Hardware name: QEMU Standard PC (i440FX + PIIX, 1996), BIOS rel-1.14.0-0-g155821a1990b-prebuilt.qemu.org 04/01/2014
[   19.819906] Workqueue: hci0 hci_rx_work
[   19.820558] Call Trace:
[   19.820975]  <TASK>
[   19.821353]  dump_stack_lvl+0x45/0x59
[   19.821998]  dump_stack+0xc/0xd
[   19.822691]  sysfs_warn_dup.cold+0x17/0x25
[   19.823576]  sysfs_create_dir_ns+0x100/0x110
[   19.824499]  kobject_add_internal+0x140/0x470
[   19.825461]  kobject_add+0x9d/0xd0
[   19.826205]  ? get_device_parent+0x5f/0x2c0
[   19.827112]  device_add+0x1bb/0xe70
[   19.827889]  ? kobject_set_name_vargs+0x90/0xb0
[   19.828860]  ? dev_set_name+0x4e/0x70
[   19.829662]  hci_conn_add_sysfs+0x56/0xc0
[   19.830522]  le_conn_complete_evt.part.0+0xaa4/0x12b0
[   19.831574]  hci_le_conn_complete_evt+0x121/0x130
[   19.832371]  hci_le_meta_evt+0x17d/0x280
[   19.833033]  ? hci_le_enh_conn_complete_evt+0x130/0x130
[   19.833903]  hci_event_packet+0x42e/0xa30
[   19.834584]  ? hci_cc_le_read_max_data_len+0xf0/0xf0
[   19.835407]  ? perf_trace_drv_tdls_channel_switch.cold+0x1f/0x2d
[   19.836408]  hci_rx_work+0x410/0xa90
[   19.837030]  process_one_work+0x5d8/0xb70
[   19.837732]  worker_thread+0x305/0x820
[   19.838555]  ? _raw_spin_unlock_irqrestore+0x28/0x50
[   19.839684]  ? process_one_work+0xb70/0xb70
[   19.840696]  kthread+0x17c/0x1b0
[   19.841403]  ? kthread_complete_and_exit+0x20/0x20
[   19.842256]  ret_from_fork+0x1f/0x30
[   19.842885]  </TASK>
[   19.843355] kobject_add_internal failed for hci0:0 with -EEXIST, don't try to register things with the same name in the same directory.
[   19.845361] Bluetooth: hci0: failed to register connection device
[   19.884804] Bluetooth: hci0: unexpected subevent 0x01 length: 28 > 18
[   19.885982] Bluetooth: hci0: Ignoring HCI_LE_Connection_Complete for invalid handle
[   19.908253] Bluetooth: hci0: unexpected subevent 0x01 length: 21 > 18
[   19.909574] debugfs: Directory '0' with parent 'hci0' already present!
[   19.910660] sysfs: cannot create duplicate filename '/devices/virtual/bluetooth/hci0/hci0:0'
[   19.911971] CPU: 0 PID: 42 Comm: kworker/u3:0 Not tainted 5.17.0-rc6-00116-g9797235a6909 #22
[   19.913239] Hardware name: QEMU Standard PC (i440FX + PIIX, 1996), BIOS rel-1.14.0-0-g155821a1990b-prebuilt.qemu.org 04/01/2014
[   19.915071] Workqueue: hci0 hci_rx_work
[   19.915983] Call Trace:
[   19.916523]  <TASK>
[   19.916996]  dump_stack_lvl+0x45/0x59
[   19.917699]  dump_stack+0xc/0xd
[   19.918210]  sysfs_warn_dup.cold+0x17/0x25
[   19.918846]  sysfs_create_dir_ns+0x100/0x110
[   19.919506]  kobject_add_internal+0x140/0x470
[   19.920186]  kobject_add+0x9d/0xd0
[   19.920718]  ? get_device_parent+0x5f/0x2c0
[   19.921389]  device_add+0x1bb/0xe70
[   19.921924]  ? kobject_set_name_vargs+0x90/0xb0
[   19.922607]  ? dev_set_name+0x4e/0x70
[   19.923178]  hci_conn_add_sysfs+0x56/0xc0
[   19.923784]  le_conn_complete_evt.part.0+0xaa4/0x12b0
[   19.924580]  hci_le_conn_complete_evt+0x121/0x130
[   19.925305]  hci_le_meta_evt+0x17d/0x280
[   19.925903]  ? hci_le_enh_conn_complete_evt+0x130/0x130
[   19.926692]  hci_event_packet+0x42e/0xa30
[   19.927299]  ? hci_cc_le_read_max_data_len+0xf0/0xf0
[   19.928209]  ? perf_trace_drv_tdls_channel_switch.cold+0x1f/0x2d
[   19.929311]  hci_rx_work+0x410/0xa90
[   19.929882]  process_one_work+0x5d8/0xb70
[   19.930524]  worker_thread+0x305/0x820
[   19.931109]  ? _raw_spin_unlock_irqrestore+0x28/0x50
[   19.931902]  ? process_one_work+0xb70/0xb70
[   19.932550]  kthread+0x17c/0x1b0
[   19.933053]  ? kthread_complete_and_exit+0x20/0x20
[   19.933793]  ret_from_fork+0x1f/0x30
[   19.934375]  </TASK>
[   19.934799] kobject_add_internal failed for hci0:0 with -EEXIST, don't try to register things with the same name in the same directory.
[   19.936664] Bluetooth: hci0: failed to register connection device
[   19.954756] Bluetooth: hci0: unexpected subevent 0x04 length: 42 > 11
[   19.998150] Bluetooth: hci0: unexpected subevent 0x01 length: 21 > 18
[   19.999827] debugfs: Directory '0' with parent 'hci0' already present!
[   20.001015] sysfs: cannot create duplicate filename '/devices/virtual/bluetooth/hci0/hci0:0'
[   20.002639] CPU: 0 PID: 42 Comm: kworker/u3:0 Not tainted 5.17.0-rc6-00116-g9797235a6909 #22
[   20.004015] Hardware name: QEMU Standard PC (i440FX + PIIX, 1996), BIOS rel-1.14.0-0-g155821a1990b-prebuilt.qemu.org 04/01/2014
[   20.006007] Workqueue: hci0 hci_rx_work
[   20.006661] Call Trace:
[   20.007073]  <TASK>
[   20.007434]  dump_stack_lvl+0x45/0x59
[   20.008058]  dump_stack+0xc/0xd
[   20.008588]  sysfs_warn_dup.cold+0x17/0x25
[   20.009270]  sysfs_create_dir_ns+0x100/0x110
[   20.009978]  kobject_add_internal+0x140/0x470
[   20.010756]  kobject_add+0x9d/0xd0
[   20.011469]  ? get_device_parent+0x5f/0x2c0
[   20.012516]  device_add+0x1bb/0xe70
[   20.013325]  ? kobject_set_name_vargs+0x90/0xb0
[   20.014451]  ? dev_set_name+0x4e/0x70
[   20.015251]  hci_conn_add_sysfs+0x56/0xc0
[   20.015960]  le_conn_complete_evt.part.0+0xaa4/0x12b0
[   20.016833]  hci_le_conn_complete_evt+0x121/0x130
[   20.017625]  hci_le_meta_evt+0x17d/0x280
[   20.018324]  ? hci_le_enh_conn_complete_evt+0x130/0x130
[   20.019193]  hci_event_packet+0x42e/0xa30
[   20.019865]  ? hci_cc_le_read_max_data_len+0xf0/0xf0
[   20.020691]  ? perf_trace_drv_tdls_channel_switch.cold+0x1f/0x2d
[   20.021704]  hci_rx_work+0x410/0xa90
[   20.022328]  process_one_work+0x5d8/0xb70
[   20.023026]  worker_thread+0x305/0x820
[   20.023659]  ? _raw_spin_unlock_irqrestore+0x28/0x50
[   20.024494]  ? process_one_work+0xb70/0xb70
[   20.025567]  kthread+0x17c/0x1b0
[   20.026246]  ? kthread_complete_and_exit+0x20/0x20
[   20.027040]  ret_from_fork+0x1f/0x30
[   20.027668]  </TASK>
[   20.028112] kobject_add_internal failed for hci0:0 with -EEXIST, don't try to register things with the same name in the same directory.
[   20.030088] Bluetooth: hci0: failed to register connection device
[   20.034758] bluetoothd[151]: src/device.c:device_add_connection() Device EC:EC:18:00:00:EC is already connected
[   20.040484] bluetoothd[151]: Device is already marked as connected
[   20.058115] Bluetooth: hci0: unexpected event 0x3e length: 401 > 260
[   20.098126] Bluetooth: hci0: unexpected subevent 0x01 length: 17 < 18
[   20.118194] Bluetooth: hci0: ACL packet for unknown connection handle 2307
[   20.138375] Bluetooth: hci0: ACL packet for unknown connection handle 2307
[   20.158150] Bluetooth: hci0: ACL packet for unknown connection handle 514
[   20.178136] Bluetooth: hci0: ACL packet for unknown connection handle 4095
[   20.218104] Bluetooth: hci0: ACL packet for unknown connection handle 4095
[   20.238165] Bluetooth: hci0: ACL packet for unknown connection handle 4095
[   20.258129] Bluetooth: hci0: ACL packet for unknown connection handle 514
[   20.278122] Bluetooth: hci0: ACL packet for unknown connection handle 514
[   20.301697] Bluetooth: hci0: ACL packet for unknown connection handle 1879
[   20.328179] Bluetooth: hci0: ACL packet for unknown connection handle 1879
[   20.348212] bt_err_ratelimited: 284 callbacks suppressed
[   20.348227] Bluetooth: hci0: SCO packet for unknown connection handle 16
[   20.368123] Bluetooth: hci0: ACL packet for unknown connection handle 514
[   20.391518] Bluetooth: hci0: ACL packet for unknown connection handle 511
[   20.414866] Bluetooth: hci0: unexpected cc 0x0c47 length: 20 > 1
[   20.434911] Bluetooth: hci0: unexpected event for opcode 0x0023
[   20.458235] Bluetooth: hci0: unexpected event for opcode 0x0505
[   20.541437] Bluetooth: hci0: Received unexpected HCI Event 0x00
[   20.564920] Bluetooth: hci0: unexpected event for opcode 0x4047
[   20.584766] Bluetooth: hci0: Received unexpected HCI Event 0x00
[   20.604844] Bluetooth: hci0: unexpected event for opcode 0x0000
[   20.624845] Bluetooth: hci0: unexpected event for opcode 0x01ff
[   20.668404] Bluetooth: hci0: unexpected event for opcode 0x0e00
[   20.688390] Bluetooth: hci0: unexpected event for opcode 0x7a7a
[   20.708182] Bluetooth: hci0: Received unexpected HCI Event 0x00
[   20.731625] Bluetooth: hci0: unexpected cc 0x0c47 length: 20 > 1
[   20.732744] Bluetooth: hci0: unexpected event for opcode 0x0c47
[   20.754964] Bluetooth: hci0: unexpected event for opcode 0x0105
[   20.774884] Bluetooth: hci0: unexpected cc 0x0c47 length: 24 > 1
[   20.776028] Bluetooth: hci0: unexpected event for opcode 0x0c47
[   20.794794] Bluetooth: hci0: Received unexpected HCI Event 0x00
[   20.814922] Bluetooth: hci0: unexpected event for opcode 0x4001
[   20.834817] Bluetooth: hci0: unexpected event 0x0b length: 15 > 11
[   20.854801] Bluetooth: hci0: unexpected event 0x04 length: 63 > 10
[   20.855944] Bluetooth: unknown link type 40
[   20.874916] Bluetooth: hci0: unexpected cc 0x0c47 length: 30 > 1
[   20.876332] Bluetooth: hci0: unexpected event for opcode 0x0c47
[   20.898248] Bluetooth: hci0: unexpected event for opcode 0x0f0f
[   20.958389] Bluetooth: hci0: Malformed Event: 0x2f
[   20.978216] Bluetooth: hci0: Malformed Event: 0x2f
[   20.998222] Bluetooth: hci0: unexpected event 0x2f length: 268 > 260
[   21.045085] Bluetooth: hci0: Malformed Event: 0x2f
[   21.064831] Bluetooth: hci0: Malformed Event: 0x2f
[   21.084831] Bluetooth: hci0: Malformed Event: 0x2f
[   21.104784] Bluetooth: hci0: unexpected event 0x2f length: 270 > 260
[   21.124826] Bluetooth: hci0: Malformed Event: 0x2f
[   21.144785] Bluetooth: hci0: Malformed Event: 0x2f
[   21.168387] Bluetooth: hci0: Malformed Event: 0x2f
[   21.188165] Bluetooth: hci0: Malformed Event: 0x2f
[   21.208150] Bluetooth: hci0: Malformed Event: 0x2f
[   21.228142] Bluetooth: hci0: unexpected event 0x2f length: 299 > 260
[   21.268145] Bluetooth: hci0: Malformed Event: 0x2f
[   21.288154] Bluetooth: hci0: unexpected event 0x2f length: 268 > 260
[   21.308134] Bluetooth: hci0: Malformed Event: 0x2f
[   21.328263] Bluetooth: hci0: Malformed Event: 0x2f
[   21.354894] Bluetooth: hci0: unexpected event 0x2f length: 268 > 260
[   21.374812] Bluetooth: hci0: Malformed Event: 0x2f
[   21.394807] Bluetooth: hci0: Malformed Event: 0x2f
[   21.414823] Bluetooth: hci0: Malformed Event: 0x2f
[   21.434947] Bluetooth: hci0: unexpected event 0x2f length: 268 > 260
[   21.454823] Bluetooth: hci0: Malformed Event: 0x2f
[   21.534834] Bluetooth: hci0: Malformed Event: 0x2f
[   21.554831] Bluetooth: hci0: unexpected cc 0x1004 length: 32 > 11
[   21.555977] Bluetooth: hci0: unexpected event for opcode 0x1004
[   21.574962] Bluetooth: hci0: unexpected cc 0x1004 length: 18 > 11
[   21.576335] Bluetooth: hci0: unexpected event for opcode 0x1004
[   21.598332] Bluetooth: hci0: unexpected event for opcode 0x0300
[   21.664992] Bluetooth: hci0: unexpected event for opcode 0xffff
[   21.684901] Bluetooth: hci0: unexpected subevent 0x01 length: 50 > 18
[   21.704740] Bluetooth: hci0: unexpected subevent 0x01 length: 35 > 18
[   21.706002] debugfs: Directory '0' with parent 'hci0' already present!
[   21.707174] sysfs: cannot create duplicate filename '/devices/virtual/bluetooth/hci0/hci0:0'
[   21.708600] CPU: 0 PID: 42 Comm: kworker/u3:0 Not tainted 5.17.0-rc6-00116-g9797235a6909 #22
[   21.709957] Hardware name: QEMU Standard PC (i440FX + PIIX, 1996), BIOS rel-1.14.0-0-g155821a1990b-prebuilt.qemu.org 04/01/2014
[   21.711773] Workqueue: hci0 hci_rx_work
[   21.712421] Call Trace:
[   21.712833]  <TASK>
[   21.713192]  dump_stack_lvl+0x45/0x59
[   21.713805]  dump_stack+0xc/0xd
[   21.714328]  sysfs_warn_dup.cold+0x17/0x25
[   21.715198]  sysfs_create_dir_ns+0x100/0x110
[   21.715975]  kobject_add_internal+0x140/0x470
[   21.716715]  kobject_add+0x9d/0xd0
[   21.717295]  ? get_device_parent+0x5f/0x2c0
[   21.718034]  device_add+0x1bb/0xe70
[   21.718628]  ? kobject_set_name_vargs+0x90/0xb0
[   21.719381]  ? dev_set_name+0x4e/0x70
[   21.720010]  hci_conn_add_sysfs+0x56/0xc0
[   21.720681]  le_conn_complete_evt.part.0+0xaa4/0x12b0
[   21.721554]  hci_le_conn_complete_evt+0x121/0x130
[   21.722342]  hci_le_meta_evt+0x17d/0x280
[   21.722996]  ? hci_le_enh_conn_complete_evt+0x130/0x130
[   21.723860]  hci_event_packet+0x42e/0xa30
[   21.724531]  ? hci_cc_le_read_max_data_len+0xf0/0xf0
[   21.725350]  ? perf_trace_drv_tdls_channel_switch.cold+0x1f/0x2d
[   21.726348]  hci_rx_work+0x410/0xa90
[   21.726963]  process_one_work+0x5d8/0xb70
[   21.727657]  worker_thread+0x305/0x820
[   21.728448]  ? _raw_spin_unlock_irqrestore+0x28/0x50
[   21.729363]  ? process_one_work+0xb70/0xb70
[   21.730062]  kthread+0x17c/0x1b0
[   21.730606]  ? kthread_complete_and_exit+0x20/0x20
[   21.731412]  ret_from_fork+0x1f/0x30
[   21.732042]  </TASK>
[   21.732493] kobject_add_internal failed for hci0:0 with -EEXIST, don't try to register things with the same name in the same directory.
[   21.734491] Bluetooth: hci0: failed to register connection device
[   21.754197] bluetoothd[151]: src/device.c:load_gatt_db() Unable to load key file from /var/lib/bluetooth/00:1A:7D:DA:71:13/cache/01:93:02:00:FF:12: (No such file or directory)
[   21.756969] bluetoothd[151]: src/device.c:load_gatt_db() No cache for 01:93:02:00:FF:12
[   21.768133] Bluetooth: hci0: unexpected subevent 0x01 length: 50 > 18
[   21.768926] debugfs: Directory '0' with parent 'hci0' already present!
[   21.769640] sysfs: cannot create duplicate filename '/devices/virtual/bluetooth/hci0/hci0:0'
[   21.770478] CPU: 0 PID: 42 Comm: kworker/u3:0 Not tainted 5.17.0-rc6-00116-g9797235a6909 #22
[   21.771303] Hardware name: QEMU Standard PC (i440FX + PIIX, 1996), BIOS rel-1.14.0-0-g155821a1990b-prebuilt.qemu.org 04/01/2014
[   21.772399] Workqueue: hci0 hci_rx_work
[   21.772786] Call Trace:
[   21.773033]  <TASK>
[   21.773248]  dump_stack_lvl+0x45/0x59
[   21.773620]  dump_stack+0xc/0xd
[   21.773936]  sysfs_warn_dup.cold+0x17/0x25
[   21.774349]  sysfs_create_dir_ns+0x100/0x110
[   21.775436]  kobject_add_internal+0x140/0x470
[   21.776110]  kobject_add+0x9d/0xd0
[   21.776461]  ? get_device_parent+0x5f/0x2c0
[   21.776887]  device_add+0x1bb/0xe70
[   21.777253]  ? kobject_set_name_vargs+0x90/0xb0
[   21.777709]  ? dev_set_name+0x4e/0x70
[   21.778093]  hci_conn_add_sysfs+0x56/0xc0
[   21.778493]  le_conn_complete_evt.part.0+0xaa4/0x12b0
[   21.779004]  hci_le_conn_complete_evt+0x121/0x130
[   21.779477]  hci_le_meta_evt+0x17d/0x280
[   21.779872]  ? hci_le_enh_conn_complete_evt+0x130/0x130
[   21.780390]  hci_event_packet+0x42e/0xa30
[   21.780793]  ? hci_cc_le_read_max_data_len+0xf0/0xf0
[   21.781295]  ? perf_trace_drv_tdls_channel_switch.cold+0x1f/0x2d
[   21.781895]  hci_rx_work+0x410/0xa90
[   21.782270]  process_one_work+0x5d8/0xb70
[   21.782689]  worker_thread+0x305/0x820
[   21.783070]  ? _raw_spin_unlock_irqrestore+0x28/0x50
[   21.783576]  ? process_one_work+0xb70/0xb70
[   21.783995]  kthread+0x17c/0x1b0
[   21.784328]  ? kthread_complete_and_exit+0x20/0x20
[   21.784800]  ret_from_fork+0x1f/0x30
[   21.785169]  </TASK>
[   21.785426] kobject_add_internal failed for hci0:0 with -EEXIST, don't try to register things with the same name in the same directory.
[   21.786598] Bluetooth: hci0: failed to register connection device
[   21.808133] bluetoothd[151]: src/device.c:load_gatt_db() Unable to load key file from /var/lib/bluetooth/00:1A:7D:DA:71:13/cache/11:FE:93:04:00:C1: (No such file or directory)
[   21.810601] bluetoothd[151]: src/device.c:load_gatt_db() No cache for 11:FE:93:04:00:C1
[   21.831426] Bluetooth: hci0: unexpected subevent 0x01 length: 52 > 18
[   21.832216] debugfs: Directory '0' with parent 'hci0' already present!
[   21.832946] sysfs: cannot create duplicate filename '/devices/virtual/bluetooth/hci0/hci0:0'
[   21.833782] CPU: 0 PID: 42 Comm: kworker/u3:0 Not tainted 5.17.0-rc6-00116-g9797235a6909 #22
[   21.834651] Hardware name: QEMU Standard PC (i440FX + PIIX, 1996), BIOS rel-1.14.0-0-g155821a1990b-prebuilt.qemu.org 04/01/2014
[   21.835852] Workqueue: hci0 hci_rx_work
[   21.836248] Call Trace:
[   21.836497]  <TASK>
[   21.836716]  dump_stack_lvl+0x45/0x59
[   21.837087]  dump_stack+0xc/0xd
[   21.837407]  sysfs_warn_dup.cold+0x17/0x25
[   21.837824]  sysfs_create_dir_ns+0x100/0x110
[   21.838264]  kobject_add_internal+0x140/0x470
[   21.838693]  kobject_add+0x9d/0xd0
[   21.839031]  ? get_device_parent+0x5f/0x2c0
[   21.839437]  device_add+0x1bb/0xe70
[   21.839779]  ? kobject_set_name_vargs+0x90/0xb0
[   21.840203]  ? dev_set_name+0x4e/0x70
[   21.840560]  hci_conn_add_sysfs+0x56/0xc0
[   21.840943]  le_conn_complete_evt.part.0+0xaa4/0x12b0
[   21.841431]  hci_le_conn_complete_evt+0x121/0x130
[   21.841873]  hci_le_meta_evt+0x17d/0x280
[   21.842250]  ? hci_le_enh_conn_complete_evt+0x130/0x130
[   21.842748]  hci_event_packet+0x42e/0xa30
[   21.843129]  ? hci_cc_le_read_max_data_len+0xf0/0xf0
[   21.843596]  ? perf_trace_drv_tdls_channel_switch.cold+0x1f/0x2d
[   21.844172]  hci_rx_work+0x410/0xa90
[   21.844554]  process_one_work+0x5d8/0xb70
[   21.844967]  worker_thread+0x305/0x820
[   21.845355]  ? _raw_spin_unlock_irqrestore+0x28/0x50
[   21.845850]  ? process_one_work+0xb70/0xb70
[   21.846265]  kthread+0x17c/0x1b0
[   21.846589]  ? kthread_complete_and_exit+0x20/0x20
[   21.847064]  ret_from_fork+0x1f/0x30
[   21.847437]  </TASK>
[   21.847694] kobject_add_internal failed for hci0:0 with -EEXIST, don't try to register things with the same name in the same directory.
[   21.850074] Bluetooth: hci0: failed to register connection device
[   21.868220] Bluetooth: hci0: Received unexpected HCI Event 0x00
[   21.911759] Bluetooth: hci0: unexpected subevent 0x01 length: 34 > 18
[   21.913383] debugfs: Directory '0' with parent 'hci0' already present!
[   21.914466] sysfs: cannot create duplicate filename '/devices/virtual/bluetooth/hci0/hci0:0'
[   21.915780] CPU: 0 PID: 42 Comm: kworker/u3:0 Not tainted 5.17.0-rc6-00116-g9797235a6909 #22
[   21.917047] Hardware name: QEMU Standard PC (i440FX + PIIX, 1996), BIOS rel-1.14.0-0-g155821a1990b-prebuilt.qemu.org 04/01/2014
[   21.918753] Workqueue: hci0 hci_rx_work
[   21.919353] Call Trace:
[   21.919738]  <TASK>
[   21.920074]  dump_stack_lvl+0x45/0x59
[   21.920647]  dump_stack+0xc/0xd
[   21.921148]  sysfs_warn_dup.cold+0x17/0x25
[   21.921796]  sysfs_create_dir_ns+0x100/0x110
[   21.922455]  kobject_add_internal+0x140/0x470
[   21.923131]  kobject_add+0x9d/0xd0
[   21.923662]  ? get_device_parent+0x5f/0x2c0
[   21.924313]  device_add+0x1bb/0xe70
[   21.924878]  ? kobject_set_name_vargs+0x90/0xb0
[   21.925572]  ? dev_set_name+0x4e/0x70
[   21.926149]  hci_conn_add_sysfs+0x56/0xc0
[   21.926765]  le_conn_complete_evt.part.0+0xaa4/0x12b0
[   21.927547]  hci_le_conn_complete_evt+0x121/0x130
[   21.928281]  hci_le_meta_evt+0x17d/0x280
[   21.928880]  ? hci_le_enh_conn_complete_evt+0x130/0x130
[   21.929664]  hci_event_packet+0x42e/0xa30
[   21.930274]  ? hci_cc_le_read_max_data_len+0xf0/0xf0
[   21.931020]  ? perf_trace_drv_tdls_channel_switch.cold+0x1f/0x2d
[   21.932205]  hci_rx_work+0x410/0xa90
[   21.932784]  process_one_work+0x5d8/0xb70
[   21.933437]  worker_thread+0x305/0x820
[   21.934030]  ? _raw_spin_unlock_irqrestore+0x28/0x50
[   21.934807]  ? process_one_work+0xb70/0xb70
[   21.935444]  kthread+0x17c/0x1b0
[   21.935952]  ? kthread_complete_and_exit+0x20/0x20
[   21.936693]  ret_from_fork+0x1f/0x30
[   21.937278]  </TASK>
[   21.937678] kobject_add_internal failed for hci0:0 with -EEXIST, don't try to register things with the same name in the same directory.
[   21.939535] Bluetooth: hci0: failed to register connection device
[   21.958093] Bluetooth: hci0: unexpected subevent 0x01 length: 45 > 18
[   21.959250] debugfs: Directory '0' with parent 'hci0' already present!
[   21.960379] sysfs: cannot create duplicate filename '/devices/virtual/bluetooth/hci0/hci0:0'
[   21.961706] CPU: 0 PID: 42 Comm: kworker/u3:0 Not tainted 5.17.0-rc6-00116-g9797235a6909 #22
[   21.962710] Hardware name: QEMU Standard PC (i440FX + PIIX, 1996), BIOS rel-1.14.0-0-g155821a1990b-prebuilt.qemu.org 04/01/2014
[   21.963955] Workqueue: hci0 hci_rx_work
[   21.964400] Call Trace:
[   21.964691]  <TASK>
[   21.964938]  dump_stack_lvl+0x45/0x59
[   21.965361]  dump_stack+0xc/0xd
[   21.965731]  sysfs_warn_dup.cold+0x17/0x25
[   21.966232]  sysfs_create_dir_ns+0x100/0x110
[   21.966711]  kobject_add_internal+0x140/0x470
[   21.967150]  kobject_add+0x9d/0xd0
[   21.967495]  ? get_device_parent+0x5f/0x2c0
[   21.968519]  device_add+0x1bb/0xe70
[   21.969000]  ? kobject_set_name_vargs+0x90/0xb0
[   21.969727]  ? dev_set_name+0x4e/0x70
[   21.970233]  hci_conn_add_sysfs+0x56/0xc0
[   21.970613]  le_conn_complete_evt.part.0+0xaa4/0x12b0
[   21.971097]  hci_le_conn_complete_evt+0x121/0x130
[   21.971560]  hci_le_meta_evt+0x17d/0x280
[   21.971937]  ? hci_le_enh_conn_complete_evt+0x130/0x130
[   21.972439]  hci_event_packet+0x42e/0xa30
[   21.972815]  ? hci_cc_le_read_max_data_len+0xf0/0xf0
[   21.973292]  ? perf_trace_drv_tdls_channel_switch.cold+0x1f/0x2d
[   21.973892]  hci_rx_work+0x410/0xa90
[   21.974263]  process_one_work+0x5d8/0xb70
[   21.974687]  worker_thread+0x305/0x820
[   21.975042]  ? _raw_spin_unlock_irqrestore+0x28/0x50
[   21.975532]  ? process_one_work+0xb70/0xb70
[   21.975930]  kthread+0x17c/0x1b0
[   21.976247]  ? kthread_complete_and_exit+0x20/0x20
[   21.976717]  ret_from_fork+0x1f/0x30
[   21.977090]  </TASK>
[   21.977359] kobject_add_internal failed for hci0:0 with -EEXIST, don't try to register things with the same name in the same directory.
[   21.978724] Bluetooth: hci0: failed to register connection device
[   21.988203] bluetoothd[151]: src/device.c:load_gatt_db() Unable to load key file from /var/lib/bluetooth/00:1A:7D:DA:71:13/cache/12:FE:93:04:3E:3E: (No such file or directory)
[   21.990190] bluetoothd[151]: src/device.c:load_gatt_db() No cache for 12:FE:93:04:3E:3E
[   21.991207] bluetoothd[151]: src/device.c:device_add_connection() Device 12:FE:93:04:3E:3E is already connected
[   21.992894] bluetoothd[151]: Device is already marked as connected
[   22.004714] Bluetooth: hci0: unexpected subevent 0x01 length: 37 > 18
[   22.005486] debugfs: Directory '0' with parent 'hci0' already present!
[   22.006180] sysfs: cannot create duplicate filename '/devices/virtual/bluetooth/hci0/hci0:0'
[   22.007030] CPU: 0 PID: 42 Comm: kworker/u3:0 Not tainted 5.17.0-rc6-00116-g9797235a6909 #22
[   22.007867] Hardware name: QEMU Standard PC (i440FX + PIIX, 1996), BIOS rel-1.14.0-0-g155821a1990b-prebuilt.qemu.org 04/01/2014
[   22.008963] Workqueue: hci0 hci_rx_work
[   22.009351] Call Trace:
[   22.009598]  <TASK>
[   22.009816]  dump_stack_lvl+0x45/0x59
[   22.010184]  dump_stack+0xc/0xd
[   22.010498]  sysfs_warn_dup.cold+0x17/0x25
[   22.010893]  sysfs_create_dir_ns+0x100/0x110
[   22.011359]  kobject_add_internal+0x140/0x470
[   22.011850]  kobject_add+0x9d/0xd0
[   22.012240]  ? get_device_parent+0x5f/0x2c0
[   22.012712]  device_add+0x1bb/0xe70
[   22.013029]  ? kobject_set_name_vargs+0x90/0xb0
[   22.013423]  ? dev_set_name+0x4e/0x70
[   22.013776]  hci_conn_add_sysfs+0x56/0xc0
[   22.014175]  le_conn_complete_evt.part.0+0xaa4/0x12b0
[   22.014675]  hci_le_conn_complete_evt+0x121/0x130
[   22.015090]  hci_le_meta_evt+0x17d/0x280
[   22.015460]  ? hci_le_enh_conn_complete_evt+0x130/0x130
[   22.015970]  hci_event_packet+0x42e/0xa30
[   22.016373]  ? hci_cc_le_read_max_data_len+0xf0/0xf0
[   22.016863]  ? perf_trace_drv_tdls_channel_switch.cold+0x1f/0x2d
[   22.017458]  hci_rx_work+0x410/0xa90
[   22.017831]  process_one_work+0x5d8/0xb70
[   22.018243]  worker_thread+0x305/0x820
[   22.018603]  ? _raw_spin_unlock_irqrestore+0x28/0x50
[   22.019096]  ? process_one_work+0xb70/0xb70
[   22.019515]  kthread+0x17c/0x1b0
[   22.019843]  ? kthread_complete_and_exit+0x20/0x20
[   22.020320]  ret_from_fork+0x1f/0x30
[   22.020696]  </TASK>
[   22.020975] kobject_add_internal failed for hci0:0 with -EEXIST, don't try to register things with the same name in the same directory.
[   22.022174] Bluetooth: hci0: failed to register connection device
[   22.024969] bluetoothd[151]: src/device.c:device_add_connection() Device 12:FE:93:04:3E:3E is already connected
[   22.026069] bluetoothd[151]: Device is already marked as connected
[   22.044775] Bluetooth: hci0: unexpected subevent 0x01 length: 29 > 18
[   22.045567] debugfs: Directory '0' with parent 'hci0' already present!
[   22.046251] sysfs: cannot create duplicate filename '/devices/virtual/bluetooth/hci0/hci0:0'
[   22.047110] CPU: 0 PID: 42 Comm: kworker/u3:0 Not tainted 5.17.0-rc6-00116-g9797235a6909 #22
[   22.047952] Hardware name: QEMU Standard PC (i440FX + PIIX, 1996), BIOS rel-1.14.0-0-g155821a1990b-prebuilt.qemu.org 04/01/2014
[   22.049062] Workqueue: hci0 hci_rx_work
[   22.049459] Call Trace:
[   22.049710]  <TASK>
[   22.049930]  dump_stack_lvl+0x45/0x59
[   22.050304]  dump_stack+0xc/0xd
[   22.050624]  sysfs_warn_dup.cold+0x17/0x25
[   22.051041]  sysfs_create_dir_ns+0x100/0x110
[   22.051592]  kobject_add_internal+0x140/0x470
[   22.052092]  kobject_add+0x9d/0xd0
[   22.052450]  ? get_device_parent+0x5f/0x2c0
[   22.052891]  device_add+0x1bb/0xe70
[   22.053278]  ? kobject_set_name_vargs+0x90/0xb0
[   22.053702]  ? dev_set_name+0x4e/0x70
[   22.054053]  hci_conn_add_sysfs+0x56/0xc0
[   22.054436]  le_conn_complete_evt.part.0+0xaa4/0x12b0
[   22.054959]  hci_le_conn_complete_evt+0x121/0x130
[   22.055435]  hci_le_meta_evt+0x17d/0x280
[   22.055830]  ? hci_le_enh_conn_complete_evt+0x130/0x130
[   22.056391]  hci_event_packet+0x42e/0xa30
[   22.056805]  ? hci_cc_le_read_max_data_len+0xf0/0xf0
[   22.057311]  ? perf_trace_drv_tdls_channel_switch.cold+0x1f/0x2d
[   22.057996]  hci_rx_work+0x410/0xa90
[   22.058471]  process_one_work+0x5d8/0xb70
[   22.058879]  worker_thread+0x305/0x820
[   22.059287]  ? _raw_spin_unlock_irqrestore+0x28/0x50
[   22.059793]  ? process_one_work+0xb70/0xb70
[   22.060211]  kthread+0x17c/0x1b0
[   22.060537]  ? kthread_complete_and_exit+0x20/0x20
[   22.061034]  ret_from_fork+0x1f/0x30
[   22.061417]  </TASK>
[   22.061678] kobject_add_internal failed for hci0:0 with -EEXIST, don't try to register things with the same name in the same directory.
[   22.062887] Bluetooth: hci0: failed to register connection device
[   22.084578] bluetoothd[151]: src/device.c:load_gatt_db() Unable to load key file from /var/lib/bluetooth/00:1A:7D:DA:71:13/cache/12:FE:93:04:3E:3D: (No such file or directory)
[   22.086259] bluetoothd[151]: src/device.c:load_gatt_db() No cache for 12:FE:93:04:3E:3D
[   22.091479] Bluetooth: hci0: unexpected subevent 0x01 length: 59 > 18
[   22.092811] debugfs: Directory '0' with parent 'hci0' already present!
[   22.094025] sysfs: cannot create duplicate filename '/devices/virtual/bluetooth/hci0/hci0:0'
[   22.095462] CPU: 0 PID: 42 Comm: kworker/u3:0 Not tainted 5.17.0-rc6-00116-g9797235a6909 #22
[   22.096634] Hardware name: QEMU Standard PC (i440FX + PIIX, 1996), BIOS rel-1.14.0-0-g155821a1990b-prebuilt.qemu.org 04/01/2014
[   22.098002] Workqueue: hci0 hci_rx_work
[   22.098611] Call Trace:
[   22.098986]  <TASK>
[   22.099297]  dump_stack_lvl+0x45/0x59
[   22.099743]  dump_stack+0xc/0xd
[   22.100126]  sysfs_warn_dup.cold+0x17/0x25
[   22.100623]  sysfs_create_dir_ns+0x100/0x110
[   22.101155]  kobject_add_internal+0x140/0x470
[   22.101550]  kobject_add+0x9d/0xd0
[   22.101850]  ? get_device_parent+0x5f/0x2c0
[   22.102253]  device_add+0x1bb/0xe70
[   22.102563]  ? kobject_set_name_vargs+0x90/0xb0
[   22.102974]  ? dev_set_name+0x4e/0x70
[   22.103327]  hci_conn_add_sysfs+0x56/0xc0
[   22.103710]  le_conn_complete_evt.part.0+0xaa4/0x12b0
[   22.104203]  hci_le_conn_complete_evt+0x121/0x130
