[    0.000000] Linux version 5.16.0-rc8+ (USER@HOST) (gcc (GCC) 11.2.0, GNU ld (GNU Binutils) 2.38) #15 SMP PREEMPT Sat Feb 26 14:32:28 CET 2022
[    0.000000] Command line: console=ttyS0 root=/dev/sda rw nokaslr kcov.afl_map=y kcov.map_size=16
[    0.000000] x86/fpu: x87 FPU will use FXSAVE
[    0.000000] signal: max sigframe size: 1440
[    0.000000] BIOS-provided physical RAM map:
[    0.000000] BIOS-e820: [mem 0x0000000000000000-0x000000000009fbff] usable
[    0.000000] BIOS-e820: [mem 0x000000000009fc00-0x000000000009ffff] reserved
[    0.000000] BIOS-e820: [mem 0x00000000000f0000-0x00000000000fffff] reserved
[    0.000000] BIOS-e820: [mem 0x0000000000100000-0x000000007ffdffff] usable
[    0.000000] BIOS-e820: [mem 0x000000007ffe0000-0x000000007fffffff] reserved
[    0.000000] BIOS-e820: [mem 0x00000000feffc000-0x00000000feffffff] reserved
[    0.000000] BIOS-e820: [mem 0x00000000fffc0000-0x00000000ffffffff] reserved
[    0.000000] NX (Execute Disable) protection: active
[    0.000000] SMBIOS 2.8 present.
[    0.000000] DMI: QEMU Standard PC (i440FX + PIIX, 1996), BIOS rel-1.14.0-0-g155821a1990b-prebuilt.qemu.org 04/01/2014
[    0.000000] Hypervisor detected: KVM
[    0.000000] kvm-clock: Using msrs 4b564d01 and 4b564d00
[    0.000000] kvm-clock: cpu 0, msr 5c1b001, primary cpu clock
[    0.000007] kvm-clock: using sched offset of 438258525 cycles
[    0.000017] clocksource: kvm-clock: mask: 0xffffffffffffffff max_cycles: 0x1cd42e4dffb, max_idle_ns: 881590591483 ns
[    0.000037] tsc: Detected 3599.998 MHz processor
[    0.000987] last_pfn = 0x7ffe0 max_arch_pfn = 0x400000000
[    0.001036] x86/PAT: Configuration [0-7]: WB  WC  UC- UC  WB  WP  UC- WT
[    0.007891] found SMP MP-table at [mem 0x000f5ab0-0x000f5abf]
[    0.008887] ACPI: Early table checksum verification disabled
[    0.008940] ACPI: RSDP 0x00000000000F58D0 000014 (v00 BOCHS )
[    0.008962] ACPI: RSDT 0x000000007FFE190C 000034 (v01 BOCHS  BXPC     00000001 BXPC 00000001)
[    0.008986] ACPI: FACP 0x000000007FFE17C0 000074 (v01 BOCHS  BXPC     00000001 BXPC 00000001)
[    0.009006] ACPI: DSDT 0x000000007FFE0040 001780 (v01 BOCHS  BXPC     00000001 BXPC 00000001)
[    0.009022] ACPI: FACS 0x000000007FFE0000 000040
[    0.009033] ACPI: APIC 0x000000007FFE1834 000078 (v01 BOCHS  BXPC     00000001 BXPC 00000001)
[    0.009045] ACPI: HPET 0x000000007FFE18AC 000038 (v01 BOCHS  BXPC     00000001 BXPC 00000001)
[    0.009057] ACPI: WAET 0x000000007FFE18E4 000028 (v01 BOCHS  BXPC     00000001 BXPC 00000001)
[    0.009067] ACPI: Reserving FACP table memory at [mem 0x7ffe17c0-0x7ffe1833]
[    0.009073] ACPI: Reserving DSDT table memory at [mem 0x7ffe0040-0x7ffe17bf]
[    0.009078] ACPI: Reserving FACS table memory at [mem 0x7ffe0000-0x7ffe003f]
[    0.009083] ACPI: Reserving APIC table memory at [mem 0x7ffe1834-0x7ffe18ab]
[    0.009087] ACPI: Reserving HPET table memory at [mem 0x7ffe18ac-0x7ffe18e3]
[    0.009092] ACPI: Reserving WAET table memory at [mem 0x7ffe18e4-0x7ffe190b]
[    0.009578] No NUMA configuration found
[    0.009586] Faking a node at [mem 0x0000000000000000-0x000000007ffdffff]
[    0.009603] NODE_DATA(0) allocated [mem 0x7ffdc000-0x7ffdffff]
[    0.014373] Zone ranges:
[    0.014384]   DMA      [mem 0x0000000000001000-0x0000000000ffffff]
[    0.014392]   DMA32    [mem 0x0000000001000000-0x000000007ffdffff]
[    0.014398]   Normal   empty
[    0.014404] Movable zone start for each node
[    0.014407] Early memory node ranges
[    0.014411]   node   0: [mem 0x0000000000001000-0x000000000009efff]
[    0.014418]   node   0: [mem 0x0000000000100000-0x000000007ffdffff]
[    0.014426] Initmem setup node 0 [mem 0x0000000000001000-0x000000007ffdffff]
[    0.014444] On node 0, zone DMA: 1 pages in unavailable ranges
[    0.014561] On node 0, zone DMA: 97 pages in unavailable ranges
[    0.029200] On node 0, zone DMA32: 32 pages in unavailable ranges
[    0.068614] kasan: KernelAddressSanitizer initialized
[    0.069062] ACPI: PM-Timer IO Port: 0x608
[    0.069085] ACPI: LAPIC_NMI (acpi_id[0xff] dfl dfl lint[0x1])
[    0.069149] IOAPIC[0]: apic_id 0, version 17, address 0xfec00000, GSI 0-23
[    0.069162] ACPI: INT_SRC_OVR (bus 0 bus_irq 0 global_irq 2 dfl dfl)
[    0.069172] ACPI: INT_SRC_OVR (bus 0 bus_irq 5 global_irq 5 high level)
[    0.069176] ACPI: INT_SRC_OVR (bus 0 bus_irq 9 global_irq 9 high level)
[    0.069183] ACPI: INT_SRC_OVR (bus 0 bus_irq 10 global_irq 10 high level)
[    0.069187] ACPI: INT_SRC_OVR (bus 0 bus_irq 11 global_irq 11 high level)
[    0.069200] ACPI: Using ACPI (MADT) for SMP configuration information
[    0.069205] ACPI: HPET id: 0x8086a201 base: 0xfed00000
[    0.069224] smpboot: Allowing 1 CPUs, 0 hotplug CPUs
[    0.069324] PM: hibernation: Registered nosave memory: [mem 0x00000000-0x00000fff]
[    0.069331] PM: hibernation: Registered nosave memory: [mem 0x0009f000-0x0009ffff]
[    0.069336] PM: hibernation: Registered nosave memory: [mem 0x000a0000-0x000effff]
[    0.069340] PM: hibernation: Registered nosave memory: [mem 0x000f0000-0x000fffff]
[    0.069348] [mem 0x80000000-0xfeffbfff] available for PCI devices
[    0.069353] Booting paravirtualized kernel on KVM
[    0.069370] clocksource: refined-jiffies: mask: 0xffffffff max_cycles: 0xffffffff, max_idle_ns: 1910969940391419 ns
[    0.087754] setup_percpu: NR_CPUS:64 nr_cpumask_bits:64 nr_cpu_ids:1 nr_node_ids:1
[    0.088235] percpu: Embedded 66 pages/cpu s232784 r8192 d29360 u2097152
[    0.088328] kvm-guest: stealtime: cpu 0, msr 6d027400
[    0.088374] Fallback order for Node 0: 0
[    0.088403] Built 1 zonelists, mobility grouping on.  Total pages: 515808
[    0.088408] Policy zone: DMA32
[    0.088415] Kernel command line: console=ttyS0 root=/dev/sda rw nokaslr kcov.afl_map=y kcov.map_size=16
[    0.088572] Unknown kernel command line parameters "nokaslr", will be passed to user space.
[    0.088931] Dentry cache hash table entries: 262144 (order: 9, 2097152 bytes, linear)
[    0.089032] Inode-cache hash table entries: 131072 (order: 8, 1048576 bytes, linear)
[    0.089094] mem auto-init: stack:off, heap alloc:off, heap free:off
[    0.132245] Memory: 1685480K/2096632K available (47119K kernel code, 8507K rwdata, 9216K rodata, 1856K init, 12336K bss, 410896K reserved, 0K cma-reserved)
[    0.132617] SLUB: HWalign=64, Order=0-3, MinObjects=0, CPUs=1, Nodes=1
[    0.132711] Kernel/User page tables isolation: enabled
[    0.138592] Dynamic Preempt: voluntary
[    0.139269] Running RCU self tests
[    0.139285] rcu: Preemptible hierarchical RCU implementation.
[    0.139289] rcu: 	RCU event tracing is enabled.
[    0.139293] rcu: 	RCU lockdep checking is enabled.
[    0.139297] rcu: 	RCU restricting CPUs from NR_CPUS=64 to nr_cpu_ids=1.
[    0.139301] 	Trampoline variant of Tasks RCU enabled.
[    0.139309] rcu: RCU calculated value of scheduler-enlistment delay is 100 jiffies.
[    0.139313] rcu: Adjusting geometry for rcu_fanout_leaf=16, nr_cpu_ids=1
[    0.151277] NR_IRQS: 4352, nr_irqs: 256, preallocated irqs: 16
[    0.151931] random: get_random_bytes called from start_kernel+0x1f0/0x3a4 with crng_init=0
[    0.160320] Console: colour VGA+ 80x25
[    0.271264] printk: console [ttyS0] enabled
[    0.271930] Lock dependency validator: Copyright (c) 2006 Red Hat, Inc., Ingo Molnar
[    0.273147] ... MAX_LOCKDEP_SUBCLASSES:  8
[    0.273821] ... MAX_LOCK_DEPTH:          48
[    0.274474] ... MAX_LOCKDEP_KEYS:        8192
[    0.275206] ... CLASSHASH_SIZE:          4096
[    0.275917] ... MAX_LOCKDEP_ENTRIES:     32768
[    0.276675] ... MAX_LOCKDEP_CHAINS:      65536
[    0.277371] ... CHAINHASH_SIZE:          32768
[    0.278062]  memory used by lock dependency info: 6365 kB
[    0.278908]  memory used for stack traces: 4224 kB
[    0.279652]  per task-struct memory footprint: 1920 bytes
[    0.280562] ACPI: Core revision 20210930
[    0.281489] clocksource: hpet: mask: 0xffffffff max_cycles: 0xffffffff, max_idle_ns: 19112604467 ns
[    0.283093] APIC: Switch to symmetric I/O mode setup
[    0.285341] ..TIMER: vector=0x30 apic1=0 pin1=2 apic2=-1 pin2=-1
[    0.286334] clocksource: tsc-early: mask: 0xffffffffffffffff max_cycles: 0x33e451ab1a6, max_idle_ns: 440795278720 ns
[    0.288116] Calibrating delay loop (skipped) preset value.. 7199.99 BogoMIPS (lpj=3599998)
[    0.289103] pid_max: default: 32768 minimum: 301
[    0.290236] LSM: Security Framework initializing
[    0.291156] SELinux:  Initializing.
[    0.292318] Mount-cache hash table entries: 4096 (order: 3, 32768 bytes, linear)
[    0.293114] Mountpoint-cache hash table entries: 4096 (order: 3, 32768 bytes, linear)
[    0.296137] Last level iTLB entries: 4KB 0, 2MB 0, 4MB 0
[    0.296972] Last level dTLB entries: 4KB 0, 2MB 0, 4MB 0, 1GB 0
[    0.297107] Spectre V1 : Mitigation: usercopy/swapgs barriers and __user pointer sanitization
[    0.298097] Spectre V2 : Mitigation: Full generic retpoline
[    0.299095] Spectre V2 : Spectre v2 / SpectreRSB mitigation: Filling RSB on context switch
[    0.300106] Speculative Store Bypass: Vulnerable
[    0.301111] MDS: Vulnerable: Clear CPU buffers attempted, no microcode
[    0.322321] Freeing SMP alternatives memory: 44K
[    0.426287] smpboot: CPU0: Intel QEMU Virtual CPU version 2.5+ (family: 0xf, model: 0x6b, stepping: 0x1)
[    0.428606] Running RCU-tasks wait API self tests
[    0.429377] Performance Events: unsupported Netburst CPU model 107 no PMU driver, software events only.
[    0.430329] rcu: Hierarchical SRCU implementation.
[    0.432321] NMI watchdog: Perf NMI watchdog permanently disabled
[    0.433372] smp: Bringing up secondary CPUs ...
[    0.434109] smp: Brought up 1 node, 1 CPU
[    0.434745] smpboot: Max logical packages: 1
[    0.435100] smpboot: Total of 1 processors activated (7199.99 BogoMIPS)
[    0.437784] devtmpfs: initialized
[    0.442347] clocksource: jiffies: mask: 0xffffffff max_cycles: 0xffffffff, max_idle_ns: 1911260446275000 ns
[    0.443101] futex hash table entries: 256 (order: 3, 32768 bytes, linear)
[    0.445666] PM: RTC time: 18:03:52, date: 2022-03-01
[    0.447106] NET: Registered PF_NETLINK/PF_ROUTE protocol family
[    0.449274] audit: initializing netlink subsys (disabled)
[    0.451353] thermal_sys: Registered thermal governor 'step_wise'
[    0.451358] thermal_sys: Registered thermal governor 'user_space'
[    0.452166] cpuidle: using governor menu
[    0.454716] PCI: Using configuration type 1 for base access
[    0.456123] audit: type=2000 audit(1646157832.934:1): state=initialized audit_enabled=0 res=1
[    0.487627] kprobes: kprobe jump-optimization is enabled. All kprobes are optimized if possible.
[    0.489285] HugeTLB registered 2.00 MiB page size, pre-allocated 0 pages
[    0.491097] ACPI: Added _OSI(Module Device)
[    0.491764] ACPI: Added _OSI(Processor Device)
[    0.492095] ACPI: Added _OSI(3.0 _SCP Extensions)
[    0.493094] ACPI: Added _OSI(Processor Aggregator Device)
[    0.494093] ACPI: Added _OSI(Linux-Dell-Video)
[    0.494892] ACPI: Added _OSI(Linux-Lenovo-NV-HDMI-Audio)
[    0.495101] ACPI: Added _OSI(Linux-HPI-Hybrid-Graphics)
[    0.515177] ACPI: 1 ACPI AML tables successfully acquired and loaded
[    0.521444] ACPI: Interpreter enabled
[    0.522200] ACPI: PM: (supports S0 S3 S4 S5)
[    0.522875] ACPI: Using IOAPIC for interrupt routing
[    0.523197] PCI: Using host bridge windows from ACPI; if necessary, use "pci=nocrs" and report a bug
[    0.525388] ACPI: Enabled 2 GPEs in block 00 to 0F
[    0.564182] ACPI: PCI Root Bridge [PCI0] (domain 0000 [bus 00-ff])
[    0.565117] acpi PNP0A03:00: _OSC: OS supports [ASPM ClockPM Segments MSI HPX-Type3]
[    0.566098] acpi PNP0A03:00: _OSC: not requesting OS control; OS requires [ExtendedConfig ASPM ClockPM MSI]
[    0.568152] acpi PNP0A03:00: fail to add MMCONFIG information, can't access extended PCI configuration space under this bridge.
[    0.570426] PCI host bridge to bus 0000:00
[    0.571099] pci_bus 0000:00: root bus resource [io  0x0000-0x0cf7 window]
[    0.572098] pci_bus 0000:00: root bus resource [io  0x0d00-0xffff window]
[    0.573098] pci_bus 0000:00: root bus resource [mem 0x000a0000-0x000bffff window]
[    0.574097] pci_bus 0000:00: root bus resource [mem 0x80000000-0xfebfffff window]
[    0.575097] pci_bus 0000:00: root bus resource [mem 0x100000000-0x17fffffff window]
[    0.576100] pci_bus 0000:00: root bus resource [bus 00-ff]
[    0.577270] pci 0000:00:00.0: [8086:1237] type 00 class 0x060000
[    0.588701] pci 0000:00:01.0: [8086:7000] type 00 class 0x060100
[    0.590958] pci 0000:00:01.1: [8086:7010] type 00 class 0x010180
[    0.593323] pci 0000:00:01.1: reg 0x20: [io  0xc000-0xc00f]
[    0.594792] pci 0000:00:01.1: legacy IDE quirk: reg 0x10: [io  0x01f0-0x01f7]
[    0.596094] pci 0000:00:01.1: legacy IDE quirk: reg 0x14: [io  0x03f6]
[    0.597094] pci 0000:00:01.1: legacy IDE quirk: reg 0x18: [io  0x0170-0x0177]
[    0.598094] pci 0000:00:01.1: legacy IDE quirk: reg 0x1c: [io  0x0376]
[    0.599556] pci 0000:00:01.3: [8086:7113] type 00 class 0x068000
[    0.600488] pci 0000:00:01.3: quirk: [io  0x0600-0x063f] claimed by PIIX4 ACPI
[    0.601307] pci 0000:00:01.3: quirk: [io  0x0700-0x070f] claimed by PIIX4 SMB
[    0.602504] pci 0000:00:02.0: [1234:1111] type 00 class 0x030000
[    0.604454] pci 0000:00:02.0: reg 0x10: [mem 0xfd000000-0xfdffffff pref]
[    0.608129] pci 0000:00:02.0: reg 0x18: [mem 0xfebf0000-0xfebf0fff]
[    0.614379] pci 0000:00:02.0: reg 0x30: [mem 0xfebe0000-0xfebeffff pref]
[    0.626353] pci 0000:00:03.0: [1af4:1068] type 00 class 0x00ff00
[    0.629227] pci 0000:00:03.0: reg 0x20: [mem 0xfe020000-0xfe023fff 64bit pref]
[    0.641206] pci 0000:00:04.0: [1af4:1110] type 00 class 0x050000
[    0.644457] pci 0000:00:04.0: reg 0x10: [mem 0xfebf1000-0xfebf10ff]
[    0.646960] pci 0000:00:04.0: reg 0x18: [mem 0xfe000000-0xfe01ffff 64bit pref]
[    0.665225] ACPI: PCI: Interrupt link LNKA configured for IRQ 10
[    0.667505] ACPI: PCI: Interrupt link LNKB configured for IRQ 10
[    0.670384] ACPI: PCI: Interrupt link LNKC configured for IRQ 11
[    0.672447] ACPI: PCI: Interrupt link LNKD configured for IRQ 11
[    0.673580] ACPI: PCI: Interrupt link LNKS configured for IRQ 9
[    0.677242] iommu: Default domain type: Translated
[    0.678098] iommu: DMA domain TLB invalidation policy: lazy mode
[    0.680213] pci 0000:00:02.0: vgaarb: setting as boot VGA device
[    0.681089] pci 0000:00:02.0: vgaarb: VGA device added: decodes=io+mem,owns=io+mem,locks=none
[    0.681099] pci 0000:00:02.0: vgaarb: bridge control possible
[    0.682104] vgaarb: loaded
[    0.684531] SCSI subsystem initialized
[    0.685749] ACPI: bus type USB registered
[    0.686302] usbcore: registered new interface driver usbfs
[    0.687207] usbcore: registered new interface driver hub
[    0.688159] usbcore: registered new device driver usb
[    0.689285] pps_core: LinuxPPS API ver. 1 registered
[    0.690094] pps_core: Software ver. 5.3.6 - Copyright 2005-2007 Rodolfo Giometti <giometti@linux.it>
[    0.691157] PTP clock support registered
[    0.692668] Advanced Linux Sound Architecture Driver Initialized.
[    0.695034] Bluetooth: Core ver 2.22
[    0.695174] NET: Registered PF_BLUETOOTH protocol family
[    0.696094] Bluetooth: HCI device and connection manager initialized
[    0.697167] Bluetooth: HCI socket layer initialized
[    0.698106] Bluetooth: L2CAP socket layer initialized
[    0.699203] Bluetooth: SCO socket layer initialized
[    0.700189] NetLabel: Initializing
[    0.700732] NetLabel:  domain hash size = 128
[    0.701094] NetLabel:  protocols = UNLABELED CIPSOv4 CALIPSO
[    0.702347] NetLabel:  unlabeled traffic allowed by default
[    0.704469] PCI: Using ACPI for IRQ routing
[    0.705446] hpet: 3 channels of 0 reserved for per-cpu timers
[    0.706128] hpet0: at MMIO 0xfed00000, IRQs 2, 8, 0
[    0.707098] hpet0: 3 comparators, 64-bit 100.000000 MHz counter
[    0.713472] clocksource: Switched to clocksource kvm-clock
[    0.748485] Callback from call_rcu_tasks() invoked.
[    0.891199] VFS: Disk quotas dquot_6.6.0
[    0.891882] VFS: Dquot-cache hash table entries: 512 (order 0, 4096 bytes)
[    0.893463] pnp: PnP ACPI init
[    1.020516] pnp: PnP ACPI: found 6 devices
[    1.046616] clocksource: acpi_pm: mask: 0xffffff max_cycles: 0xffffff, max_idle_ns: 2085701024 ns
[    1.048757] NET: Registered PF_INET protocol family
[    1.050390] IP idents hash table entries: 32768 (order: 6, 262144 bytes, linear)
[    1.054616] tcp_listen_portaddr_hash hash table entries: 1024 (order: 4, 81920 bytes, linear)
[    1.056488] TCP established hash table entries: 16384 (order: 5, 131072 bytes, linear)
[    1.059006] TCP bind hash table entries: 16384 (order: 8, 1179648 bytes, linear)
[    1.062450] TCP: Hash tables configured (established 16384 bind 16384)
[    1.064210] UDP hash table entries: 1024 (order: 5, 163840 bytes, linear)
[    1.065814] UDP-Lite hash table entries: 1024 (order: 5, 163840 bytes, linear)
[    1.067817] NET: Registered PF_UNIX/PF_LOCAL protocol family
[    1.070029] RPC: Registered named UNIX socket transport module.
[    1.071284] RPC: Registered udp transport module.
[    1.072269] RPC: Registered tcp transport module.
[    1.073298] RPC: Registered tcp NFSv4.1 backchannel transport module.
[    1.075976] pci_bus 0000:00: resource 4 [io  0x0000-0x0cf7 window]
[    1.077408] pci_bus 0000:00: resource 5 [io  0x0d00-0xffff window]
[    1.078717] pci_bus 0000:00: resource 6 [mem 0x000a0000-0x000bffff window]
[    1.080242] pci_bus 0000:00: resource 7 [mem 0x80000000-0xfebfffff window]
[    1.081588] pci_bus 0000:00: resource 8 [mem 0x100000000-0x17fffffff window]
[    1.083667] pci 0000:00:01.0: PIIX3: Enabling Passive Release
[    1.084891] pci 0000:00:00.0: Limiting direct PCI/PCI transfers
[    1.086090] pci 0000:00:01.0: Activating ISA DMA hang workarounds
[    1.087438] pci 0000:00:02.0: Video device with shadowed ROM at [mem 0x000c0000-0x000dffff]
[    1.089192] PCI: CLS 0 bytes, default 64
[    1.090609] clocksource: tsc: mask: 0xffffffffffffffff max_cycles: 0x33e451ab1a6, max_idle_ns: 440795278720 ns
[    1.097354] afl_map is set
[    1.098558] Initialise system trusted keyrings
[    1.100765] workingset: timestamp_bits=56 max_order=19 bucket_order=0
[    1.147845] NFS: Registering the id_resolver key type
[    1.149279] Key type id_resolver registered
[    1.150288] Key type id_legacy registered
[    1.151580] 9p: Installing v9fs 9p2000 file system support
[    1.161578] Key type asymmetric registered
[    1.162565] Asymmetric key parser 'x509' registered
[    1.164075] Block layer SCSI generic (bsg) driver version 0.4 loaded (major 251)
[    1.165633] io scheduler mq-deadline registered
[    1.166693] io scheduler kyber registered
[    1.170077] input: Power Button as /devices/LNXSYSTM:00/LNXPWRBN:00/input/input0
[    1.172784] ACPI: button: Power Button [PWRF]
[    2.536765] ACPI: \_SB_.LNKC: Enabled at IRQ 11
[    2.538881] Serial: 8250/16550 driver, 4 ports, IRQ sharing enabled
[    2.540165] 00:04: ttyS0 at I/O 0x3f8 (irq = 4, base_baud = 115200) is a 16550A
[    2.543863] Non-volatile memory driver v1.3
[    2.544711] Linux agpgart interface v0.103
[    2.545749] ACPI: bus type drm_connector registered
[    2.559053] loop: module loaded
[    2.563638] scsi host0: ata_piix
[    2.565249] scsi host1: ata_piix
[    2.566107] ata1: PATA max MWDMA2 cmd 0x1f0 ctl 0x3f6 bmdma 0xc000 irq 14
[    2.567257] ata2: PATA max MWDMA2 cmd 0x170 ctl 0x376 bmdma 0xc008 irq 15
[    2.571297] e100: Intel(R) PRO/100 Network Driver
[    2.572025] e100: Copyright(c) 1999-2006 Intel Corporation
[    2.572909] e1000: Intel(R) PRO/1000 Network Driver
[    2.573689] e1000: Copyright (c) 1999-2006 Intel Corporation.
[    2.574680] e1000e: Intel(R) PRO/1000 Network Driver
[    2.575447] e1000e: Copyright(c) 1999 - 2015 Intel Corporation.
[    2.576468] sky2: driver version 1.30
[    2.577650] ehci_hcd: USB 2.0 'Enhanced' Host Controller (EHCI) Driver
[    2.578660] ehci-pci: EHCI PCI platform driver
[    2.579418] ohci_hcd: USB 1.1 'Open' Host Controller (OHCI) Driver
[    2.580549] ohci-pci: OHCI PCI platform driver
[    2.581289] uhci_hcd: USB Universal Host Controller Interface driver
[    2.582648] usbcore: registered new interface driver usblp
[    2.583678] usbcore: registered new interface driver usb-storage
[    2.584775] i8042: PNP: PS/2 Controller [PNP0303:KBD,PNP0f13:MOU] at 0x60,0x64 irq 1,12
[    2.586844] serio: i8042 KBD port at 0x60,0x64 irq 1
[    2.587654] serio: i8042 AUX port at 0x60,0x64 irq 12
[    2.590370] input: AT Translated Set 2 keyboard as /devices/platform/i8042/serio0/input/input1
[    2.594797] rtc_cmos 00:05: RTC can wake from S4
[    2.596882] rtc_cmos 00:05: registered as rtc0
[    2.597804] rtc_cmos 00:05: alarms up to one day, y3k, 242 bytes nvram, hpet irqs
[    2.600324] device-mapper: ioctl: 4.45.0-ioctl (2021-03-22) initialised: dm-devel@redhat.com
[    2.603123] intel_pstate: CPU model not supported
[    2.604057] hid: raw HID events driver (C) Jiri Kosina
[    2.606237] usbcore: registered new interface driver usbhid
[    2.607143] usbhid: USB HID core driver
[    2.607906] KVM_IVSHMEM is ready
[    2.607909] KVM_IVSHMEM: ioaddr = fe000000, base_addr = (____ptrval____), ioaddr_size = 131072
[    2.708295] Initializing XFRM netlink socket
[    2.710428] NET: Registered PF_INET6 protocol family
[    2.712747] Segment Routing with IPv6
[    2.713424] In-situ OAM (IOAM) with IPv6
[    2.714340] sit: IPv6, IPv4 and MPLS over IPv4 tunneling driver
[    2.716276] NET: Registered PF_PACKET protocol family
[    2.717363] Bluetooth: RFCOMM TTY layer initialized
[    2.718360] Bluetooth: RFCOMM socket layer initialized
[    2.719183] Bluetooth: RFCOMM ver 1.11
[    2.719816] Bluetooth: BNEP (Ethernet Emulation) ver 1.3
[    2.720705] Bluetooth: BNEP filters: protocol multicast
[    2.721699] Bluetooth: BNEP socket layer initialized
[    2.722469] Bluetooth: HIDP (Human Interface Emulation) ver 1.2
[    2.723414] Bluetooth: HIDP socket layer initialized
[    2.724441] 9pnet: Installing 9P2000 support
[    2.725190] Key type dns_resolver registered
[    2.727498] ata1.00: ATA-7: QEMU HARDDISK, 2.5+, max UDMA/100
[    2.728414] ata1.00: 20971520 sectors, multi 16: LBA48
[    2.729375] ata2.00: ATAPI: QEMU DVD-ROM, 2.5+, max UDMA/100
[    2.730874] ata1.00: Read log 0x00 page 0x00 failed, Emask 0x1
[    2.732075] IPI shorthand broadcast: enabled
[    2.733535] scsi 0:0:0:0: Direct-Access     ATA      QEMU HARDDISK    2.5+ PQ: 0 ANSI: 5
[    2.736555] scsi 0:0:0:0: Attached scsi generic sg0 type 0
[    2.737798] sched_clock: Marking stable (2603158288, 134264528)->(2823141650, -85718834)
[    2.739757] scsi 1:0:0:0: CD-ROM            QEMU     QEMU DVD-ROM     2.5+ PQ: 0 ANSI: 5
[    2.743675] registered taskstats version 1
[    2.744352] Loading compiled-in X.509 certificates
[    2.745286] sd 0:0:0:0: [sda] 20971520 512-byte logical blocks: (10.7 GB/10.0 GiB)
[    2.746573] sd 0:0:0:0: [sda] Write Protect is off
[    2.748075] sd 0:0:0:0: [sda] Write cache: enabled, read cache: enabled, doesn't support DPO or FUA
[    2.750640] cryptomgr_test (47) used greatest stack depth: 29904 bytes left
[    2.755699] sr 1:0:0:0: [sr0] scsi3-mmc drive: 4x/4x cd/rw xa/form2 tray
[    2.756956] cdrom: Uniform CD-ROM driver Revision: 3.20
[    2.759931] sd 0:0:0:0: [sda] Attached SCSI disk
[    2.765259] PM:   Magic number: 14:477:88
[    2.766220] printk: console [netcon0] enabled
[    2.767044] netconsole: network logging started
[    2.767984] cryptomgr_test (71) used greatest stack depth: 29704 bytes left
[    2.770082] cfg80211: Loading compiled-in X.509 certificates for regulatory database
[    2.775074] sr 1:0:0:0: Attached scsi generic sg1 type 5
[    2.777381] kworker/u2:0 (73) used greatest stack depth: 27992 bytes left
[    2.779560] cfg80211: Loaded X.509 cert 'sforshee: 00b28ddf47aef9cea7'
[    2.781022] platform regulatory.0: Direct firmware load for regulatory.db failed with error -2
[    2.782677] ALSA device list:
[    2.783297] cfg80211: failed to load regulatory.db
[    2.784293]   No soundcards found.
[    3.006600] random: fast init done
[    3.215322] input: ImExPS/2 Generic Explorer Mouse as /devices/platform/i8042/serio1/input/input3
[    3.216901] md: Waiting for all devices to be available before autodetect
[    3.217590] md: If you don't use raid, use raid=noautodetect
[    3.218153] md: Autodetecting RAID arrays.
[    3.218787] md: autorun ...
[    3.219237] md: ... autorun DONE.
[    3.229112] EXT4-fs (sda): mounted filesystem with ordered data mode. Opts: (null). Quota mode: none.
[    3.230660] VFS: Mounted root (ext4 filesystem) on device 8:0.
[    3.234785] ext4lazyinit (79) used greatest stack depth: 27528 bytes left
[    3.237241] devtmpfs: mounted
[    3.238814] Freeing unused kernel image (initmem) memory: 1856K
[    3.241207] Write protecting the kernel read-only data: 59392k
[    3.243798] Freeing unused kernel image (text/rodata gap) memory: 2032K
[    3.245324] Freeing unused kernel image (rodata/data gap) memory: 1024K
[    3.246522] Run /sbin/init as init process
[    3.334371] systemd[1]: systemd 250.3-4-arch running in system mode (+PAM +AUDIT -SELINUX -APPARMOR -IMA +SMACK +SECCOMP +GCRYPT +GNUTLS +OPENSSL +ACL +BLKID +CURL +ELFUTILS +FIDO2 +IDN2 -IDN +IPTC +KMOD +LIBCRYPTSETUP +LIBFDISK +PCRE2 -PWQUALITY +P11KIT -QRENCODE +BZIP2 +LZ4 +XZ +ZLIB +ZSTD -BPF_FRAMEWORK +XKBCOMMON +UTMP -SYSVINIT default-hierarchy=unified)
[    3.339789] systemd[1]: Detected virtualization kvm.
[    3.340685] systemd[1]: Detected architecture x86-64.

Welcome to Arch Linux!

[    3.344958] systemd[1]: Hostname set to <fuzzmachine>.
[    3.392873] 10-arch (81) used greatest stack depth: 24912 bytes left
[    3.716936] systemd[1]: Queued start job for default target Graphical Interface.
[    3.723575] random: systemd: uninitialized urandom read (16 bytes read)
[    3.726862] systemd[1]: Created slice Slice /system/getty.
[  OK  ] Created slice Slice /system/getty.
[    3.733562] random: systemd: uninitialized urandom read (16 bytes read)
[    3.735494] systemd[1]: Created slice Slice /system/modprobe.
[  OK  ] Created slice Slice /system/modprobe.
[    3.742279] random: systemd: uninitialized urandom read (16 bytes read)
[    3.744212] systemd[1]: Created slice Slice /system/serial-getty.
[  OK  ] Created slice Slice /system/serial-getty.
[    3.747991] systemd[1]: Created slice User and Session Slice.
[  OK  ] Created slice User and Session Slice.
[    3.756197] systemd[1]: Started Dispatch Password Requests to Console Directory Watch.
[  OK  ] Started Dispatch Password …ts to Console Directory Watch.
[    3.759984] systemd[1]: Started Forward Password Requests to Wall Directory Watch.
[  OK  ] Started Forward Password R…uests to Wall Directory Watch.
[    3.768822] systemd[1]: Set up automount Arbitrary Executable File Formats File System Automount Point.
[  OK  ] Set up automount Arbitrary…s File System Automount Point.
[    3.776681] systemd[1]: Reached target Local Encrypted Volumes.
[  OK  ] Reached target Local Encrypted Volumes.
[    3.782298] systemd[1]: Reached target Local Integrity Protected Volumes.
[  OK  ] Reached target Local Integrity Protected Volumes.
[    3.784771] systemd[1]: Reached target Path Units.
[  OK  ] Reached target Path Units.
[    3.788518] systemd[1]: Reached target Remote File Systems.
[  OK  ] Reached target Remote File Systems.
[    3.790632] systemd[1]: Reached target Slice Units.
[  OK  ] Reached target Slice Units.
[    3.792601] systemd[1]: Reached target Swaps.
[  OK  ] Reached target Swaps.
[    3.794776] systemd[1]: Reached target Local Verity Protected Volumes.
[  OK  ] Reached target Local Verity Protected Volumes.
[    3.797725] systemd[1]: Listening on Device-mapper event daemon FIFOs.
[  OK  ] Listening on Device-mapper event daemon FIFOs.
[    3.801063] systemd[1]: Listening on LVM2 poll daemon socket.
[  OK  ] Listening on LVM2 poll daemon socket.
[    3.805761] systemd[1]: Listening on Process Core Dump Socket.
[  OK  ] Listening on Process Core Dump Socket.
[    3.808670] systemd[1]: Listening on Journal Audit Socket.
[  OK  ] Listening on Journal Audit Socket.
[    3.811495] systemd[1]: Listening on Journal Socket (/dev/log).
[  OK  ] Listening on Journal Socket (/dev/log).
[    3.814473] systemd[1]: Listening on Journal Socket.
[  OK  ] Listening on Journal Socket.
[    3.817586] systemd[1]: Listening on udev Control Socket.
[  OK  ] Listening on udev Control Socket.
[    3.820295] systemd[1]: Listening on udev Kernel Socket.
[  OK  ] Listening on udev Kernel Socket.
[    3.826265] systemd[1]: Mounting Huge Pages File System...
         Mounting Huge Pages File System...
[    3.835293] systemd[1]: Mounting POSIX Message Queue File System...
         Mounting POSIX Message Queue File System...
[    3.847751] systemd[1]: Mounting Kernel Debug File System...
         Mounting Kernel Debug File System...
[    3.859231] systemd[1]: Mounting Kernel Trace File System...
         Mounting Kernel Trace File System...
[    3.868263] systemd[1]: Mounting Temporary Directory /tmp...
         Mounting Temporary Directory /tmp...
[    3.873566] systemd[1]: Create List of Static Device Nodes was skipped because of a failed condition check (ConditionFileNotEmpty=/lib/modules/5.16.0-rc8+/modules.devname).
[    3.883468] systemd[1]: Starting Monitoring of LVM2 mirrors, snapshots etc. using dmeventd or progress polling...
         Starting Monitoring of LVM…meventd or progress polling...
[    3.894567] systemd[1]: Starting Load Kernel Module configfs...
         Starting Load Kernel Module configfs...
[    3.912452] systemd[1]: Starting Load Kernel Module drm...
         Starting Load Kernel Module drm...
[    3.932435] systemd[1]: Starting Load Kernel Module fuse...
         Starting Load Kernel Module fuse...
[    3.941462] systemd[1]: systemd-journald.service: unit configures an IP firewall, but the local system does not support BPF/cgroup firewalling.
[    3.948145] systemd[1]: (This warning is only shown for the first unit using IP firewalling.)
[    3.957875] systemd[1]: Starting Journal Service...
         Starting Journal Service...
[    3.976546] systemd[1]: Starting Load Kernel Modules...
         Starting Load Kernel Modules...
[    3.997442] systemd[1]: Starting Remount Root and Kernel File Systems...
         Starting Remount Root and Kernel File Systems...
[    4.010512] systemd[1]: Repartition Root Disk was skipped because all trigger condition checks failed.
[    4.032460] systemd[1]: Starting Coldplug All udev Devices...

[    4.075987] systemd[1]: Mounted Huge Pages File System.
[  OK  ] Mounted Huge Pages File System.
[    4.083622] systemd[1]: Mounted POSIX Message Queue File System.
[  OK  ] Mounted POSIX Message Queue File System.
[    4.092917] systemd[1]: Mounted Kernel Debug File System.
[  OK  ] Mounted Kernel Debug File System.
[    4.100922] systemd[1]: Mounted Kernel Trace File System.
[  OK  ] Mounted Kernel Trace File System.
[    4.109909] systemd[1]: Mounted Temporary Directory /tmp.
[  OK  ] Mounted Temporary Directory /tmp.
[    4.124204] systemd[1]: Finished Monitoring of LVM2 mirrors, snapshots etc. using dmeventd or progress polling.

[    4.133755] audit: type=1130 audit(1646157836.617:2): pid=1 uid=0 auid=4294967295 ses=4294967295 subj=kernel msg='unit=lvm2-monitor comm="systemd" exe="/usr/lib/systemd/systemd" hostname=? addr=? terminal=? res=success'
[    4.143200] systemd[1]: modprobe@configfs.service: Deactivated successfully.
[    4.150232] systemd[1]: Finished Load Kernel Module configfs.
[  OK  ] Finished Load Kernel Module configfs.
[    4.157716] audit: type=1130 audit(1646157836.641:3): pid=1 uid=0 auid=4294967295 ses=4294967295 subj=kernel msg='unit=modprobe@configfs comm="systemd" exe="/usr/lib/systemd/systemd" hostname=? addr=? terminal=? res=success'
[    4.161162] audit: type=1131 audit(1646157836.644:4): pid=1 uid=0 auid=4294967295 ses=4294967295 subj=kernel msg='unit=modprobe@configfs comm="systemd" exe="/usr/lib/systemd/systemd" hostname=? addr=? terminal=? res=success'
[    4.167799] systemd[1]: modprobe@drm.service: Deactivated successfully.
[    4.176291] systemd[1]: Finished Load Kernel Module drm.
[  OK  ] Finished Load Kernel Module drm.
[    4.182383] audit: type=1130 audit(1646157836.666:5): pid=1 uid=0 auid=4294967295 ses=4294967295 subj=kernel msg='unit=modprobe@drm comm="systemd" exe="/usr/lib/systemd/systemd" hostname=? addr=? terminal=? res=success'
[    4.188262] audit: type=1131 audit(1646157836.669:6): pid=1 uid=0 auid=4294967295 ses=4294967295 subj=kernel msg='unit=modprobe@drm comm="systemd" exe="/usr/lib/systemd/systemd" hostname=? addr=? terminal=? res=success'
[    4.194657] systemd[1]: modprobe@fuse.service: Deactivated successfully.
[    4.200360] systemd[1]: Finished Load Kernel Module fuse.
[  OK  ] Finished Load Kernel Module fuse.
[    4.208299] audit: type=1130 audit(1646157836.692:7): pid=1 uid=0 auid=4294967295 ses=4294967295 subj=kernel msg='unit=modprobe@fuse comm="systemd" exe="/usr/lib/systemd/systemd" hostname=? addr=? terminal=? res=success'
[    4.212031] systemd[1]: systemd-modules-load.service: Main process exited, code=exited, status=1/FAILURE
[    4.214295] audit: type=1131 audit(1646157836.695:8): pid=1 uid=0 auid=4294967295 ses=4294967295 subj=kernel msg='unit=modprobe@fuse comm="systemd" exe="/usr/lib/systemd/systemd" hostname=? addr=? terminal=? res=success'
[    4.224242] systemd[1]: systemd-modules-load.service: Failed with result 'exit-code'.
[    4.231236] systemd[1]: Failed to start Load Kernel Modules.
[FAILED] Failed to start Load Kernel Modules.
See 'systemctl status systemd-modules-load.service' for details.
[    4.242513] audit: type=1130 audit(1646157836.726:9): pid=1 uid=0 auid=4294967295 ses=4294967295 subj=kernel msg='unit=systemd-modules-load comm="systemd" exe="/usr/lib/systemd/systemd" hostname=? addr=? terminal=? res=failed'
[    4.249335] systemd[1]: Finished Remount Root and Kernel File Systems.
[  OK  ] Finished Remount Root and Kernel File Systems.
[    4.257371] audit: type=1130 audit(1646157836.741:10): pid=1 uid=0 auid=4294967295 ses=4294967295 subj=kernel msg='unit=systemd-remount-fs comm="systemd" exe="/usr/lib/systemd/systemd" hostname=? addr=? terminal=? res=success'
[    4.262349] systemd[1]: FUSE Control File System was skipped because of a failed condition check (ConditionPathExists=/sys/fs/fuse/connections).
[    4.279530] systemd[1]: Mounting Kernel Configuration File System...
         Mounting Kernel Configuration File System...
[    4.291348] systemd[1]: First Boot Wizard was skipped because of a failed condition check (ConditionFirstBoot=yes).
[    4.300394] systemd[1]: Rebuild Hardware Database was skipped because all trigger condition checks failed.
[    4.316436] systemd[1]: Starting Load/Save Random Seed...
         Starting Load/Save Random Seed...
[    4.324941] random: crng init done
[    4.325572] random: 7 urandom warning(s) missed due to ratelimiting
[    4.337452] systemd[1]: Starting Apply Kernel Variables...
         Starting Apply Kernel Variables...
[    4.367475] systemd[1]: Starting Create System Users...
         Starting Create System Users...
[    4.418376] systemd[1]: Mounted Kernel Configuration File System.
[  OK  ] Mounted Kernel Configuration File System.
[    4.437263] systemd[1]: Finished Load/Save Random Seed.
[  OK  ] Finished Load/Save Random Seed.
[    4.447739] systemd[1]: First Boot Complete was skipped because of a failed condition check (ConditionFirstBoot=yes).
[    4.458282] systemd[1]: Started Journal Service.
[  OK  ] Started Journal Service.
[  OK  ] Finished Apply Kernel Variables.
         Starting Flush Journal to Persistent Storage...
[  OK  ] Finished Create System Users.
         Starting Create Static Device Nodes in /dev...
[    4.558316] systemd-journald[103]: Received client request to flush runtime journal.
[  OK  ] Finished Flush Journal to Persistent Storage.
[  OK  ] Finished Create Static Device Nodes in /dev.
[  OK  ] Reached target Preparation for Local File Systems.
[  OK  ] Reached target Local File Systems.
         Starting Rebuild Dynamic Linker Cache...
         Starting Create Volatile Files and Directories...
         Starting Rule-based Manage…for Device Events and Files...
[  OK  ] Started Rule-based Manager for Device Events and Files.
[  OK  ] Finished Rebuild Dynamic Linker Cache.
[    5.940299] kauditd_printk_skb: 7 callbacks suppressed
[    5.940303] audit: type=1130 audit(1646157838.424:18): pid=1 uid=0 auid=4294967295 ses=4294967295 subj=kernel msg='unit=ldconfig comm="systemd" exe="/usr/lib/systemd/systemd" hostname=? addr=? terminal=? res=success'
[  OK  ] Finished Coldplug All udev Devices.
[    6.134226] audit: type=1130 audit(1646157838.617:19): pid=1 uid=0 auid=4294967295 ses=4294967295 subj=kernel msg='unit=systemd-udev-trigger comm="systemd" exe="/usr/lib/systemd/systemd" hostname=? addr=? terminal=? res=success'
[  OK  ] Finished Create Volatile Files and Directories.
[    6.280988] audit: type=1130 audit(1646157838.764:20): pid=1 uid=0 auid=4294967295 ses=4294967295 subj=kernel msg='unit=systemd-tmpfiles-setup comm="systemd" exe="/usr/lib/systemd/systemd" hostname=? addr=? terminal=? res=success'



         Starting Load Kernel Module fuse...[    6.603921] audit: type=1127 audit(1646157839.087:21): pid=136 uid=0 auid=4294967295 ses=4294967295 subj=kernel msg=' comm="systemd-update-utmp" exe="/usr/lib/systemd/systemd-update-utmp" hostname=? addr=? terminal=? res=success'



[    6.842597] audit: type=1130 audit(1646157839.326:22): pid=1 uid=0 auid=4294967295 ses=4294967295 subj=kernel msg='unit=modprobe@fuse comm="systemd" exe="/usr/lib/systemd/systemd" hostname=? addr=? terminal=? res=success'
[    6.848510] audit: type=1131 audit(1646157839.329:23): pid=1 uid=0 auid=4294967295 ses=4294967295 subj=kernel msg='unit=modprobe@fuse comm="systemd" exe="/usr/lib/systemd/systemd" hostname=? addr=? terminal=? res=success'
[    6.914390] journalctl (135) used greatest stack depth: 24264 bytes left
[  OK  ] Finished Rebuild Journal Catalog.
[    6.930458] audit: type=1130 audit(1646157839.414:24): pid=1 uid=0 auid=4294967295 ses=4294967295 subj=kernel msg='unit=systemd-journal-catalog-update comm="systemd" exe="/usr/lib/systemd/systemd" hostname=? addr=? terminal=? res=success'
[FAILED] Failed to start Load Kernel Modules.
See 'systemctl status systemd-modules-load.service' for details.
[    6.947478] audit: type=1130 audit(1646157839.431:25): pid=1 uid=0 auid=4294967295 ses=4294967295 subj=kernel msg='unit=systemd-modules-load comm="systemd" exe="/usr/lib/systemd/systemd" hostname=? addr=? terminal=? res=failed'
[  OK  ] Finished Record System Boot/Shutdown in UTMP.
[    6.991863] audit: type=1130 audit(1646157839.475:26): pid=1 uid=0 auid=4294967295 ses=4294967295 subj=kernel msg='unit=systemd-update-utmp comm="systemd" exe="/usr/lib/systemd/systemd" hostname=? addr=? terminal=? res=success'
[  OK  ] Listening on Load/Save RF …itch Status /dev/rfkill Watch.
         Starting Update is Completed...
         Starting Load/Save RF Kill Switch Status...
[  OK  ] Finished Update is Completed.
[    7.044303] audit: type=1130 audit(1646157839.528:27): pid=1 uid=0 auid=4294967295 ses=4294967295 subj=kernel msg='unit=systemd-update-done comm="systemd" exe="/usr/lib/systemd/systemd" hostname=? addr=? terminal=? res=success'
[  OK  ] Reached target System Initialization.
[  OK  ] Started Daily verification of password and group files.
[  OK  ] Started Daily Cleanup of Temporary Directories.
[  OK  ] Reached target Timer Units.
[  OK  ] Listening on D-Bus System Message Bus Socket.
[  OK  ] Reached target Socket Units.
[  OK  ] Reached target Basic System.
         Starting Bluetooth service...
[  OK  ] Started D-Bus System Message Bus.
         Starting dhcpcd on all interfaces...
         Starting User Login Management...
[  OK  ] Started Load/Save RF Kill Switch Status.

[  OK  ] Started dhcpcd on all interfaces.
[  OK  ] Reached target Network.
         Starting Permit User Sessions...
[  OK  ] Finished Permit User Sessions.
[  OK  ] Started Getty on tty1.
[  OK  ] Started Serial Getty on ttyS0.
[  OK  ] Reached target Login Prompts.
[  OK  ] Started Bluetooth service.
[  OK  ] Reached target Bluetooth Support.
         Starting Hostname Service...
[  OK  ] Started User Login Management.
[  OK  ] Reached target Multi-User System.
[  OK  ] Reached target Graphical Interface.
[  OK  ] Started Hostname Service.

Arch Linux 5.16.0-rc8+ (ttyS0)
[    8.607744] Bluetooth: hci0: unexpected event for opcode 0x0101

[    8.713566] Bluetooth: hci0: unexpected cc 0x0c03 length: 2 > 1
[    8.714322] Bluetooth: hci0: Opcode 0x c03 failed: -16
[   12.065464] kauditd_printk_skb: 11 callbacks suppressed
[   12.065469] audit: type=1131 audit(1646157844.549:39): pid=1 uid=0 auid=4294967295 ses=4294967295 subj=kernel msg='unit=systemd-rfkill comm="systemd" exe="/usr/lib/systemd/systemd" hostname=? addr=? terminal=? res=success'
