c[?7l[2J[0mSeaBIOS (version rel-1.14.0-0-g155821a1990b-prebuilt.qemu.org)
[    0.000000] Linux version 5.16.0-rc8+ (fuzzer@host) (gcc (GCC) 11.1.0, GNU ld (GNU Binutils) 2.36.1) #3 SMP PREEMPT Thu Jan 6 17:32:53 CET 2022
[    0.000000] Command line: console=ttyS0 root=/dev/sda rw nokaslr
[    0.000000] x86/fpu: x87 FPU will use FXSAVE
[    0.0ax sigframe size: 1440
[    0.000000] BIOS-provided physical RAM map:
[    0.000000] BIOS-e820: [mem 0x0000000000000000-0x000000000009fbff] usable
[    0.000000] BIOS-e820: [mem 0x000000000009fc00-0x000000000009ffff] reserved
[    0.000000] BIOS-e820: [mem 0x00000000000f0000-0x00000000000fffff] reserved
[    0.000000] BIOS-e820: [mem 0x0000000000100000-0x000000007ffdffff] usable
[    0.000000] BIOS-e820: [mem 0x000000007ffe0000-0x000000007fffffff] reserved
[    0.000000] BIOS-e820: [mem 0x00000000feffc000-0x00000000feffffff] reserved
[    0.000000] BIOS-e820: [mem 0x00000000fffc0000-0x00000000ffffffff] reserved
[    0.000000] NX (Execute Disable) protection: active
[    0.000000] SMBIOS 2.8 present.
[    0.000000] DMI: QEMU Standard PC (i440FX + PIIX, 1996), BIOS rel-1.14.0-0-g155821a1990b-prebuilt.qemu.org 04/01/2014
[    0.000000] Hypervisor detected: KVM
[    0.000000] kvm-clock: Using msrs 4b564d01 and 4b564d00
[    0.000000] kvm-clock: cpu 0, msr 5c1f001, primary cpu clock
[    0.000007] kvm-clock: using sched offset of 667564839 cycles
[    0.000014] clocksource: kvm-clock: mask: 0xffffffffffffffff max_cycles: 0x1cd42e4dffb, max_idle_ns: 881590591483 ns
[    0.000028] tsc: Detected 2096.060 MHz processor
[    0.001173] last_pfn = 0x7ffe0 max_arch_pfn = 0x400000000
[    0.001417] x86/PAT: Configuration [0-7]: WB  WC  UC- UC  WB  WP  UC- WT  
[    0.004740] found SMP MP-table at [mem 0x000f5a90-0x000f5a9f]
[    0.005852] ACPI: Early table checksum verification disabled
[    0.005881] ACPI: RSDP 0x00000000000F58B0 000014 (v00 BOCHS )
[    0.005900] ACPI: RSDT 0x000000007FFE1913 000034 (v01 BOCHS  BXPC     00000001 BXPC 00000001)
[    0.005917] ACPI: FACP 0x000000007FFE17C7 000074 (v01 BOCHS  BXPC     00000001 BXPC 00000001)
[    0.005936] ACPI: DSDT 0x000000007FFE0040 001787 (v01 BOCHS  BXPC     00000001 BXPC 00000001)
[    0.005952] ACPI: FACS 0x000000007FFE0000 000040
[    0.005963] ACPI: APIC 0x000000007FFE183B 000078 (v01 BOCHS  BXPC     00000001 BXPC 00000001)
[    0.005976] ACPI: HPET 0x000000007FFE18B3 000038 (v01 BOCHS  BXPC     00000001 BXPC 00000001)
[    0.005989] ACPI: WAET 0x000000007FFE18EB 000028 (v01 BOCHS  BXPC     00000001 BXPC 00000001)
[    0.006001] ACPI: Reserving FACP table memory at [mem 0x7ffe17c7-0x7ffe183a]
[    0.006008] ACPI: Reserving DSDT table memory at [mem 0x7ffe0040-0x7ffe17c6]
[    0.006014] ACPI: Reserving FACS table memory at [mem 0x7ffe0000-0x7ffe003f]
[    0.006019] ACPI: Reserving APIC table memory at [mem 0x7ffe183b-0x7ffe18b2]
[    0.006025] ACPI: Reserving HPET table memory at [mem 0x7ffe18b3-0x7ffe18ea]
[    0.006030] ACPI: Reserving WAET table memory at [mem 0x7ffe18eb-0x7ffe1912]
[    0.006561] No NUMA configuration found
[    0.006571] Faking a node at [mem 0x0000000000000000-0x000000007ffdffff]
[    0.006592] NODE_DATA(0) allocated [mem 0x7ffdc000-0x7ffdffff]
[    0.046838] Zone ranges:
[    0.046851]   DMA      [mem 0x0000000000001000-0x0000000000ffffff]
[    0.046858]   DMA32    [mem 0x0000000001000000-0x000000007ffdffff]
[    0.046864]   Normal   empty
[    0.046868] Movable zone start for each node
[    0.046872] Early memory node ranges
[    0.046874]   node   0: [mem 0x0000000000001000-0x000000000009efff]
[    0.046879]   node   0: [mem 0x0000000000100000-0x000000007ffdffff]
[    0.046884] Initmem setup node 0 [mem 0x0000000000001000-0x000000007ffdffff]
[    0.046897] On node 0, zone DMA: 1 pages in unavailable ranges
[    0.046999] On node 0, zone DMA: 97 pages in unavailable ranges
[    0.060427] On node 0, zone DMA32: 32 pages in unavailable ranges
[    0.277554] kasan: KernelAddressSanitizer initialized
[    0.277917] ACPI: PM-Timer IO Port: 0x608
[    0.277933] ACPI: LAPIC_NMI (acpi_id[0xff] dfl dfl lint[0x1])
[    0.277993] IOAPIC[0]: apic_id 0, version 17, address 0xfec00000, GSI 0-23
[    0.278005] ACPI: INT_SRC_OVR (bus 0 bus_irq 0 global_irq 2 dfl dfl)
[    0.278011] ACPI: INT_SRC_OVR (bus 0 bus_irq 5 global_irq 5 high level)
[    0.278015] ACPI: INT_SRC_OVR (bus 0 bus_irq 9 global_irq 9 high level)
[    0.278022] ACPI: INT_SRC_OVR (bus 0 bus_irq 10 global_irq 10 high level)
[    0.278026] ACPI: INT_SRC_OVR (bus 0 bus_irq 11 global_irq 11 high level)
[    0.278035] ACPI: Using ACPI (MADT) for SMP configuration information
[    0.278038] ACPI: HPET id: 0x8086a201 base: 0xfed00000
[    0.278052] smpboot: Allowing 1 CPUs, 0 hotplug CPUs
[    0.278116] PM: hibernation: Registered nosave memory: [mem 0x00000000-0x00000fff]
[    0.278122] PM: hibernation: Registered nosave memory: [mem 0x0009f000-0x0009ffff]
[    0.278126] PM: hibernation: Registered nosave memory: [mem 0x000a0000-0x000effff]
[    0.278129] PM: hibernation: Registered nosave memory: [mem 0x000f0000-0x000fffff]
[    0.278136] [mem 0x80000000-0xfeffbfff] available for PCI devices
[    0.278140] Booting paravirtualized kernel on KVM
[    0.278148] clocksource: refined-jiffies: mask: 0xffffffff max_cycles: 0xffffffff, max_idle_ns: 1910969940391419 ns
[    0.293057] setup_percpu: NR_CPUS:64 nr_cpumask_bits:64 nr_cpu_ids:1 nr_node_ids:1
[    0.293627] percpu: Embedded 66 pages/cpu s232784 r8192 d29360 u2097152
[    0.293719] kvm-guest: stealtime: cpu 0, msr 6ce27400
[    0.293736] Fallback order for Node 0: 0 
[    0.293759] Built 1 zonelists, mobility grouping on.  Total pages: 515808
[    0.293762] Policy zone: DMA32
[    0.293769] Kernel command line: console=ttyS0 root=/dev/sda rw nokaslr
[    0.293865] Unknown kernel command line parameters "nokaslr", will be passed to user space.
[    0.294234] Dentry cache hash table entries: 262144 (order: 9, 2097152 bytes, linear)
[    0.294447] Inode-cache hash table entries: 131072 (order: 8, 1048576 bytes, linear)
[    0.294498] mem auto-init: stack:off, heap alloc:off, heap free:off
[    0.349177] Memory: 1678568K/2096632K available (47119K kernel code, 8514K rwdata, 9224K rodata, 1860K init, 18464K bss, 417808K reserved, 0K cma-reserved)
[    0.349913] SLUB: HWalign=64, Order=0-3, MinObjects=0, CPUs=1, Nodes=1
[    0.354145] Dynamic Preempt: voluntary
[    0.355096] Running RCU self tests
[    0.355121] rcu: Preemptible hierarchical RCU implementation.
[    0.355125] rcu: 	RCU event tracing is enabled.
[    0.355129] rcu: 	RCU lockdep checking is enabled.
[    0.355133] rcu: 	RCU restricting CPUs from NR_CPUS=64 to nr_cpu_ids=1.
[    0.355138] 	Trampoline variant of Tasks RCU enabled.
[    0.355143] rcu: RCU calculated value of scheduler-enlistment delay is 100 jiffies.
[    0.355148] rcu: Adjusting geometry for rcu_fanout_leaf=16, nr_cpu_ids=1
[    0.391328] NR_IRQS: 4352, nr_irqs: 256, preallocated irqs: 16
[    0.392144] random: get_random_bytes called from start_kernel+0x1f0/0x3a4 with crng_init=0
[    0.399426] Console: colour VGA+ 80x25
[    0.937428] printk: console [ttyS0] enabled
[    0.937898] Lock dependency validator: Copyright (c) 2006 Red Hat, Inc., Ingo Molnar
[    0.938758] ... MAX_LOCKDEP_SUBCLASSES:  8
[    0.939223] ... MAX_LOCK_DEPTH:          48
[    0.939696] ... MAX_LOCKDEP_KEYS:        8192
[    0.940190] ... CLASSHASH_SIZE:          4096
[    0.940687] ... MAX_LOCKDEP_ENTRIES:     32768
[    0.941210] ... MAX_LOCKDEP_CHAINS:      65536
[    0.941723] ... CHAINHASH_SIZE:          32768
[    0.942236]  memory used by lock dependency info: 6365 kB
[    0.942856]  memory used for stack traces: 4224 kB
[    0.943411]  per task-struct memory footprint: 1920 bytes
[    0.944163] ACPI: Core revision 20210930
[    0.945229] clocksource: hpet: mask: 0xffffffff max_cycles: 0xffffffff, max_idle_ns: 19112604467 ns
[    0.946488] APIC: Switch to symmetric I/O mode setup
[    0.948569] ..TIMER: vector=0x30 apic1=0 pin1=2 apic2=-1 pin2=-1
[    0.949354] clocksource: tsc-early: mask: 0xffffffffffffffff max_cycles: 0x1e36a685b69, max_idle_ns: 440795255641 ns
[    0.950772] Calibrating delay loop (skipped) preset value.. 4192.12 BogoMIPS (lpj=2096060)
[    0.951751] pid_max: default: 32768 minimum: 301
[    0.953030] LSM: Security Framework initializing
[    0.953833] SELinux:  Initializing.
[    0.954846] Mount-cache hash table entries: 4096 (order: 3, 32768 bytes, linear)
[    0.955761] Mountpoint-cache hash table entries: 4096 (order: 3, 32768 bytes, linear)
[    0.959247] process: using AMD E400 aware idle routine
[    0.959756] Last level iTLB entries: 4KB 512, 2MB 255, 4MB 127
[    0.960449] Last level dTLB entries: 4KB 512, 2MB 255, 4MB 127, 1GB 0
[    0.960762] Spectre V1 : Mitigation: usercopy/swapgs barriers and __user pointer sanitization
[    0.961752] Spectre V2 : Mitigation: Full AMD retpoline
[    0.962750] Spectre V2 : Spectre v2 / SpectreRSB mitigation: Filling RSB on context switch
[    0.984805] Freeing SMP alternatives memory: 44K
[    1.087954] smpboot: CPU0: AMD QEMU Virtual CPU version 2.5+ (family: 0xf, model: 0x6b, stepping: 0x1)
[    1.089960] Running RCU-tasks wait API self tests
[    1.090783] Performance Events: AMD PMU driver.
[    1.091241on:                0
[    1.091760] ... bit width:              48
[    1.092182] ... generic registers:      4
[    1.092751] ... value mask:             0000ffffffffffff
[    1.093306] ... max period:             00007fffffffffff
[    1.093751] ... fixed-purpose events:   0
[    1.094173] ... event mask:             000000000000000f
[    1.095289] rcu: Hierarchical SRCU implementation.
[    1.099203] smp: Bringing up secondary CPUs ...
[    1.099707] smp: Brought up 1 node, 1 CPU
[    1.099826] smpboot: Max logical packages: 1
[    1.100279] smpboot: Total of 1 processors activated (4192.12 BogoMIPS)
[    1.103540] devtmpfs: initialized
[    1.111057] clocksource: jiffies: mask: 0xffffffff max_cycles: 0xffffffff, max_idle_ns: 1911260446275000 ns
[    1.111791] futex hash table entries: 256 (order: 3, 32768 bytes, linear)
[    1.113958] PM: RTC time: 15:02:51, date: 2022-01-10
[    1.115784] NET: Registered POUTE protocol family
[    1.119959] audit: initializing netlink subsys (disabled)
[    1.122835] thermal_sys: Registered thermal governor 'step_wise'
[    1.122841] thermal_sys: Registered thermal governor 'user_space'
[    1.123606] audit: type=2000 audit(1641826971.205:1): state=initialized audit_enabled=0 res=1
[    1.124846] cpuidle: using governor menu
[    1.127150] PCI: Using configuration type 1 for base access
[    1.200962] kprobes: kprobe jump-optimization is enabled. All kprobes are optimized if possible.
[    1.203406] HugeTLB registered 2.00 MiB page size, pre-allocated 0 pages
[    1.205532] ACPI: Added _OSI(Module Device)
[    1.205799] ACPI: Added _OSI(Processor Device)
[  ACPI: Added _OSI(3.0 _SCP Extensions)
[    1.206827] ACPI: Added _OSI(Processor Aggregator Device)
[    1.207793] ACPI: Added _OSI(Linux-Dell-Video)
[    1.208278] ACPI: Added _OSI(Linux-Lenovo-NV-HDMI-Audio)
[    1.208767] ACPI: Added _OSI(Linux-HPI-Hybrid-Graphics)
[    1.271584] ACPI: 1 ACPI AML tables successfully acquired and loaded
[    1.286727] ACPI: Interpreter enabled
[    1.287130] ACPI: PM: (supports S0 S3 S4 S5)
[    1.287923] ACPI: Using IOAPIC for interrupt routing
[    1.288923] PCI: Using host bridge windows from ACPI; i use "pci=nocrs" and report a bug
[    1.293426] ACPI: Enabled 2 GPEs in block 00 to 0F
[    1.299916] Callback from call_rcu_tasks() invoked.
[    1.408493] ACPI: PCI Root Bridge [PCI0] (domain 0000 [bus 00-ff])
[    1.408913] acpi PNP0A03:00: _OSC: OS supports [ASPM ClockPM Segments MSI HPX-Type3]
[    1.409801] acpi PNP0A03:00: _OSC: not requesting OS controles [ExtendedConfig ASPM ClockPM MSI]
[    1.411300] acpi PNP0A03:00: fail to add MMCONFIG information, can't access extended PCI configuration space under this bridge.
[    1.413047] PCI host bridge to bus 0000:00
[    1.413530] pci_bus 0000:00: root bus resource [io  0x0000-0x0cf7 window]
[    1.413876] pci_bus 0000:00: root bus resource [io  0x0d00-0xffff window]
[    1.414807] pci_bus 0000:00: root bus resource [mem 0x000a0000-0x000bffff window]
[    1.415762] pci_bus 0000:00: root bus resource [mem 0x80000000-0xfebfffff window]
[    1.416763] pci_bus 0000:00: root bus resource [mem 0x100000000-0x17fffffff window]
[    1.417594] pci_bus 0000:00: root bus resource [bus 00-ff]
[    1.418049] pci 0000:00:00.0: [8086:1237] type 00 class 0x060000
[    1.447957] pci 0000:00:01.0: [8086:7000] type 00 class 0x060100
[    1.451351] pci 0000:00:01.1: [8086:7010] type 00 class 0x010180
[    1.456172] pci 0000:00:01.1: reg 0x20: [io  0xc020-0xc02f]
[    1.458201] pci 0000:00:01.1: legacy IDE quirk: reg 0x10: [io  0x01f0-0x0158764] pci 0000:00:01.1: legacy IDE quirk: reg 0x14: [io  0x03f6]
[    1.459766] pci 0000:00:01.1: legacy IDE quirk: reg 0x18: [io  0x0170-0x0177]
[    1.460752] pci 0000:00:01.1: legacy IDE quirk: reg 0x1c: [io  0x0376]
[    1.463514] pci 0000:00:01.2: [8086:7020] type 00 class 0x0c0300
[    1.468149] pci 0000:00:01.2: reg 0x20: [io  0xc000-0xc01f]
[    1.471617] pci 0000:00:01.3: [8086:7113] type 00 class 0x068000
[    1.472860] pci 0000:00:01.3: quirk: [io  0x0600-0x063f] claimed by PIIX4 ACPI
[    1.473656] pci 0000:00:01.3: quirk: [io  0x0700-0x070f] claimed by PIIX4 SMB
[    1.475569] pci 0000:00:02.0: [1af4:1050] type 00 class 0x030000
[    1.478775] pci 0000:00:02.0: reg 0x10: [mem 0xf0000000-0xf07fffff pref]
[    1.484784] pci 0000:00:02.0: reg 0x18: [mem 0xf0800000-0xf0803fff 64bit pref]
[    1.488770] pci 0000:00:02.0: reg 0x20: [mem 0xfebf4000-0xfebf4fff]
[    1.494767] pci 0000:00:02.0: reg 0x30: [mem-0xfebeffff pref]
[    1.531034] pci 0000:00:03.0: [8086:293e] type 00 class 0x040300
[    1.532755] pci 0000:00:03.0: reg 0x10: [mem 0xfebf0000-0xfebf3fff]
[    1.567156] pci 0000:00:04.0: [1af4:1068] type 00 class 0x00ff00
[    1.572206] pci 0000:00:04.0: reg 0x20: [mem 0xf0804000-0xf0807fff
[    1.603525] pci 0000:00:05.0: [1af4:1110] type 00 class 0x050000
[    1.605772] pci 0000:00:05.0: reg 0x10: [mem 0xfebf5000-0xfebf50ff]
[    1.610764] pci 0000:00:05.0: reg 0x18: [mem 0xe0000000-0xefffffff 64bit pref]
[    1.660919] ACPI: PCI: Interrupt link LNKA configure0
[    1.665796] ACPI: PCI: Interrupt link LNKB configured for IRQ 10
[    1.669675] ACPI: PCI: Interrupt link LNKC configured for IRQ 11
[    1.674140] ACPI: PCI: Interrupt link LNKD configured for IRQ 11
[    1.677181] ACPI: PCI: Interrupt link LNKS configured for IRQ 9
[    1.682531] iommu: Default domain type: Translated 
[    1.682786] iommu: DMA domain TLB invalidation policy: lazy mode 
[    1.684854] pci 0000:00:02.0: vgaarb: setting as boot VGA device
[    1.685632] pci 0000:00:02.0: vgaarb: VGA device added: decodes=io+mem,owns=io+mem,locks=none
[    1.685810] pci 0000:00:02.0: vgaarb: bridge control possible
[    1.686564] vgaarb: loaded
[    1.690037] SCSI subsystem initialized
[    1.692169] ACPI: bus type USB registered
[    1.693242] usbcore: registered new interface driver usbfs
[    1.695038] usbcore: registered new interface driver hub
[    1.695940] usbcore: registered new device driver usb
[    1.697134] pps_core: LinuxPPS API ver. 1 registered
[    1.697723] pps_core: Software ver. 5.3.6 - Copyright 2005-2007 Rodolfo Giometti <giometti@linux.it>
[    1.697888] PTP clock support registered
[    1.699499] Advanced Linux Sound Architecture Driver Initialized.
[    1.703568] Bluetooth: Core ver 2.22
[    1.703974] NET: Registered PF_BLUETOOTH protocol family
[    1.704798] Bluetooth: HCI device and connection manager initialized
[    1.705919] Bluetooth: HCI socket layer initialized
[    1.706791] Bluetooth: L2CAP socket layer initialized
[    1.707526] Bluetooth: SCO socket layer initialized
[    1.707907] NetLabel: Initializing
[    1.708755] NetLabel:  domain hash size = 128
[    1.709299] NetLabel:  protocols = UNLABELED CIPSOv4 CALIPSO
[    1.710061] NetLabel:  unlabeled traffic allowed by default
[    1.711245] PCI: Using ACPI for IRQ routing
[    1.712130] hpet: 3 channels of 0 reserved for per-cpu timers
[    1.712850] hpet0: at MMIO 0xfed00000, IRQs 2, 8, 0
[    1.713751] hpet0: 3 comparators, 64-bit 100.000000 MHz counter
[    1.719095] clocksource: Switched to clocksource kvm-clock
[    1.960113] kwatchdog (26) used greatest stack depth: 29936 bytes left
[    2.084106] VFS: Disk quotas dquot_6.6.0
[    2.260858] VFS: Dquot-cache hash table entries: 512 (order 0, 4096 bytes)
[    2.263539] pnp: PnP ACPI init
[    2.289077] pnp: PnP ACPI: found 6 devices
[    2.334018] clocksource: acpi_pm: mask: 0xffffff max_cycles: 0xffffff, max_idle_ns: 2085701024 ns
[    2.338056] Nstered PF_INET protocol family
[    2.726744] IP idents hash table entries: 32768 (order: 6, 262144 bytes, linear)
[    2.730018] tcp_listen_portaddr_hash hash table entries: 1024 (order: 4, 81920 bytes, linear)
[    2.731266] TCP established hash table entries: 16384 (order: 5, 131072 bytes, linear)
[    2.732516] TCP bind hash table entries: 16384 (order: 8, 1179648 bytes, linear)
[    2.734337] TCP: Hash tables configured (established 16384 bind 16384)
[    2.735697] UDP hash table entries: 1024 (order: 5, 163840 bytes, linear)
[    2.736826] UDP-Lite hash table entries: 1024 (order: 5, 163840 bytes, linear)
[    2.738923] NET: Registered PF_UNIX/PF_LOCAL protocol family
[    2.741343] RPC: Registered named UNIX socket transport module.
[    2.742238] RPC: Registered udp transport module.
[    2.742873] RPC: Registered tcp transport module.
[    2.743485] RPC: Registered tcp NFSv4.1 backchannel transport module.
[    2.745999] pci_bus 0000:00: resource 4 [io  0x0000-0x0cf7 window]
[    2.746849] pci_bus 0000:00: resource 5 [io  0x0d00-0xffff window]
[    2.747643] pci_bus 0000:00: resource 6 [mem 0x000a0000-0x000bffff window]
[    2.748551] pci_bus 0000:00: resource 7 [mem 0x80000000-0xfebfffff window]
[    2.749446] pci_bus 0000:00: resource 8 [mem 0x100000000-0x17fffffff window]
[    2.751625] pci 0000:00:01.0: PIIX3: Enabling Passive Release
[    2.752479] pci 0000:00:00.0: Limiting direct PCI/PCI transfers
[    2.753274] pci 0000:00:01.0: Activating ISA DMA hang workarounds
[    5.741711] ACPI: \_SB_.LNKD: Enabled at IRQ 11
[    8.637481] pci 0000:00:01.2: quirk_usb_early_handoff+0x0/0xaa0 took 5745452 usecs
[    8.638356] pci 0000:00:02.0: Video device with shadowed ROM at [mem 0x000c0000-0x000dffff]
[    8.639195] PCI: CLS 0 bytes, default 64
[    8.641140] clocksource: tsc: mask: 0xfffffffffff max_cycles: 0x1e36a685b69, max_idle_ns: 440795255641 ns
[    8.840908] afl_map is not set
[    8.842956] Initialise system trusted keyrings
[    8.844189] workingset: timestamp_bits=56 max_order=19 bucket_order=0
[    8.905426] NFS: Registering the id_resolver key type
[    8.906104] Key type id_resolver registered
[    8.906558_legacy registered
[    9.343336] 9p: Installing v9fs 9p2000 file system support
[    9.355601] Key type asymmetric registered
[    9.356154] Asymmetric key parser 'x509' registered
[    9.357304] Block layer SCSI generic (bsg) driver version 0.4 loaded (major 251)
[    9.358053] io scheduler mq-deadline registered
[    9.358480] io scheduler kyber regis.595428] input: Power Button as /devices/LNXSYSTM:00/LNXPWRBN:00/input/input0
[    9.851287] ACPI: button: Power Button [PWRF]
[   13.351394] ACPI: \_SB_.LNKB: Enabled at IRQ 10
[   16.863333] Serial: 8250/16550 driver, 4 ports, IRQ sharing enabled
[   16.864389] 00:04: ttyS0 at I/O 0x3f8 (irq = 4, base_baud = 115200) is a 16550A
[   16.872189] Non-volatile memory driver v1.3
[   16.873120] Linux agpgart interface v0.103
[   16.874331] ACPI: bus typdrm_connector registered
[   16.954662] [drm] pci: virtio-vga detected at 0000:00:02.0
[   16.955561] virtio-pci 0000:00:02.0: vgaarb: deactivate vga console
[   16.959398] Console: switching to colour dummy device 80x25
[   16.960880] [drm] features: -virgl +edid -resource_blob -host_visible
[   16.960885] [drm] features: -context_init
[   16.964985] [drm] number of scanouts: 1
[   16.965511] [drm] number of cap sets: 0
[   16.971398] [drm] Initialized virtio_gpu 0.1.0 0 for virtio0 on minor 0
[   17.001168] loop: module loaded
[   17.013824] scsi host0: ata_piix
[   17.017489] scsi host1: ata_piix
[   17.019012] ata1: PATA max MWDMA2 cmd 0x1f0 ctl 0x3f6 bmdma 0xc020 irq 14
[   17.019751] ata2: PATA max MWDMA2 cmd 0x170 ctl 0x376 bmdma 0xc028 irq 15
[   17.027197(R) PRO/100 Network Driver
[   17.483181] e100: Copyright(c) 1999-2006 Intel Corporation
[   17.485173] ata1.00: ATA-7: QEMU HARDDISK, 2.5+, max UDMA/100
[   17.485823] ata1.00: 20971520 sectors, multi 16: LBA48 
[   17.486522] ata1.00: Read log 0x00 page 0x00 failed, Emask 0x1
[   17.487358] ata2.00: ATAPI: QEMU DVD-ROM, 2.5+, max UDMA/100
[   17.489583] scsi 0:0:0:0: Direct-Access     ATA      QEMU HARDDISK    2.5+ PQ: 0 ANSI: 5
[   17.493274] e1000: Intel(R) PRO/1000 Network Driver
[   17.493863] e1000: Copyright (c) 1999-2006 Intel Corporation.
[   17.494673] scsi 0:0:0:0: Attached scsi generic sg0 type 0
[   17.495581] e1000e: Intel(R) PRO/1000 Network Driver
[   17.496147] e1000e: Copyright(c) 1999 - 2015 Intel Corporation.
[   17.498634] sd 0:0:0:0: [sda] 20971520 512-byte logical blocks: (10.7 GB/10.0 GiB)
[   17.499606] sd 0:0:0:0: [sda] Write Protect is off
[   17.500324] sd 0:0:0:0: [sda] Write cache: enabled, read cache: enabled, doesn't support DPO or FUA
[   17.502209] scsi 1:0:0:0: CD-ROM            QEMU     QEMU DVD-ROM     2.5+ PQ: 0 ANSI: 5
[   17.506376] sky2: driver version 1.30
[   17.510160] ehci_hcd: USB 2.0 'Enhanced' Host Controller (EHCI) Driver
[   17.510927] ehci-pci: EHCI PCI platform driver
[   17.513344] ohci_hcd: USB 1.1 'Open' Host Controller (OHCI) Driver
[   17.514104] ohci-pci: OHCI PCI platform driver
[   17.514685] uhci_hcd: USB Universal Host Controller Interface driver
[   17.518419] sr 1:0:0:0: [sr0] scsi3-mmc drive: 4x/4x cd/rw xa/form2 tray
[   17.519273] cdrom: Uniform CD-ROM driver Revision: 3.20
[   17.521084] sd 0:0:0:0: [sda] Attached SCSI disk
[   17.544289] sr 1:0:0:0: Attached scsi generic sg1 type 5
[   21.122458] uhci_hcd 0000:00:01.2: UHCI Host Controller
[   21.124199] uhci_hcd 0000:00:01.2: new USB bus registered, assigned bus number 1
[   21.125410] uhci_hcd 0000:00:01.2: irq 11, io port 0x0000c000
[   21.127158] usb usb1: New USB device found, idVendor=1d6b, idProddDevice= 5.16
[   21.572803] usb usb1: New USB device strings: Mfr=3, Product=2, SerialNumber=1
[   21.573948] usb usb1: Product: UHCI Host Controller
[   21.574705] usb usb1: Manufacturer: Linux 5.16.0-rc8+ uhci_hcd
[   21.575626] usb usb1: SerialNumber: 0000:00:01.2
[   21.580564] hub 1-0:1.0: USB hub found
[   21.581705] hub 1-0:1.0: 2 ports detected
[   21.589311] usbcore: registered new interface driver usblp
[   21.590422] usbcore: registered new interface driver usb-storage
[   21.591970] i8042: PNP: PS/2 Controller [PNP0303:KBD,PNP0f13:MOU] at 0x60,0x64 irq 1,12
[   21.594877] serio: i8042 KBD port at 0x60,0x64 irq 137] serio: i8042 AUX port at 0x60,0x64 irq 12
[   22.093706] input: AT Translated Set 2 keyboard as /devices/platform/i8042/serio0/input/input1
[   22.096993] rtc_cmos 00:05: RTC can wake from S4
[   22.103873] rtc_cmos 00:05: registered as rtc0
[   22.104678] rtc_cmos 00:05: alarms up to one day, y3k, 242 bytes nvram, hpet irqs
[   22.107928] device-mapper: ioctl: 4.45.0-ioctl (2021-03-22) initialised: dm-devel@redhat.com
[   22.111739] hid: raw HID events driver (C)
[   22.603067] hpet: Lost 31 RTC interrupts
[   22.608104] usbcore: registered new interface driver usbhid
[   22.608714] usbhid: USB HID core driver
[   24.853209] KVM_IVSHMEM is ready
[   24.853217] KVM_IVSHMEM: ioaddr = e0000000, base_addr = (____ptrval____), ioaddr_size = 268435456
[   24.854567] usb 1-1: new full-speed USB device number 2 using uhci_hcd
[   24.855688] random: fast init done
[   25.025323] usb 1-1: NeSB device found, idVendor=0627, idProduct=0001, bcdDevice= 0.00
[   25.149896] usb 1-1: New USB device strings: Mfr=1, Product=3, SerialNumber=10
[   25.150804] usb 1-1: Product: QEMU USB Tablet
[   25.151351] usb 1-1: Manufacturer: QEMU
[   25.151829] usb 1-1: SerialNumber: 28754-0000:00:01.2-1
[   25.154231] input: ImExPS/2 Generic Explorer Mouse as /devices/platform/i8042/serio1/input/input3
[   25.294544] Bluetooth: hci0: unexpected event 0x04 length: 39 > 10
[   25.305415] input: QEMU QEMU USB Tablet as /devices/pci0000:00/0000:00:01.2/usb1/1-1/1-1:1.0/0003:0627:0001.0001/input/input4
[   25.313191] hid-generic 0003:0627:0001.0001: input,hidraw0: USB HID v0.01 Mouse [QEMU QEMU USB Tablet] on usb-0000:00:01.2-1/input0
[   25.319213] Bluetooth: hci0: unexpected event 0x03 length: 45 > 11
[   25.332364] Bluetooth: hci0: unexpected event 0x03 length: 44 > 11
[   25.333317] debugfs: Directory '16' with parent 'hci0' already present!
[   25.334349] sysfs: cannot create duplicate filename '/devices/virtual/bluetooth/hci0/hci0:16'
[   25.335460] CPU: 0 PID: 45 Comm: kworker/u3:2 Not tainted 5.16.0-rc8+ #3
[   25.336273] Hardware name: QEMU Standard PC (i440FX + PIIX, 1996), BIOS rel-1.14.0-0-g155821a1990b-prebuilt.qemu.org 04/01/2014
[   25.336444] Workqueue: hci0 hci_rx_work
[   25.336444] Call Trace:
[   25.336444]  <TASK>
[   25.336444]  dump_stack_lvl+0x45/0x59
[   25.336444]  sysfs_warn_dup.cold+0x17/0x24
[   25.336444]  sysfs_create_dir_ns+0x1eb/0x260
[   25.336444]  ? sysfs_create_mount_point+0x80/0x80
[   25.336444]  ? rwlock_bug.part.0+0x90/0x90
[   25.336444]  ? do_raw_spin_unlock+0x4f/0x210
[   25.336444]  kobject_add_internal+0x223/0x920
[   25.336444]  ? lock_release+0x3b2/0x6f0
[   25.336444]  kobject_add+0x120/0x190
[   25.336444]  ? mark_held_locks+0x9e/0xe0
[   25.336444]  ? kset_create_and_add+0x170/0x170
[   25.336444]  ? kasan_quarantine_put+0x87/0x1d0
[   25.336444]  ? lockdep_hardirqs_on+0x79/0x100
[   25.336444]  ? kasan_quarantine_put+0x87/0x1d0
[   25.336444]  ? kobject_set_name_vargs+0xad/0x110
[   25.336444]  ? kobject_get+0x50/0xe0
[   25.336444]  device_add+0x2cd/0x1b20
[   25.336444]  ? dev_set_name+0xa6/0xd0
[   25.336444]  ? device_initialize+0x540/0x540
[   25.336444]  ? __fw_devlink_link_to_suppliers+0x480/0x480
[   25.336444]  ? hci_debugfs_create_conn+0x17b/0x1f0
[   25.336444]  ? hci_debugfs_create_le+0x850/0x850
[   25.336444]  hci_conn_add_sysfs+0x8d/0xf0
[   25.336444]  hci_conn_complete_evt+0x4db/0x10b0
[   25.336444]  ? lock_chain_count+0x20/0x20
[   25.336444]  ? hci_encrypt_change_evt+0xf20/0xf20
[   25.336444]  ? lock_is_held_type+0xd7/0x130
[   25.336444]  hci_event_packet+0x7b2/0xdd0
[   25.336444]  ? hci_encrypt_change_evt+0xf20/0xf20
[   25.336444]  ? hci_le_ext_adv_term_evt+0x850/0x850
[   25.336444]  ? lockdep_hardirqs_on_prepare+0x17b/0x400
[   25.336444]  hci_rx_work+0x4d3/0xb90
[   25.336444]  process_one_work+0x904/0x1590
[   25.336444]  ? lock_release+0x6f0/0x6f0
[   25.336444]  ? pwq_dec_nr_in_flight+0x230/0x230
[   25.336444]  ? rwlock_bug.part.0+0x90/0x90
[   25.336444]  ? _raw_spin_lock_irq+0x41/0x50
[   25.336444]  worker_thread+0x57c/0x1260
[   25.336444]  ? process_one_work+0x1590/0x1590
[   25.336444]  kthread+0x3b2/0x490
[   25.336444]  ? _raw_spin_unlock_irq+0x1f/0x40
[   25.336444]  ? set_kthread_struct+0x100/0x100
[   25.336444]  ret_from_fork+0x22/0x30
[   25.336444]  </TASK>
[   25.362615] kobject_add_internal failed for hci0:16 with -EEXIST, don't try to register things with the same name in the same directory.
[   25.364234] Bluetooth: hci0: failed to register connection device
[   25.375675] Bluetooth: hci0: unexpected event 0x03 length: 19 > 11
[   25.377034] ==================================================================
[   25.377759] BUG: KASAN: use-after-free in klist_add_tail+0xc0/0xe0
[   25.377759] Read of size 8 at addr ffff8880108d2868 by task kworker/u3:2/45
[   25.377759] 
[   25.377759] CPU: 0 PID: 45 Comm: kworker/u3:2 Not tainted 5.16.0-rc8+ #3
[   25.377759] Hardware name: QEMU Standard PC (i440FX + PIIX, 1996), BIOS rel-1.14.0-0-g155821a1990b-prebuilt.qemu.org 04/01/2014
[   25.377759] Workqueue: hci0 hci_rx_work
[   25.377759] Call Trace:
[   25.377759]  <TASK>
[   25.377759]  dump_stack_lvl+0x45/0x59
[   25.377759]  print_address_description.constprop.0+0x1f/0x140
[   25.377759]  ? klist_add_tail+0xc0/0xe0
[   25.377759]  kasan_report.cold+0x7f/0x11b
[   25.377759]  ? klist_add_tail+0xc0/0xe0
[   25.377759]  klist_add_tail+0xc0/0xe0
[   25.377759]  device_add+0xa1f/0x1b20
[   25.377759]  ? device_initialize+0x540/0x540
[   25.377759]  ? __fw_devlink_link_to_suppliers+0x480/0x480
[   25.377759]  ? hci_debugfs_create_conn+0x17b/0x1f0
[   25.377759]  ? hci_debugfs_create_le+0x850/0x850
[   25.377759]  hci_conn_add_sysfs+0x8d/0xf0
[   25.377759]  hci_conn_complete_evt+0x4db/0x10b0
[   25.377759]  ? lock_chain_count+0x20/0x20
[   25.377759]  ? hci_encrypt_change_evt+0xf20/0xf20
[   25.377759]  ? lock_is_held_type+0xd7/0x130
[   25.377759]  hci_event_packet+0x7b2/0xdd0
[   25.377759]  ? hci_encrypt_change_evt+0xf20/0xf20
[   25.377759]  ? hci_le_ext_adv_term_evt+0x850/0x850
[   25.377759]  ? lockdep_hardirqs_on_prepare+0x17b/0x400
[   25.377759]  hci_rx_work+0x4d3/0xb90
[   25.377759]  process_one_work+0x904/0x1590
[   25.377759]  ? lock_release+0x6f0/0x6f0
[   25.377759]  ? pwq_dec_nr_in_flight+0x230/0x230
[   25.377759]  ? rwlock_bug.part.0+0x90/0x90
[   25.377759]  ? _raw_spin_lock_irq+0x41/0x50
[   25.377759]  worker_thread+0x57c/0x1260
[   25.377759]  ? process_one_work+0x1590/0x1590
[   25.377759]  kthread+0x3b2/0x490
[   25.377759]  ? _raw_spin_unlock_irq+0x1f/0x40
[   25.377759]  ? set_kthread_struct+0x100/0x100
[   25.377759]  ret_from_fork+0x22/0x30
[   25.377759]  </TASK>
[   25.377759] 
[   25.377759] Allocated by task 45:
[   25.377759]  kasan_save_stack+0x1e/0x50
[   25.377759]  __kasan_kmalloc+0x81/0xa0
[   25.377759]  device_add+0xc6f/0x1b20
[   25.377759]  hci_conn_add_sysfs+0x8d/0xf0
[   25.377759]  hci_conn_complete_evt+0x4db/0x10b0
[   25.377759]  hci_event_packet+0x7b2/0xdd0
[   25.377759]  hci_rx_work+0x4d3/0xb90
[   25.377759]  process_one_work+0x904/0x1590
[   25.377759]  worker_thread+0x57c/0x1260
[   25.377759]  kthread+0x3b2/0x490
[   25.377759]  ret_from_fork+0x22/0x30
[   25.377759] 
[   25.377759] Freed by task 45:
[   25.377759]  kasan_save_stack+0x1e/0x50
[   25.377759]  kasan_set_track+0x21/0x30
[   25.377759]  kasan_set_free_info+0x20/0x30
[   25.377759]  __kasan_slab_free+0xec/0x120
[   25.377759]  kfree+0xbd/0x330
[   25.377759]  device_add+0x334/0x1b20
[   25.377759]  hci_conn_add_sysfs+0x8d/0xf0
[   25.377759]  hci_conn_complete_evt+0x4db/0x10b0
[   25.377759]  hci_event_packet+0x7b2/0xdd0
[   25.377759]  hci_rx_work+0x4d3/0xb90
[   25.377759]  process_one_work+0x904/0x1590
[   25.377759]  worker_thread+0x57c/0x1260
[   25.377759]  kthread+0x3b2/0x490
[   25.377759]  ret_from_fork+0x22/0x30
[   25.377759] 
[   25.377759] The buggy address belongs to the object at ffff8880108d2800
[   25.377759]  which belongs to the cache kmalloc-512 of size 512
[   25.377759] The buggy address is located 104 bytes inside of
[   25.377759]  512-byte region [ffff8880108d2800, ffff8880108d2a00)
[   25.377759] The buggy address belongs to the page:
[   25.377759] page:(____ptrval____) refcount:1 mapcount:0 mapping:0000000000000000 index:0x0 pfn:0x108d2
[   25.377759] head:(____ptrval____) order:1 compound_mapcount:0
[   25.377759] flags: 0x100000000010200(slab|head|node=0|zone=1)
[   25.377759] raw: 0100000000010200 0000000000000000 dead000000000122 ffff888007041c80
[   25.377759] raw: 0000000000000000 0000000080080008 00000001ffffffff 0000000000000000
[   25.377759] page dumped because: kasan: bad access detected
[   25.377759] 
[   25.377759] Memory state around the buggy address:
[   25.377759]  ffff8880108d2700: fc fc fc fc fc fc fc fc fc fc fc fc fc fc fc fc
[   25.377759]  ffff8880108d2780: fc fc fc fc fc fc fc fc fc fc fc fc fc fc fc fc
[   25.377759] >ffff8880108d2800: fa fb fb fb fb fb fb fb fb fb fb fb fb fb fb fb
[   25.377759]                                                           ^
[   25.377759]  ffff8880108d2880: fb fb fb fb fb fb fb fb fb fb fb fb fb fb fb fb
[   25.377759]  ffff8880108d2900: fb fb fb fb fb fb fb fb fb fb fb fb fb fb fb fb
[   25.377759] ==================================================================
[   25.377759] Disabling lock debugging due to kernel taint
