c[?7l[2J[0mSeaBIOS (version rel-1.14.0-0-g155821a1990b-prebuilt.qemu.org)
[    0.000000] Linux version 5.16.0-rc8+ (fuzzer@host) (gcc (GCC) 11.1.0, GNU ld (GNU Binutils) 2.36.1) #3 SMP PREEMPT Thu Jan 6 17:32:53 CET 2022
[    0.000000] Command line: console=ttyS0 root=/dev/sda rw nokaslr
[    0.000000] x86/fpu: x87 FPU will use FXSAVE
[    0.0000] signal: max sigframe size: 1440
[    0.000000] BIOS-provided physical RAM map:
[    0.000000] BIOS-e820: [mem 0x0000000000000000-0x000000000009fbff] usable
[    0.000000] BIOS-e820: [mem 0x000000000009fc00-0x000000000009ffff] reserved
[    0.000000] BIOS-e820: [mem 0x00000000000f0000-0x00000000000fffff] reserved
[    0.000000] BIOS-e820: [mem 0x0000000000100000-0x000000007ffdffff] usable
[    0.000000] BIOS-e820: [mem 0x000000007ffe0000-0x000000007fffffff] reserved
[    0.000000] BIOS-e820: [mem 0x00000000feffc000-0x00000000feffffff] reserved
[    0.000000] BIOS-e820: [mem 0x00000000fffc0000-0x00000000ffffffff] reserved
[    0.000000] NX (Execute Disable) protection: active
[    0.000000] SMBIOS 2.8 present.
[    0.000000] DMI: QEMU Standard PC (i440FX + PIIX, 1996), BIOS rel-1.14.0-0-g155821a1990b-prebuilt.qemu.org 04/01/2014
[    0.000000] Hypervisor detected: KVM
[    0.000000] kvm-clock: Using msrs 4b564d01 and 4b564d00
[    0.000000] kvm-clock: cpu 0, msr 5c1f001, primary cpu clock
[    0.000010] kvm-clock: using sched offset of 1372726172 cycles
[    0.000023] clocksource: kvm-clock: mask: 0xffffffffffffffff max_cycles: 0x1cd42e4dffb, max_idle_ns: 881590591483 ns
[    0.000052] tsc: Detected 2096.052 MHz processor
[    0.002762] last_pfn = 0x7ffe0 max_arch_pfn = 0x400000000
[    0.002981] x86/PAT: Configuration [0-7]: WB  WC  UC- UC  WB  WP  UC- WT  
[    0.010283] found SMP MP-table at [mem 0x000f5a90-0x000f5a9f]
[    0.012223] ACPI: Early table checksum verification disabled
[    0.012263] ACPI: RSDP 0x00000000000F58B0 000014 (v00 BOCHS )
[    0.012297] ACPI: RSDT 0x000000007FFE1913 000034 (v01 BOCHS  BXPC     00000001 BXPC 00000001)
[    0.012332] ACPI: FACP 0x000000007FFE17C7 000074 (v01 BOCHS  BXPC     00000001 BXPC 00000001)
[    0.012369] ACPI: DSDT 0x000000007FFE0040 001787 (v01 BOCHS  BXPC     00000001 BXPC 00000001)
[    0.012398] ACPI: FACS 0x000000007FFE0000 000040
[    0.012421] ACPI: APIC 0x000000007FFE183B 000078 (v01 BOCHS  BXPC     00000001 BXPC 00000001)
[    0.012449] ACPI: HPET 0x000000007FFE18B3 000038 (v01 BOCHS  BXPC     00000001 BXPC 00000001)
[    0.012476] ACPI: WAET 0x000000007FFE18EB 000028 (v01 BOCHS  BXPC     00000001 BXPC 00000001)
[    0.012501] ACPI: Reserving FACP table memory at [mem 0x7ffe17c7-0x7ffe183a]
[    0.012514] ACPI: Reserving DSDT table memory at [mem 0x7ffe0040-0x7ffe17c6]
[    0.012527] ACPI: Reserving FACS table memory at [mem 0x7ffe0000-0x7ffe003f]
[    0.012538] ACPI: Reserving APIC table memory at [mem 0x7ffe183b-0x7ffe18b2]
[    0.012550] ACPI: Reserving HPET table memory at [mem 0x7ffe18b3-0x7ffe18ea]
[    0.012561] ACPI: Reserving WAET table memory at [mem 0x7ffe18eb-0x7ffe1912]
[    0.013571] No NUMA configuration found
[    0.013586] Faking a node at [mem 0x0000000000000000-0x000000007ffdffff]
[    0.013617] NODE_DATA(0) allocated [mem 0x7ffdc000-0x7ffdffff]
[    0.026042] Zone ranges:
[    0.026061]   DMA      [mem 0x0000000000001000-0x0000000000ffffff]
[    0.026080]   DMA32    [mem 0x0000000001000000-0x000000007ffdffff]
[    0.026096]   Normal   empty
[    0.026109] Movable zone start for each node
[    0.026118] Early memory node ranges
[    0.026127]   node   0: [mem 0x0000000000001000-0x000000000009efff]
[    0.026139]   node   0: [mem 0x0000000000100000-0x000000007ffdffff]
[    0.026152] Initmem setup node 0 [mem 0x0000000000001000-0x000000007ffdffff]
[    0.026184] On node 0, zone DMA: 1 pages in unavailable ranges
[    0.026494] On node 0, zone DMA: 97 pages in unavailable ranges
[    0.066152] On node 0, zone DMA32: 32 pages in unavailable ranges
[    0.176214] kasan: KernelAddressSanitizer initialized
[    0.177185] ACPI: PM-Timer IO Port: 0x608
[    0.177218] ACPI: LAPIC_NMI (acpi_id[0xff] dfl dfl lint[0x1])
[    0.177330] IOAPIC[0]: apic_id 0, version 17, address 0xfec00000, GSI 0-23
[    0.177359] ACPI: INT_SRC_OVR (bus 0 bus_irq 0 global_irq 2 dfl dfl)
[    0.177373] ACPI: INT_SRC_OVR (bus 0 bus_irq 5 global_irq 5 high level)
[    0.177385] ACPI: INT_SRC_OVR (bus 0 bus_irq 9 global_irq 9 high level)
[    0.177403] ACPI: INT_SRC_OVR (bus 0 bus_irq 10 global_irq 10 high level)
[    0.177416] ACPI: INT_SRC_OVR (bus 0 bus_irq 11 global_irq 11 high level)
[    0.177441] ACPI: Using ACPI (MADT) for SMP configuration information
[    0.177451] ACPI: HPET id: 0x8086a201 base: 0xfed00000
[    0.177482] smpboot: Allowing 1 CPUs, 0 hotplug CPUs
[    0.177624] PM: hibernation: Registered nosave memory: [mem 0x00000000-0x00000fff]
[    0.177641] PM: hibernation: Registered nosave memory: [mem 0x0009f000-0x0009ffff]
[    0.177653] PM: hibernation: Registered nosave memory: [mem 0x000a0000-0x000effff]
[    0.177663] PM: hibernation: Registered nosave memory: [mem 0x000f0000-0x000fffff]
[    0.177682] [mem 0x80000000-0xfeffbfff] available for PCI devices
[    0.177693] Booting paravirtualized kernel on KVM
[    0.177711] clocksource: refined-jiffies: mask: 0xffffffff max_cycles: 0xffffffff, max_idle_ns: 1910969940391419 ns
[    0.222686] setup_percpu: NR_CPUS:64 nr_cpumask_bits:64 nr_cpu_ids:1 nr_node_ids:1
[    0.223541] percpu: Embedded 66 pages/cpu s232784 r8192 d29360 u2097152
[    0.223766] kvm-guest: stealtime: cpu 0, msr 6ce27400
[    0.223796] Fallback order for Node 0: 0 
[    0.223845] Built 1 zonelists, mobility grouping on.  Total pages: 515808
[    0.223856] Policy zone: DMA32
[    0.223870] Kernel command line: console=ttyS0 root=/dev/sda rw nokaslr
[    0.224044] Unknown kernel command line parameters "nokaslr", will be passed to user space.
[    0.224400] Dentry cache hash table entries: 262144 (order: 9, 2097152 bytes, linear)
[    0.224585] Inode-cache hash table entries: 131072 (order: 8, 1048576 bytes, linear)
[    0.224670] mem auto-init: stack:off, heap alloc:off, heap free:off
[    0.304721] Memory: 1678568K/2096632K available (47119K kernel code, 8514K rwdata, 9224K rodata, 1860K init, 18464K bss, 417808K reserved, 0K cma-reserved)
[    0.306057] SLUB: HWalign=64, Order=0-3, MinObjects=0, CPUs=1, Nodes=1
[    0.313814] Dynamic Preempt: voluntary
[    0.315000] Running RCU self tests
[    0.315037] rcu: Preemptible hierarchical RCU implementation.
[    0.315045] rcu: 	RCU event tracing is enabled.
[    0.315053] rcu: 	RCU lockdep checking is enabled.
[    0.315061] rcu: 	RCU restricting CPUs from NR_CPUS=64 to nr_cpu_ids=1.
[    0.315072] 	Trampoline variant of Tasks RCU enabled.
[    0.315080] rcu: RCU calculated value of scheduler-enlistment delay is 100 jiffies.
[    0.315089] rcu: Adjusting geometry for rcu_fanout_leaf=16, nr_cpu_ids=1
[    0.389830] NR_IRQS: 4352, nr_irqs: 256, preallocated irqs: 16
[    0.391661] random: get_random_bytes called from start_kernel+0x1f0/0x3a4 with crng_init=0
[    0.410630] Console: colour VGA+ 80x25
[    0.873375] printk: console [ttyS0] enabled
[    0.874697] Lock dependency validator: Copyright (c) 2006 Red Hat, Inc., Ingo Molnar
[    0.877120] ... MAX_LOCKDEP_SUBCLASSES:  8
[    0.878411] ... MAX_LOCK_DEPTH:          48
[    0.879726] ... MAX_LOCKDEP_KEYS:        8192
[    0.881105] ... CLASSHASH_SIZE:          4096
[    0.882470] ... MAX_LOCKDEP_ENTRIES:     32768
[    0.883882] ... MAX_LOCKDEP_CHAINS:      65536
[    0.885280] ... CHAINHASH_SIZE:          32768
[    0.886690]  memory used by lock dependency info: 6365 kB
[    0.888438]  memory used for stack traces: 4224 kB
[    0.889941]  per task-struct memory footprint: 1920 bytes
[    0.891928] ACPI: Core revision 20210930
[    0.894734] clocksource: hpet: mask: 0xffffffff max_cycles: 0xffffffff, max_idle_ns: 19112604467 ns
[    0.898072] APIC: Switch to symmetric I/O mode setup
[    0.903340] ..TIMER: vector=0x30 apic1=0 pin1=2 apic2=-1 pin2=-1
[    0.905221] clocksource: tsc-early: mask: 0xffffffffffffffff max_cycles: 0x1e369f2af55, max_idle_ns: 440795289088 ns
[    0.908501] Calibrating delay loop (skipped) preset value.. 4192.10 BogoMIPS (lpj=2096
[    0.909469] pid_max: default: 32768 minimum: 301
[    0.911937] LSM: Security Framework initializing
[    0.913753] SELinux:  Initializing.
[    0.916065] Mount-cache hash table entries: 4096 (order: 3, 32768 bytes, linear)
[    0.916491] Mountpoint-cache hash table entries: 4096 (order: 3, 32768 bytes, linear)
[    0.926499] process: using AMD E400 aware idle routine
[    0.927463] Last level iTLB entries: 4KB 512, 2MB 255, 4MB 127
[    0.928457] Last level dTLB entries: 4KB 512, 2MB 255, 4MB 127, 1GB 0
[    0.929481] Spectre V1 : Mitigation: usercopy/swapgs barriers and __user poisanitization
[    0.930468] Spectre V2 : Mitigation: Full AMD retpoline
[    0.931460] Spectre V2 : Spectre v2 / SpectreRSB mitigation: Filling RSB on context switch
[    0.996491] Freeing SMP alternatives memory: 44K
[    1.101989] smpboot: CPU0: AMD QEMU Virtual CPU version 2.5+ (family: 0xf, model: 0x6b, stepping: 0x1)
[    1.107479] Running RCU-tasks wait API self tests
[    1.110485] Performance Events: AMD PMU driver.
[    1.111508.. version:                0
[    1.112471] ... bit width:              48
[    1.113471] ... generic registers:      4
[    1.114467] ... value mask:             0000ffffffffffff
[    1.115468] ... max period:             00007fffffffffff
[    1.116471] ... fixed-purpose events:   0
[    1.117470] ... event mask:             000000000000000f
[    1.121227] rcu: Hierarchical SRCU implementation.
[    1.132602] smp: Bringing up secondary CPUs ...
[    1.133500] smp: Brought up 1 node, 1 CPU
[    1.134463] smpboot: Max logical packages: 1
[    1.135468] smpboot: Total of 1 processors activated (4192.10 BogoMIPS)
[    1.146820] devtmpfs: initialized
[    1.165767] clorce: jiffies: mask: 0xffffffff max_cycles: 0xffffffff, max_idle_ns: 1911260446275000 ns
[    1.166648] futex hash table entries: 256 (order: 3, 32768 bytes, linear)
[    1.172354] PM: RTC time: 10:45:20, date: 2022-01-11
[    1.176898] NET: Registered PF_NETLINK/PF_ROUTE protocol family
[    1.184002] audit: initializing netlink subsys (disabled)
[    1.188591] audit: type=2000 audit(1641897918.075:1): state=initialized audit_enabled=0 res=1
[    1.194213] thermal_sys: Registered thermal governor 'step_wise'
[    1.194229] thermal_sys: Registered thermal governor 'user_space'
[    1.195752] cpuidle: using governor menu
[    1.202368] PCI: Using configuration type 1 for base access
[    1.448810] kprobes: kprobe jump-optimization is enabled. All kprobes are optimized if possible.
[    1.453523] HugeTLB registered 2.00 MiB page size, pre-allocated 0 pages
[    1.459079] ACPI: Added _OSI(Module Device)
[    1.459665] ACPI: Added _OSI(Processor Device)
[ 1.460615] ACPI: Added _OSI(3.0 _SCP Extensions)
[    1.461524] ACPI: Added _OSI(Processor Aggregator Device)
[    1.462529] ACPI: Added _OSI(Linux-Dell-Video)
[    1.463507] ACPI: Added _OSI(Linux-Lenovo-NV-HDMI-Audio)
[    1.464507] ACPI: Added _OSI(Linux-HPI-Hybrid-Graphics)
[    1.537839] Callback from call_rcu_tasks() invoked.
[    1.708808] ACPI: 1 ACPI AML tables successfully acquired and loaded
[    1.753077] ACPI: Interpreter enabled
[    1.755324] ACPI: PM: (supports S0 S3 S4 S5)
[    1.755645] ACPI: Using IOAPIC for interrupt routing
[  1.757148] PCI: Using host bridge windows from ACPI; if necessary, use "pci=nocrs" and report a bug
[    1.769788] ACPI: Enabled 2 GPEs in block 00 to 0F
[    2.154068] ACPI: PCI Root Bridge [PCI0] (domain 0000 [bus 00-ff])
[    2.154727] acpi PNP0A03:00: _OSC: OS supports [ASPM ClockPM Segments MSI HPX-Type3]
[    2.155630] acpi PNP0A03:00: _OSC: not requesting OS control;OS requires [ExtendedConfig ASPM ClockPM MSI]
[    2.158678] acpi PNP0A03:00: fail to add MMCONFIG information, can't access extended PCI configuration space under this bridge.
[    2.164546] PCI host bridge to bus 0000:00
[    2.165596] pci_bus 0000:00: root bus resource [io  0x0000-0x0cf7 window]
[    2.166604] pci_bus 0000:00: root bus resource [io  0x0d00-0xffff window]
[    2.168570] pci_bus 0000:00: root bus resource [mem 0x000a0000-0x000bffffow]
[    2.169530] pci_bus 0000:00: root bus resource [mem 0x80000000-0xfebfffff window]
[    2.170512] pci_bus 0000:00: root bus resource [mem 0x100000000-0x17fffffff window]
[    2.171510] pci_bus 0000:00: root bus resource [bus 00-ff]
[    2.174108] pci 0000:00:00.0: [8086:1237] type 00 class 0x060000
[    2.276791] pci 0000:00:01.0: [8086:7000] type 00 class 0x060100
[    2.287017] pci 0000:00:01.1: [8086:7010] type 00 class 0x010180
[    2.298463] pci 0000:00:01.1: reg 0x20: [io  0xc020-0xc02f]
[    2.304461] pci 0000:00:01.1: legacy IDE quirk: reg 0x10: [io  0x01f0-0x01
[    2.305477] pci 0000:00:01.1: legacy IDE quirk: reg 0x14: [io  0x03f6]
[    2.306469] pci 0000:00:01.1: legacy IDE quirk: reg 0x18: [io  0x0170-0x0177]
[    2.307468] pci 0000:00:01.1: legacy IDE quirk: reg 0x1c: [io  0x0376]
[    2.312856] pci 0000:00:01.2: [8086:7020] type 00 class 0x0c0300
[    2.324464] pci 0000:00:01.2: reg 0x20: [io  0xc000-0xc01f]
[    2.332731] pci 0000:00:01.3: [8086:7113] type 00 class 0x068000
[    2.335082] pci 0000:00:01.3: quirk: [io  0x0600-0x063f] claimed by PIIX4 ACPI
[    2.335578] pci 0000:00:01.3: quirk: [io  0x0700-0x070f] claby PIIX4 SMB
[    2.339590] pci 0000:00:02.0: [1af4:1050] type 00 class 0x030000
[    2.343495] pci 0000:00:02.0: reg 0x10: [mem 0xf0000000-0xf07fffff pref]
[    2.349487] pci 0000:00:02.0: reg 0x18: [mem 0xf0800000-0xf0803fff 64bit pref]
[    2.352484] pci 0000:00:02.0: reg 0x20: [mem 0xfebf4000-0xfebf4fff]
[    2.357502] pci 0000:00:02.0: reg 0x30: [memebe0000-0xfebeffff pref]
[    2.458198] pci 0000:00:03.0: [8086:293e] type 00 class 0x040300
[    2.461464] pci 0000:00:03.0: reg 0x10: [mem 0xfebf0000-0xfebf3fff]
[    2.577219] pci 0000:00:04.0: [1af4:1068] type 00 class 0x00ff00
[    2.589460] pci 0000:00:04.0: reg 0x20: [mem 0xf0804000-0xf0807fffbit pref]
[    2.688506] pci 0000:00:05.0: [1af4:1110] type 00 class 0x050000
[    2.692494] pci 0000:00:05.0: reg 0x10: [mem 0xfebf5000-0xfebf50ff]
[    2.697489] pci 0000:00:05.0: reg 0x18: [mem 0xe0000000-0xefffffff 64bit pref]
[    2.835661] ACPI: PCI: Interrupt link LNKA configurefor IRQ 10
[    2.848325] ACPI: PCI: Interrupt link LNKB configured for IRQ 10
[    2.860883] ACPI: PCI: Interrupt link LNKC configured for IRQ 11
[    2.873253] ACPI: PCI: Interrupt link LNKD configured for IRQ 11
[    2.878935] ACPI: PCI: Interrupt link LNKS configured for IRQ 9
[   2719] iommu: Default domain type: Translated 
[    2.893555] iommu: DMA domain TLB invalidation policy: lazy mode 
[    2.896747] pci 0000:00:02.0: vgaarb: setting as boot VGA device
[    2.897447] pci 0000:00:02.0: vgaarb: VGA device added: decodes=io+mem,owns=io+mem,locks=none
[    2.897499] pci 0000:00:02.0: vgaarb: bridge control possible
[    2.898468] vgaarb: loaded
[    2.906605] SCSI subsystem initialized
[    2.910821] ACPI: bus type USB registered
[    2.913753] usbcore: registered new interface driver usbfs
[    2.915099] usbcore: registered new interface driver hub
[    2.915899] usbcore: registered new device driver usb
[    2.9] pps_core: LinuxPPS API ver. 1 registered
[    2.918528] pps_core: Software ver. 5.3.6 - Copyright 2005-2007 Rodolfo Giometti <giometti@linux.it>
[    2.920556] PTP clock support registered
[    2.925083] Advanced Linux Sound Architecture Driver Initialized.
[    2.935079] Bluetooth: Core ver 2.22
[    2.936908] NET: Registered PF_BLUETOOTH protocol family
[    2.937514] Bluetooth: HCI device and connection manager initialized
[    2.938573] Bluetooth: HCI socket layer initialized
[    2.939550] Bluetooth: L2CAP socket layer inied
[    2.940739] Bluetooth: SCO socket layer initialized
[    2.941722] NetLabel: Initializing
[    2.942465] NetLabel:  domain hash size = 128
[    2.943459] NetLabel:  protocols = UNLABELED CIPSOv4 CALIPSO
[    2.946069] NetLabel:  unlabeled traffic allowed by default
[    2.948855] PCI: Using ACPI for IRQ routing
[    2.950876] hpet: 3 channels of 0 reserved for per-cpu timers
[    2.951572] hpet0: at MMIO 0xfed00000, IRQs 2, 8, 0
[    2.952463] hpet0: 3 comparators, 64-bit 100.000000 MHz counter
[    2.960322] clocksource: Switched to clocksource kvm-clock
[    4.377668] VFS: Disk quotas dquot_6.6.0
[    4.379307] VFS: Dquot-cache hash table entries: 512 (order 0, 4096 bytes)
[    4.384004] pnp: PnP ACPI init
[    4.422379] pnp: PnP ACPI: found 6 devices
[    4.517699] clocksource: acpi_pm: mask: 0xffffff max_cycles: 0xffffff, max_idle_ns: 2085701024 ns
[    4.523946] NET: Registered PF_INET protocol family
[    4.526613] IP idents hash table entries: 32768 (order: 6, 262144 bytes, linear)
[    4.534979] tcp_listen_portaddr_hash table entries: 1024 (order: 4, 81920 bytes, linear)
[    4.980957] TCP established hash table entries: 16384 (order: 5, 131072 bytes, linear)
[    4.984676] TCP bind hash table entries: 16384 (order: 8, 1179648 bytes, linear)
[    4.988601] TCP: Hash tables configured (established 16384 bind 16384)
[    4.991575] UDP hash table entries: 1024 (order: 5, 163840 bytes, linear)
[    4.994135] UDP-Lite hash table entries: 1024 (order: 5, 163840 bytes, linear)
[    4.998699] NET: Registered PF_UNIX/PF_LOCAL protocol family
[    5.004849] RPC: Registered named UNIX socket transport module.
[    5.006724] RPC: Registered udp transport module.
[    5.008155] RPC: Registered tcp transport module.
[    5.009718] RPC: Registered tcp NFSv4.1 backchannel transport module.
[    5.015295] pci_bus 0000:0ource 4 [io  0x0000-0x0cf7 window]
[    5.506379] pci_bus 0000:00: resource 5 [io  0x0d00-0xffff window]
[    5.508508] pci_bus 0000:00: resource 6 [mem 0x000a0000-0x000bffff window]
[    5.510782] pci_bus 0000:00: resource 7 [mem 0x80000000-0xfebfffff window]
[    5.513061] pci_bus 0000:00: resource 8 [mem 0x100000000-0x17fffffff window]
[    5.518246] pci 0000:00:01.0: PIIX3: Enabling Passive Release
[    5.520324] pci 0000:00:00.0: Limiting direct PCI/PCI transfers
[    5.522336] pci 0000:00:01.0: Activating ISA DMA hang workarounds
[   17.006826] ACPI: \_SB_.LNKD: Enabled at IRQ 11
[   27.856935] pci 0000:00:01.2: quirk_usb_early_handoff+0x0/0xaa0 took 21809117 usecs
[   27.859877] pci 0000:00:02.0: Video device with shadowed ROM at [mem 0x000c0000-0x000dffff]
[   27.862732] PCI: CLS 0 bytes, default 64
[   27.868781] clocksource: tsc: mask: 0xfffffffffff max_cycles: 0x1e369f2af55, max_idle_ns: 440795289088 ns
[   28.357588] afl_map is not set
[   28.365771] Initialise system trusted keyrings
[   28.370416] workingset: timestamp_bits=56 max_order=19 bucket_order=0
[   28.609592] NFS: Registering the id_resolver key type
[   28.611776] Key type id_resolver registered
[   28.613273Key type id_legacy registered
[   28.848746] 9p: Installing v9fs 9p2000 file system support
[   28.913280] Key type asymmetric registered
[   28.916049] Asymmetric key parser 'x509' registered
[   28.922256] Block layer SCSI generic (bsg) driver version 0.4 loaded (major 251)
[   28.926110] io scheduler mq-deadline registered
d
[   29.387890] input: Power Button as /devices/LNXSYSTM:00/LNXPWRBN:00/input/input0
[   29.396068] ACPI: button: Power Button [PWRF]
[   43.271121] ACPI: \_SB_.LNKB: Enabled at IRQ 10
[   51.802002] Serial: 8250/16550 driver, 4 ports, IRQ sharing enabled
[   51.804417] 00:04: ttyS0 at I/O 0x3f8 (irq = 4, base_baud = 115200) is a 16550A
[   51.819757] Non-volatile memory driver v1.3
[   51.821915] Linux agpgart interface v0.103
[   51.824685] ACPI: bus typ_connector registered
[   52.183379] [drm] pci: virtio-vga detected at 0000:00:02.0
[   52.184761] virtio-pci 0000:00:02.0: vgaarb: deactivate vga console
[   52.192181] Console: switching to colour dummy device 80x25
[   52.195567] [drm] features: -virgl +edid -resource_blob -host_visible
[   52] [drm] features: -context_init
[   52.684974] [drm] number of scanouts: 1
[   52.685889] [drm] number of cap sets: 0
[   52.696973] [drm] Initialized virtio_gpu 0.1.0 0 for virtio0 on minor 0
[   52.753190] loop: module loaded
[   52.774393] scsi host0: ata_piix
[   52.780661] scsi host1: ata_piix
[   540] ata1: PATA max MWDMA2 cmd 0x1f0 ctl 0x3f6 bmdma 0xc020 irq 14
[   53.186689] ata2: PATA max MWDMA2 cmd 0x170 ctl 0x376 bmdma 0xc028 irq 15
[   53.201413] e100: Intel(R) PRO/100 Network Driver
[   53.202587] e100: Copyright(c) 1999-2006 Intel Corporation
[   53.204155] e1000: Intel(R) PRO/1000 Network Driver
[   53.205327] e1000: Copyright (c) 1999-2006 Intel Corporation.
[   53.207036] e1000e: Intel(R) PRO/1000k Driver
[   53.695622] e1000e: Copyright(c) 1999 - 2015 Intel Corporation.
[   53.700108] ata1.00: ATA-7: QEMU HARDDISK, 2.5+, max UDMA/100
[   53.701802] ata1.00: 20971520 sectors, multi 16: LBA48 
[   53.703660] ata2.00: ATAPI: QEMU DVD-ROM, 2.5+, max UDMA/100
[   53.706617] ata1.00: Read log 0x00 page 0x00 failed, Emask 0x1
[   53.709194] sky2: driver version 1.30
[   53.713211] scsi 0:0:0:0: Direct-Access     ATA      QEMU HARDDISK    2.5+ PQ: 0 ANSI: 5
[   53.721743] ehci_hcd: USB 2.0 'Enhanced' Host Controller (EHCI) Driver
[   53.723398] ehci-pci: EHCI PCI platform driver
[   53.730629] sd 0:0:0:0: [sda] 20971520 512-byte logical blocks: (10.7 GB/10.0 GiB)
[   53.732993] ohci_hcd: USB 1.1 'Open' Host Controller (OHCI) Dri   54.050908] sd 0:0:0:0: Attached scsi generic sg0 type 0
[   54.223689] sd 0:0:0:0: [sda] Write Protect is off
[   54.225367] sd 0:0:0:0: [sda] Write cache: enabled, read cache: enabled, doesn't support DPO or FUA
[   54.243994] sd 0:0:0:0: [sda] Attached SCSI disk
[   54.248303] scsi 1:0:0:0: CD-ROM            QEMU     QEMU DVD-ROM     2.5+ PQ: 0 ANSI: 5
[   54.254858] ohci-pci: OHCI PCI platform driver
[   54.256179] uhci_hcd: USB Universal Host Controller Interface driver
[   54.26r 1:0:0:0: [sr0] scsi3-mmc drive: 4x/4x cd/rw xa/form2 tray
[   54.733554] cdrom: Uniform CD-ROM driver Revision: 3.20
[   55.314444] sr 1:0:0:0: Attached scsi generic sg1 type 5
[   67.495153] uhci_hcd 0000:00:01.2: UHCI Host Controller
[   67.500260] uhci_hcd 0000:00:01.2: new USB bus registered, assigned bus number 1
[   67.503864] uhci_hcd 0000:00:01.2: irq 11, io port 0x0000c000
[   67.509050] usb usb1: New USB device found, idVendor=1d6b, idProd001, bcdDevice= 5.16
[   67.926278] usb usb1: New USB device strings: Mfr=3, Product=2, SerialNumber=1
[   67.928718] usb usb1: Product: UHCI Host Controller
[   67.930360] usb usb1: Manufacturer: Linux 5.16.0-rc8+ uhci_hcd
[   67.932387] usb usb1: SerialNumber: 0000:00:01.2
[   67.944131] hub 1-0:1.0: USB hub found
[   67.946563] hub 1-0:1.0: 2 ports detected
[   67.964113] usbcore: registered new interface driver usblp
[   67.966754] usbcore: registered new interface driver usb-storage
[   67.969972] i8042: PNP: PS/2 Controller [PNP0303:KBD,PN:MOU] at 0x60,0x64 irq 1,12
[   68.446313] serio: i8042 KBD port at 0x60,0x64 irq 1
[   68.449186] serio: i8042 AUX port at 0x60,0x64 irq 12
[   68.465050] input: AT Translated Set 2 keyboard as /devices/platform/i8042/serio0/input/input1
[   68.469348] rtc_cmos 00:05: RTC can wake from S4
[   68.494237] rtc_cmos 00:05: registered as rtc0
[   68.499941] rtc_cmos 00:05: alarms up to one day, y3k, 242 bytes nvram, hirqs
[   68.962712] random: fast init done
[   68.981326] device-mapper: ioctl: 4.45.0-ioctl (2021-03-22) initialised: dm-devel@redhat.com
[   69.007655] hid: raw HID events driver (C) Jiri Kosina
[   69.011644] usb 1-1: new full-speed USB device number 2 using uhci_hcd
[   69.032377] usbcore: registered new interfacever usbhid
[   69.472670] usbhid: USB HID core driver
[   72.772849] KVM_IVSHMEM is ready
[   72.772860] KVM_IVSHMEM: ioaddr = e0000000, base_addr = (____ptrval____), ioaddr_size = 268435456
[   72.797976] usb 1-1: New USB device found, idVendor=0627, idProduct=0001, bcdDevice= 0.00
[   72.800591] usb 1-1: New USB device stringsMfr=1, Product=3, SerialNumber=10
[   73.027169] usb 1-1: Product: QEMU USB Tablet
[   73.029531] usb 1-1: Manufacturer: QEMU
[   73.031596] usb 1-1: SerialNumber: 28754-0000:00:01.2-1
[   73.054601] input: ImExPS/2 Generic Explorer Mouse as /devices/platform/i8042/serio1/input/input3
[   73.422157] Bluetooth: hci0: unexpected cc 0x1405 length: 35 > 4
[   73.426235] Bluetooth: hci0: unexpected event for opcode 0x1405
[   73.467926] input: QEMU QEMU USB Tablet as /devices/pci0000:00/0000:00:01.2/usb1/1-1/1-1:1.0/0003:0627:0001.0001/input/input4
[   73.497451] hid-generic 0003:0627:0001.0001: input,hidraw0: USB HID v0.01 Mouse [QEMU QEMU USB Tablet] on usb-0000:00:01.2-1/input0
[   73.541980] Bluetooth: hci0: unexpected cc 0x1405 length: 35 > 4
[   73.544999] Bluetooth: hci0: unexpected event for opcode 0x1405
[   73.562024] Bluetooth: hci0: unexpected cc 0x1405 length: 34 > 4
[   73.565316] Bluetooth: hci0: unexpected event for opcode 0x1405
[   73.582089] Bluetooth: hci0: unexpected cc 0x1405 length: 49 > 4
[   73.585158] Bluetooth: hci0: unexpected event for opcode 0x1405
[   73.602009] Bluetooth: hci0: unexpected event 0xff length: 75 > 0
[   73.625243] Bluetooth: hci0: unexpected cc 0x1405 length: 35 > 4
[   73.627946] Bluetooth: hci0: unexpected event for opcode 0x1405
[   73.655322] Bluetooth: hci0: unexpected cc 0x1405 length: 52 > 4
[   73.657901] Bluetooth: hci0: unexpected event for opcode 0x1405
[   73.678838] Bluetooth: hci0: unexpected event for opcode 0xa4a4
[   73.692117] Bluetooth: hci0: unexpected event for opcode 0x0d0d
[   73.708829] Bluetooth: hci0: unexpected event for opcode 0x0000
[   73.728786] Bluetooth: hci0: unexpected event 0x23 length: 67 > 13
[   73.748784] Bluetooth: hci0: unexpected event 0x01 length: 56 > 1
[   73.778667] Bluetooth: hci0: unexpected event for opcode 0xffff
[   73.795194] Bluetooth: hci0: unexpected cc 0x1405 length: 35 > 4
[   73.796735] Bluetooth: hci0: unexpected event for opcode 0x1405
[   73.808591] Bluetooth: hci0: unexpected event 0x08 length: 41 > 4
[   73.835223] Bluetooth: hci0: unexpected cc 0x1405 length: 43 > 4
[   73.836692] Bluetooth: hci0: unexpected event for opcode 0x1405
[   73.865208] Bluetooth: hci0: unexpected cc 0x1405 length: 72 > 4
[   73.866753] Bluetooth: hci0: unexpected event for opcode 0x1405
[   73.878987] Bluetooth: hci0: unexpected cc 0x1405 length: 44 > 4
[   73.882565] Bluetooth: hci0: unexpected event for opcode 0x1405
[   73.898889] Bluetooth: hci0: unexpected cc 0x1405 length: 35 > 4
[   73.901656] Bluetooth: hci0: unexpected event for opcode 0x1405
[   73.915339] Bluetooth: hci0: unexpected event for opcode 0x0004
[   73.955264] Bluetooth: hci0: unexpected event for opcode 0x0540
[   73.968835] Bluetooth: hci0: unexpected cc 0x2036 length: 66 > 2
[   73.971749] Bluetooth: hci0: unexpected event for opcode 0x2036
[   73.985366] Bluetooth: hci0: unexpected cc 0x2036 length: 43 > 2
[   73.988161] Bluetooth: hci0: unexpected event for opcode 0x2036
[   74.005385] Bluetooth: hci0: unexpected event for opcode 0x0000
[   74.065771] Bluetooth: hci0: unexpected cc 0x2036 length: 66 > 2
[   74.069095] Bluetooth: hci0: unexpected event for opcode 0x2036
[   74.092122] Bluetooth: hci0: unexpected cc 0x2036 length: 66 > 2
[   74.095738] Bluetooth: hci0: unexpected event for opcode 0x2036
[   74.154131] Bluetooth: hci0: unknown advertising packet type: 0x2b
[   74.221995] Bluetooth: hci0: Received unexpected HCI Event 0x00
[   74.245410] Bluetooth: hci0: unexpected cc 0x042e length: 19 > 7
[   74.249697] Bluetooth: hci0: unexpected event for opcode 0x042e
[   74.265681] Bluetooth: hci0: unexpected event for opcode 0x1bb6
[   74.288994] Bluetooth: hci0: unexpected event 0x0b length: 21 > 11
[   74.305354] Bluetooth: hci0: unexpected event 0x0b length: 35 > 11
[   74.325380] Bluetooth: hci0: unexpected event 0x0b length: 115 > 11
[   74.345295] Bluetooth: hci0: unexpected event 0x0b length: 31 > 11
[   74.385920] Bluetooth: hci0: unexpected event for opcode 0xffff
[   74.406167] Bluetooth: hci0: unexpected event for opcode 0x0000
[   74.425416] Bluetooth: hci0: unexpected cc 0x2010 length: 58 > 1
[   74.428418] Bluetooth: hci0: unexpected event for opcode 0x2010
[   74.441897] Bluetooth: hci0: unexpected event for opcode 0x0900
[   74.461976] Bluetooth: hci0: unexpected cc 0x2023 length: 40 > 5
[   74.463535] Bluetooth: hci0: unexpected event for opcode 0x2023
[   74.495224] Bluetooth: hci0: unexpected cc 0x2023 length: 53 > 5
[   74.496856] Bluetooth: hci0: unexpected event for opcode 0x2023
[   74.528730] Bluetooth: hci0: unexpected cc 0x2023 length: 24 > 5
[   74.530306] Bluetooth: hci0: unexpected event for opcode 0x2023
[   74.545237] Bluetooth: hci0: unexpected event for opcode 0x200d
[   74.571853] Bluetooth: hci0: unexpected event 0x04 length: 47 > 10
[   74.573389] Bluetooth: unknown link type 80
[   74.601968] Bluetooth: hci0: unexpected cc 0x2023 length: 65 > 5
[   74.603508] Bluetooth: hci0: unexpected event for opcode 0x2023
[   74.639541] Bluetooth: hci0: unexpected cc 0x2023 length: 53 > 5
[   74.640937] Bluetooth: hci0: unexpected event for opcode 0x2023
[   74.658692] Bluetooth: hci0: unexpected event for opcode 0xe523
[   74.671934] Bluetooth: hci0: unexpected event for opcode 0xaa23
[   74.688582] Bluetooth: hci0: unexpected event for opcode 0x0000
[   74.705208] Bluetooth: hci0: unexpected event for opcode 0x7a7a
[   74.718692] Bluetooth: hci0: unexpected event for opcode 0x0423
[   74.762011] Bluetooth: hci0: unexpected cc 0x0c25 length: 44 > 3
[   74.763390] Bluetooth: hci0: unexpected event for opcode 0x0c25
[   74.775112] Bluetooth: hci0: unexpected event 0x08 length: 32 > 4
[   74.788448] Bluetooth: hci0: unexpected event 0x08 length: 27 > 4
[   74.801761] Bluetooth: hci0: unexpected event 0x08 length: 51 > 4
[   74.815206] Bluetooth: hci0: unexpected event 0x08 length: 39 > 4
[   74.842197] Bluetooth: hci0: unexpected event for opcode 0x0cda
[   74.862276] Bluetooth: hci0: unexpected event for opcode 0x0000
[   74.875379] Bluetooth: hci0: unexpected event for opcode 0x6060
[   74.891986] Bluetooth: hci0: unexpected event 0x01 length: 57 > 1
[   74.925217] Bluetooth: hci0: unexpected cc 0x0c66 length: 21 > 2
[   74.927713] Bluetooth: hci0: unexpected event for opcode 0x0c66
[   74.945188] Bluetooth: hci0: unexpected event 0x06 length: 7 > 3
[   74.958735] Bluetooth: hci0: unexpected event for opcode 0x3434
[   74.972133] Bluetooth: hci0: unexpected event for opcode 0x2c66
[   74.985226] Bluetooth: hci0: unexpected event for opcode 0x00e8
[   74.998743] Bluetooth: hci0: unexpected cc 0x0c66 length: 21 > 2
[   75.000920] Bluetooth: hci0: unexpected event for opcode 0x0c66
[   75.032032] Bluetooth: hci0: unexpected cc 0x204e length: 49 > 1
[   75.034156] Bluetooth: hci0: unexpected event for opcode 0x204e
[   75.052158] Bluetooth: hci0: unexpected event for opcode 0xdf4e
[   75.065270] Bluetooth: hci0: unexpected cc 0x204e length: 47 > 1
[   75.067890] Bluetooth: hci0: unexpected event for opcode 0x204e
[   75.155391] Bluetooth: hci0: unexpected cc 0x204e length: 18 > 1
[   75.158409] Bluetooth: hci0: unexpected event for opcode 0x204e
[   75.178581] Bluetooth: hci0: Received unexpected HCI Event 0x00
[   75.202570] Bluetooth: hci0: unexpected cc 0x204e length: 43 > 1
[   75.205149] Bluetooth: hci0: unexpected event for opcode 0x204e
[   75.219100] Bluetooth: hci0: unexpected event for opcode 0x1d20
[   75.238759] Bluetooth: hci0: unexpected cc 0x204e length: 45 > 1
[   75.241814] Bluetooth: hci0: unexpected event for opcode 0x204e
[   75.261933] Bluetooth: hci0: unexpected cc 0x204e length: 107 > 1
[   75.264805] Bluetooth: hci0: unexpected event for opcode 0x204e
[   75.278929] Bluetooth: hci0: unexpected cc 0x204e length: 39 > 1
[   75.281223] Bluetooth: hci0: unexpected event for opcode 0x204e
[   75.299029] Bluetooth: hci0: unexpected event for opcode 0xf3f3
[   75.335369] Bluetooth: hci0: unexpected event 0x0f length: 25 > 4
[   75.339004] Bluetooth: hci0: unexpected event for opcode 0x0407
[   75.372074] Bluetooth: hci0: Received unexpected HCI Event 0x00
[   75.388995] Bluetooth: hci0: unexpected event 0x0f length: 55 > 4
[   75.393227] Bluetooth: hci0: unexpected event for opcode 0x0407
[   75.408852] Bluetooth: hci0: Received unexpected HCI Event 0x00
[   75.428634] Bluetooth: hci0: unexpected event 0x0f length: 25 > 4
[   75.431154] Bluetooth: hci0: unexpected event for opcode 0x1004
[   75.448668] Bluetooth: hci0: unexpected event 0x0f length: 14 > 4
[   75.451178] Bluetooth: hci0: unexpected event for opcode 0x0407
[   75.468784] Bluetooth: hci0: unexpected event 0x0f length: 24 > 4
[   75.471219] Bluetooth: hci0: unexpected event for opcode 0x0407
[   75.485170] Bluetooth: hci0: unexpected event 0x0f length: 25 > 4
[   75.488123] Bluetooth: hci0: unexpected event for opcode 0x1111
[   75.501863] Bluetooth: hci0: unexpected event 0x0f length: 35 > 4
[   75.504595] Bluetooth: hci0: unexpected event for opcode 0x0407
[   75.558716] Bluetooth: hci0: unexpected event 0x0f length: 47 > 4
[   75.561290] Bluetooth: hci0: unexpected event for opcode 0x0407
[   75.595722] Bluetooth: hci0: unexpected event 0x0f length: 23 > 4
[   75.598936] Bluetooth: hci0: unexpected event for opcode 0x00ff
[   75.612104] Bluetooth: hci0: unexpected event 0x0f length: 134 > 4
[   75.614966] Bluetooth: hci0: unexpected event for opcode 0x0407
[   75.668586] Bluetooth: hci0: wrong event for mode 64
[   75.688766] Bluetooth: hci0: wrong event for mode 64
[   75.705169] Bluetooth: hci0: unexpected event 0x1d length: 49 > 5
[   75.745224] Bluetooth: hci0: wrong event for mode 64
[   75.775127] Bluetooth: hci0: wrong event for mode 64
[   75.788624] Bluetooth: hci0: wrong event for mode 64
[   75.815262] Bluetooth: hci0: unexpected event 0x46 length: 17 > 4
[   75.832085] Bluetooth: hci0: unexpected event 0x46 length: 19 > 4
[   75.848581] Bluetooth: hci0: Received unexpected HCI Event 0x00
[   75.865354] Bluetooth: hci0: unexpected event 0x46 length: 22 > 4
[   75.885378] Bluetooth: hci0: unexpected event 0x40 length: 17 > 2
[   75.908835] Bluetooth: hci0: unexpected event 0x46 length: 26 > 4
[   75.925175] Bluetooth: hci0: unexpected event 0x46 length: 57 > 4
[   75.941851] Bluetooth: hci0: unexpected event 0x46 length: 57 > 4
[   75.955200] Bluetooth: hci0: unexpected event 0x46 length: 12 > 4
[   75.971974] Bluetooth: hci0: unexpected event 0x46 length: 91 > 4
[   75.985265] Bluetooth: hci0: Received unexpected HCI Event 0x00
[   76.001819] Bluetooth: hci0: unexpected event 0x08 length: 45 > 4
[   76.031874] Bluetooth: hci0: unexpected event 0x08 length: 45 > 4
[   76.045203] Bluetooth: hci0: unexpected event 0x08 length: 89 > 4
[   76.072122] Bluetooth: hci0: unexpected event 0x04 length: 5 < 10
[   76.091852] Bluetooth: hci0: unexpected event 0x08 length: 45 > 4
[   76.111826] Bluetooth: hci0: unexpected event 0x08 length: 36 > 4
[   76.128739] Bluetooth: hci0: unexpected event 0x08 length: 45 > 4
[   76.145195] Bluetooth: hci0: unexpected event 0x08 length: 54 > 4
[   76.165223] Bluetooth: hci0: unexpected event 0x08 length: 45 > 4
[   76.185146] Bluetooth: hci0: unexpected event 0x08 length: 86 > 4
[   76.198988] Bluetooth: hci0: unexpected event 0x0f length: 12 > 4
[   76.202059] Bluetooth: hci0: unexpected event for opcode 0x0f38
[   76.221823] Bluetooth: hci0: unexpected event 0x08 length: 45 > 4
[   76.235181] Bluetooth: hci0: unexpected event 0x08 length: 8 > 4
[   76.251976] Bluetooth: hci0: unexpected event 0x10 length: 4 > 1
[   76.265122] Bluetooth: hci0: unexpected event 0x08 length: 59 > 4
[   76.278676] Bluetooth: hci0: unexpected event 0x04 length: 77 > 10
[   76.281044] Bluetooth: unknown link type 71
[   76.295191] Bluetooth: hci0: unexpected event 0x08 length: 58 > 4
[   76.338751] Bluetooth: hci0: unexpected cc 0x2007 length: 67 > 2
[   76.341091] Bluetooth: hci0: unexpected event for opcode 0x2007
[   76.368907] Bluetooth: hci0: unexpected cc 0x2007 length: 95 > 2
[   76.371308] Bluetooth: hci0: unexpected event for opcode 0x2007
[   76.385376] Bluetooth: hci0: unexpected cc 0x2007 length: 106 > 2
[   76.387901] Bluetooth: hci0: unexpected event for opcode 0x2007
[   76.405345] Bluetooth: hci0: unexpected cc 0x2007 length: 100 > 2
[   76.408670] Bluetooth: hci0: unexpected event for opcode 0x2007
[   76.425812] Bluetooth: hci0: unexpected cc 0x2007 length: 97 > 2
[   76.429548] Bluetooth: hci0: unexpected event for opcode 0x2007
[   76.462162] Bluetooth: hci0: unexpected event for opcode 0x2a07
[   76.478562] Bluetooth: hci0: unexpected event 0xff length: 22 > 0
[   76.495265] Bluetooth: hci0: unexpected cc 0x0c1c length: 30 > 1
[   76.498997] Bluetooth: hci0: unexpected event for opcode 0x0c1c
[   76.515660] Bluetooth: hci0: unexpected cc 0x0c1c length: 52 > 1
[   76.518730] Bluetooth: hci0: unexpected event for opcode 0x0c1c
[   76.535369] Bluetooth: hci0: unexpected event for opcode 0x20c6
[   76.552265] Bluetooth: hci0: unexpected event for opcode 0xd0d1
[   76.565867] Bluetooth: hci0: unexpected event for opcode 0x0008
[   76.595340] Bluetooth: hci0: unexpected cc 0x2039 length: 13 > 1
[   76.597730] Bluetooth: hci0: unexpected event for opcode 0x2039
[   76.612043] Bluetooth: hci0: unexpected event 0x46 length: 19 > 4
[   76.628622] Bluetooth: hci0: unexpected event 0x04 length: 30 > 10
[   76.630937] Bluetooth: unknown link type 232
[   76.645223] Bluetooth: hci0: unexpected event 0x42 length: 30 > 3
[   76.658783] Bluetooth: hci0: unexpected cc 0x2039 length: 4 > 1
[   76.661726] Bluetooth: hci0: unexpected event for opcode 0x2039
[   76.678612] Bluetooth: hci0: Received unexpected HCI Event 0x00
[   76.705255] Bluetooth: hci0: unexpected event for opcode 0x3535
[   76.718744] Bluetooth: hci0: unexpected cc 0x201c length: 16 > 9
[   76.720932] Bluetooth: hci0: unexpected event for opcode 0x201c
[   76.735327] Bluetooth: hci0: unexpected event for opcode 0x200e
[   76.759677] Bluetooth: hci0: unexpected cc 0x201c length: 64 > 9
[   76.763446] Bluetooth: hci0: unexpected event for opcode 0x201c
[   76.802193] Bluetooth: hci0: unexpected event for opcode 0x0001
[   76.855358] Bluetooth: hci0: unexpected cc 0x201c length: 81 > 9
[   76.858587] Bluetooth: hci0: unexpected event for opcode 0x201c
[   76.878387] Bluetooth: hci0: unexpected cc 0x201c length: 83 > 9
[   76.882084] Bluetooth: hci0: unexpected event for opcode 0x201c
[   76.906172] Bluetooth: hci0: unexpected cc 0x201c length: 73 > 9
[   76.912931] Bluetooth: hci0: unexpected event for opcode 0x201c
[   76.932654] Bluetooth: hci0: unexpected event 0x14 length: 75 > 6
[   76.952015] Bluetooth: hci0: unexpected event 0x23 length: 85 > 13
[   76.972376] Bluetooth: hci0: unexpected event 0x35 length: 60 > 6
[   76.992153] Bluetooth: hci0: unexpected event 0x23 length: 84 > 13
[   77.012257] Bluetooth: hci0: unexpected event 0x23 length: 54 > 13
[   77.045393] Bluetooth: hci0: unexpected event 0x23 length: 104 > 13
[   77.062239] Bluetooth: hci0: unexpected event 0x23 length: 87 > 13
[   77.079096] Bluetooth: hci0: Received unexpected HCI Event 0x00
[   77.102240] Bluetooth: hci0: unexpected event 0x06 length: 24 > 3
[   77.125805] Bluetooth: hci0: unexpected event 0x46 length: 21 > 4
[   77.161156] Bluetooth: hci0: unexpected event 0x46 length: 10 > 4
[   77.195346] Bluetooth: hci0: unexpected event 0x46 length: 8 > 4
[   77.211916] Bluetooth: hci0: unexpected event 0x04 length: 47 > 10
[   77.213656] Bluetooth: unknown link type 181
[   77.495150] Bluetooth: hci0: unexpected subevent 0x0a length: 157 > 30
[   77.508630] Bluetooth: hci0: unexpected subevent 0x0a length: 154 > 30
[   77.510315] debugfs: Directory '10' with parent 'hci0' already present!
[   77.512299] sysfs: cannot create duplicate filename '/devices/virtual/bluetooth/hci0/hci0:10'
[   77.514307] CPU: 0 PID: 44 Comm: kworker/u3:2 Not tainted 5.16.0-rc8+ #3
[   77.515278] Hardware name: QEMU Standard PC (i440FX + PIIX, 1996), BIOS rel-1.14.0-0-g155821a1990b-prebuilt.qemu.org 04/01/2014
[   77.515278] Workqueue: hci0 hci_rx_work
[   77.515278] Call Trace:
[   77.515278]  <TASK>
[   77.515278]  dump_stack_lvl+0x45/0x59
[   77.515278]  sysfs_warn_dup.cold+0x17/0x24
[   77.515278]  sysfs_create_dir_ns+0x1eb/0x260
[   77.515278]  ? sysfs_create_mount_point+0x80/0x80
[   77.515278]  ? rwlock_bug.part.0+0x90/0x90
[   77.515278]  ? do_raw_spin_unlock+0x4f/0x210
[   77.515278]  kobject_add_internal+0x223/0x920
[   77.515278]  ? lock_release+0x3b2/0x6f0
[   77.515278]  kobject_add+0x120/0x190
[   77.515278]  ? kset_create_and_add+0x170/0x170
[   77.515278]  ? lockdep_init_map_type+0x2c3/0x7a0
[   77.515278]  ? __raw_spin_lock_init+0x36/0x110
[   77.515278]  ? kobject_get+0x50/0xe0
[   77.515278]  device_add+0x2cd/0x1b20
[   77.515278]  ? dev_set_name+0xa6/0xd0
[   77.515278]  ? device_initialize+0x540/0x540
[   77.515278]  ? __fw_devlink_link_to_suppliers+0x480/0x480
[   77.515278]  ? hci_debugfs_create_conn+0x17b/0x1f0
[   77.515278]  ? mgmt_send_event_skb+0x293/0x3f0
[   77.515278]  ? hci_debugfs_create_le+0x850/0x850
[   77.515278]  hci_conn_add_sysfs+0x8d/0xf0
[   77.515278]  le_conn_complete_evt+0xe4d/0x1a50
[   77.515278]  ? hci_remote_ext_features_evt+0xd50/0xd50
[   77.515278]  ? bt_warn+0xd7/0x107
[   77.515278]  ? bt_info+0x107/0x107
[   77.515278]  hci_le_enh_conn_complete_evt+0x227/0x2d0
[   77.515278]  hci_le_meta_evt+0x24a/0x450
[   77.515278]  ? le_conn_complete_evt+0x1a50/0x1a50
[   77.515278]  hci_event_packet+0x5c1/0xdd0
[   77.515278]  ? hci_hardware_error_evt+0xc0/0xc0
[   77.515278]  ? hci_le_ext_adv_term_evt+0x850/0x850
[   77.515278]  ? lockdep_hardirqs_on_prepare+0x17b/0x400
[   77.515278]  hci_rx_work+0x4d3/0xb90
[   77.515278]  process_one_work+0x904/0x1590
[   77.515278]  ? lock_release+0x6f0/0x6f0
[   77.515278]  ? pwq_dec_nr_in_flight+0x230/0x230
[   77.515278]  ? rwlock_bug.part.0+0x90/0x90
[   77.515278]  ? _raw_spin_lock_irq+0x41/0x50
[   77.515278]  worker_thread+0x57c/0x1260
[   77.515278]  ? process_one_work+0x1590/0x1590
[   77.515278]  kthread+0x3b2/0x490
[   77.515278]  ? _raw_spin_unlock_irq+0x1f/0x40
[   77.515278]  ? set_kthread_struct+0x100/0x100
[   77.515278]  ret_from_fork+0x22/0x30
[   77.515278]  </TASK>
[   77.564183] kobject_add_internal failed for hci0:10 with -EEXIST, don't try to register things with the same name in the same directory.
[   77.566996] Bluetooth: hci0: failed to register connection device
[   77.608705] Bluetooth: hci0: unexpected event 0x01 length: 164 > 1
[   77.625123] Bluetooth: hci0: unexpected subevent 0x0a length: 74 > 30
[   77.627005] debugfs: Directory '10' with parent 'hci0' already present!
[   77.628813] sysfs: cannot create duplicate filename '/devices/virtual/bluetooth/hci0/hci0:10'
[   77.630824] CPU: 0 PID: 44 Comm: kworker/u3:2 Not tainted 5.16.0-rc8+ #3
[   77.631786] Hardware name: QEMU Standard PC (i440FX + PIIX, 1996), BIOS rel-1.14.0-0-g155821a1990b-prebuilt.qemu.org 04/01/2014
[   77.631786] Workqueue: hci0 hci_rx_work
[   77.631786] Call Trace:
[   77.631786]  <TASK>
[   77.631786]  dump_stack_lvl+0x45/0x59
[   77.631786]  sysfs_warn_dup.cold+0x17/0x24
[   77.631786]  sysfs_create_dir_ns+0x1eb/0x260
[   77.631786]  ? sysfs_create_mount_point+0x80/0x80
[   77.631786]  ? rwlock_bug.part.0+0x90/0x90
[   77.631786]  ? do_raw_spin_unlock+0x4f/0x210
[   77.631786]  kobject_add_internal+0x223/0x920
[   77.631786]  ? lock_release+0x3b2/0x6f0
[   77.631786]  kobject_add+0x120/0x190
[   77.631786]  ? kset_create_and_add+0x170/0x170
[   77.631786]  ? lockdep_init_map_type+0x2c3/0x7a0
[   77.631786]  ? __raw_spin_lock_init+0x36/0x110
[   77.631786]  ? kobject_get+0x50/0xe0
[   77.631786]  device_add+0x2cd/0x1b20
[   77.631786]  ? dev_set_name+0xa6/0xd0
[   77.631786]  ? device_initialize+0x540/0x540
[   77.631786]  ? __fw_devlink_link_to_suppliers+0x480/0x480
[   77.631786]  ? hci_debugfs_create_conn+0x17b/0x1f0
[   77.631786]  ? mgmt_send_event_skb+0x293/0x3f0
[   77.631786]  ? hci_debugfs_create_le+0x850/0x850
[   77.631786]  hci_conn_add_sysfs+0x8d/0xf0
[   77.631786]  le_conn_complete_evt+0xe4d/0x1a50
[   77.631786]  ? hci_remote_ext_features_evt+0xd50/0xd50
[   77.631786]  ? bt_warn+0xd7/0x107
[   77.631786]  ? bt_info+0x107/0x107
[   77.631786]  hci_le_enh_conn_complete_evt+0x227/0x2d0
[   77.631786]  hci_le_meta_evt+0x24a/0x450
[   77.631786]  ? le_conn_complete_evt+0x1a50/0x1a50
[   77.631786]  hci_event_packet+0x5c1/0xdd0
[   77.631786]  ? hci_hardware_error_evt+0xc0/0xc0
[   77.631786]  ? hci_le_ext_adv_term_evt+0x850/0x850
[   77.631786]  ? lockdep_hardirqs_on_prepare+0x17b/0x400
[   77.631786]  hci_rx_work+0x4d3/0xb90
[   77.631786]  process_one_work+0x904/0x1590
[   77.631786]  ? lock_release+0x6f0/0x6f0
[   77.631786]  ? pwq_dec_nr_in_flight+0x230/0x230
[   77.631786]  ? rwlock_bug.part.0+0x90/0x90
[   77.631786]  ? _raw_spin_lock_irq+0x41/0x50
[   77.631786]  worker_thread+0x57c/0x1260
[   77.631786]  ? process_one_work+0x1590/0x1590
[   77.631786]  kthread+0x3b2/0x490
[   77.631786]  ? _raw_spin_unlock_irq+0x1f/0x40
[   77.631786]  ? set_kthread_struct+0x100/0x100
[   77.631786]  ret_from_fork+0x22/0x30
[   77.631786]  </TASK>
[   77.696733] kobject_add_internal failed for hci0:10 with -EEXIST, don't try to register things with the same name in the same directory.
[   77.703633] Bluetooth: hci0: failed to register connection device
[   77.752244] Bluetooth: hci0: unexpected subevent 0x0a length: 118 > 30
[   77.756415] debugfs: Directory '10' with parent 'hci0' already present!
[   77.760825] sysfs: cannot create duplicate filename '/devices/virtual/bluetooth/hci0/hci0:10'
[   77.765395] CPU: 0 PID: 44 Comm: kworker/u3:2 Not tainted 5.16.0-rc8+ #3
[   77.766339] Hardware name: QEMU Standard PC (i440FX + PIIX, 1996), BIOS rel-1.14.0-0-g155821a1990b-prebuilt.qemu.org 04/01/2014
[   77.766339] Workqueue: hci0 hci_rx_work
[   77.766339] Call Trace:
[   77.766339]  <TASK>
[   77.766339]  dump_stack_lvl+0x45/0x59
[   77.766339]  sysfs_warn_dup.cold+0x17/0x24
[   77.766339]  sysfs_create_dir_ns+0x1eb/0x260
[   77.766339]  ? sysfs_create_mount_point+0x80/0x80
[   77.766339]  ? rwlock_bug.part.0+0x90/0x90
[   77.766339]  ? do_raw_spin_unlock+0x4f/0x210
[   77.766339]  kobject_add_internal+0x223/0x920
[   77.766339]  ? lock_release+0x3b2/0x6f0
[   77.766339]  kobject_add+0x120/0x190
[   77.766339]  ? kset_create_and_add+0x170/0x170
[   77.766339]  ? lockdep_init_map_type+0x2c3/0x7a0
[   77.766339]  ? __raw_spin_lock_init+0x36/0x110
[   77.766339]  ? kobject_get+0x50/0xe0
[   77.766339]  device_add+0x2cd/0x1b20
[   77.766339]  ? dev_set_name+0xa6/0xd0
[   77.766339]  ? device_initialize+0x540/0x540
[   77.766339]  ? __fw_devlink_link_to_suppliers+0x480/0x480
[   77.766339]  ? hci_debugfs_create_conn+0x17b/0x1f0
[   77.766339]  ? mgmt_send_event_skb+0x293/0x3f0
[   77.766339]  ? hci_debugfs_create_le+0x850/0x850
[   77.766339]  hci_conn_add_sysfs+0x8d/0xf0
[   77.766339]  le_conn_complete_evt+0xe4d/0x1a50
[   77.766339]  ? hci_remote_ext_features_evt+0xd50/0xd50
[   77.766339]  ? bt_warn+0xd7/0x107
[   77.766339]  ? bt_info+0x107/0x107
[   77.766339]  hci_le_enh_conn_complete_evt+0x227/0x2d0
[   77.766339]  hci_le_meta_evt+0x24a/0x450
[   77.766339]  ? le_conn_complete_evt+0x1a50/0x1a50
[   77.766339]  hci_event_packet+0x5c1/0xdd0
[   77.766339]  ? hci_hardware_error_evt+0xc0/0xc0
[   77.766339]  ? hci_le_ext_adv_term_evt+0x850/0x850
[   77.766339]  ? lockdep_hardirqs_on_prepare+0x17b/0x400
[   77.766339]  hci_rx_work+0x4d3/0xb90
[   77.766339]  process_one_work+0x904/0x1590
[   77.766339]  ? lock_release+0x6f0/0x6f0
[   77.766339]  ? pwq_dec_nr_in_flight+0x230/0x230
[   77.766339]  ? rwlock_bug.part.0+0x90/0x90
[   77.766339]  ? _raw_spin_lock_irq+0x41/0x50
[   77.766339]  worker_thread+0x57c/0x1260
[   77.766339]  ? process_one_work+0x1590/0x1590
[   77.766339]  kthread+0x3b2/0x490
[   77.766339]  ? _raw_spin_unlock_irq+0x1f/0x40
[   77.766339]  ? set_kthread_struct+0x100/0x100
[   77.766339]  ret_from_fork+0x22/0x30
[   77.766339]  </TASK>
[   77.872713] kobject_add_internal failed for hci0:10 with -EEXIST, don't try to register things with the same name in the same directory.
[   77.879321] Bluetooth: hci0: failed to register connection device
[   77.895256] Bluetooth: hci0: unexpected subevent 0x0a length: 165 > 30
[   77.898408] debugfs: Directory '10' with parent 'hci0' already present!
[   77.901862] sysfs: cannot create duplicate filename '/devices/virtual/bluetooth/hci0/hci0:10'
[   77.906244] CPU: 0 PID: 44 Comm: kworker/u3:2 Not tainted 5.16.0-rc8+ #3
[   77.906820] Hardware name: QEMU Standard PC (i440FX + PIIX, 1996), BIOS rel-1.14.0-0-g155821a1990b-prebuilt.qemu.org 04/01/2014
[   77.906820] Workqueue: hci0 hci_rx_work
[   77.906820] Call Trace:
[   77.906820]  <TASK>
[   77.906820]  dump_stack_lvl+0x45/0x59
[   77.906820]  sysfs_warn_dup.cold+0x17/0x24
[   77.906820]  sysfs_create_dir_ns+0x1eb/0x260
[   77.906820]  ? sysfs_create_mount_point+0x80/0x80
[   77.906820]  ? rwlock_bug.part.0+0x90/0x90
[   77.906820]  ? do_raw_spin_unlock+0x4f/0x210
[   77.906820]  kobject_add_internal+0x223/0x920
[   77.906820]  ? lock_release+0x3b2/0x6f0
[   77.906820]  kobject_add+0x120/0x190
[   77.906820]  ? kset_create_and_add+0x170/0x170
[   77.906820]  ? lockdep_init_map_type+0x2c3/0x7a0
[   77.906820]  ? __raw_spin_lock_init+0x36/0x110
[   77.906820]  ? kobject_get+0x50/0xe0
[   77.906820]  device_add+0x2cd/0x1b20
[   77.906820]  ? dev_set_name+0xa6/0xd0
[   77.906820]  ? device_initialize+0x540/0x540
[   77.906820]  ? __fw_devlink_link_to_suppliers+0x480/0x480
[   77.906820]  ? hci_debugfs_create_conn+0x17b/0x1f0
[   77.906820]  ? mgmt_send_event_skb+0x293/0x3f0
[   77.906820]  ? hci_debugfs_create_le+0x850/0x850
[   77.906820]  hci_conn_add_sysfs+0x8d/0xf0
[   77.906820]  le_conn_complete_evt+0xe4d/0x1a50
[   77.906820]  ? hci_remote_ext_features_evt+0xd50/0xd50
[   77.906820]  ? bt_warn+0xd7/0x107
[   77.906820]  ? bt_info+0x107/0x107
[   77.906820]  hci_le_enh_conn_complete_evt+0x227/0x2d0
[   77.906820]  hci_le_meta_evt+0x24a/0x450
[   77.906820]  ? le_conn_complete_evt+0x1a50/0x1a50
[   77.906820]  hci_event_packet+0x5c1/0xdd0
[   77.906820]  ? hci_hardware_error_evt+0xc0/0xc0
[   77.906820]  ? hci_le_ext_adv_term_evt+0x850/0x850
[   77.906820]  ? lockdep_hardirqs_on_prepare+0x17b/0x400
[   77.906820]  hci_rx_work+0x4d3/0xb90
[   77.906820]  process_one_work+0x904/0x1590
[   77.906820]  ? lock_release+0x6f0/0x6f0
[   77.906820]  ? pwq_dec_nr_in_flight+0x230/0x230
[   77.906820]  ? rwlock_bug.part.0+0x90/0x90
[   77.906820]  ? _raw_spin_lock_irq+0x41/0x50
[   77.906820]  worker_thread+0x57c/0x1260
[   77.906820]  ? process_one_work+0x1590/0x1590
[   77.906820]  kthread+0x3b2/0x490
[   77.906820]  ? _raw_spin_unlock_irq+0x1f/0x40
[   77.906820]  ? set_kthread_struct+0x100/0x100
[   77.906820]  ret_from_fork+0x22/0x30
[   77.906820]  </TASK>
[   78.013940] kobject_add_internal failed for hci0:10 with -EEXIST, don't try to register things with the same name in the same directory.
[   78.017563] Bluetooth: hci0: failed to register connection device
[   78.031979] Bluetooth: hci0: unexpected subevent 0x0a length: 164 > 30
[   78.034119] debugfs: Directory '10' with parent 'hci0' already present!
[   78.036327] sysfs: cannot create duplicate filename '/devices/virtual/bluetooth/hci0/hci0:10'
[   78.038740] CPU: 0 PID: 44 Comm: kworker/u3:2 Not tainted 5.16.0-rc8+ #3
[   78.039703] Hardware name: QEMU Standard PC (i440FX + PIIX, 1996), BIOS rel-1.14.0-0-g155821a1990b-prebuilt.qemu.org 04/01/2014
[   78.039703] Workqueue: hci0 hci_rx_work
[   78.039703] Call Trace:
[   78.039703]  <TASK>
[   78.039703]  dump_stack_lvl+0x45/0x59
[   78.039703]  sysfs_warn_dup.cold+0x17/0x24
[   78.039703]  sysfs_create_dir_ns+0x1eb/0x260
[   78.039703]  ? sysfs_create_mount_point+0x80/0x80
[   78.039703]  ? rwlock_bug.part.0+0x90/0x90
[   78.039703]  ? do_raw_spin_unlock+0x4f/0x210
[   78.039703]  kobject_add_internal+0x223/0x920
[   78.039703]  ? lock_release+0x3b2/0x6f0
[   78.039703]  kobject_add+0x120/0x190
[   78.039703]  ? kset_create_and_add+0x170/0x170
[   78.039703]  ? lockdep_init_map_type+0x2c3/0x7a0
[   78.039703]  ? __raw_spin_lock_init+0x36/0x110
[   78.039703]  ? kobject_get+0x50/0xe0
[   78.039703]  device_add+0x2cd/0x1b20
[   78.039703]  ? dev_set_name+0xa6/0xd0
[   78.039703]  ? device_initialize+0x540/0x540
[   78.039703]  ? __fw_devlink_link_to_suppliers+0x480/0x480
[   78.039703]  ? hci_debugfs_create_conn+0x17b/0x1f0
[   78.039703]  ? mgmt_send_event_skb+0x293/0x3f0
[   78.039703]  ? hci_debugfs_create_le+0x850/0x850
[   78.039703]  hci_conn_add_sysfs+0x8d/0xf0
[   78.039703]  le_conn_complete_evt+0xe4d/0x1a50
[   78.039703]  ? hci_remote_ext_features_evt+0xd50/0xd50
[   78.039703]  ? bt_warn+0xd7/0x107
[   78.039703]  ? bt_info+0x107/0x107
[   78.039703]  hci_le_enh_conn_complete_evt+0x227/0x2d0
[   78.039703]  hci_le_meta_evt+0x24a/0x450
[   78.039703]  ? le_conn_complete_evt+0x1a50/0x1a50
[   78.039703]  hci_event_packet+0x5c1/0xdd0
[   78.039703]  ? hci_hardware_error_evt+0xc0/0xc0
[   78.039703]  ? hci_le_ext_adv_term_evt+0x850/0x850
[   78.039703]  ? lockdep_hardirqs_on_prepare+0x17b/0x400
[   78.039703]  hci_rx_work+0x4d3/0xb90
[   78.039703]  process_one_work+0x904/0x1590
[   78.039703]  ? lock_release+0x6f0/0x6f0
[   78.039703]  ? pwq_dec_nr_in_flight+0x230/0x230
[   78.039703]  ? rwlock_bug.part.0+0x90/0x90
[   78.039703]  ? _raw_spin_lock_irq+0x41/0x50
[   78.039703]  worker_thread+0x57c/0x1260
[   78.039703]  ? process_one_work+0x1590/0x1590
[   78.039703]  kthread+0x3b2/0x490
[   78.039703]  ? _raw_spin_unlock_irq+0x1f/0x40
[   78.039703]  ? set_kthread_struct+0x100/0x100
[   78.039703]  ret_from_fork+0x22/0x30
[   78.039703]  </TASK>
[   78.122330] kobject_add_internal failed for hci0:10 with -EEXIST, don't try to register things with the same name in the same directory.
[   78.126625] Bluetooth: hci0: failed to register connection device
[   78.142002] Bluetooth: hci0: unexpected subevent 0x0a length: 154 > 30
[   78.145800] debugfs: Directory '10' with parent 'hci0' already present!
[   78.149129] sysfs: cannot create duplicate filename '/devices/virtual/bluetooth/hci0/hci0:10'
[   78.153644] CPU: 0 PID: 44 Comm: kworker/u3:2 Not tainted 5.16.0-rc8+ #3
[   78.154534] Hardware name: QEMU Standard PC (i440FX + PIIX, 1996), BIOS rel-1.14.0-0-g155821a1990b-prebuilt.qemu.org 04/01/2014
[   78.154534] Workqueue: hci0 hci_rx_work
[   78.154534] Call Trace:
[   78.154534]  <TASK>
[   78.154534]  dump_stack_lvl+0x45/0x59
[   78.154534]  sysfs_warn_dup.cold+0x17/0x24
[   78.154534]  sysfs_create_dir_ns+0x1eb/0x260
[   78.154534]  ? sysfs_create_mount_point+0x80/0x80
[   78.154534]  ? rwlock_bug.part.0+0x90/0x90
[   78.154534]  ? do_raw_spin_unlock+0x4f/0x210
[   78.154534]  kobject_add_internal+0x223/0x920
[   78.154534]  ? lock_release+0x3b2/0x6f0
[   78.154534]  kobject_add+0x120/0x190
[   78.154534]  ? kset_create_and_add+0x170/0x170
[   78.154534]  ? lockdep_init_map_type+0x2c3/0x7a0
[   78.154534]  ? __raw_spin_lock_init+0x36/0x110
[   78.154534]  ? kobject_get+0x50/0xe0
[   78.154534]  device_add+0x2cd/0x1b20
[   78.154534]  ? dev_set_name+0xa6/0xd0
[   78.154534]  ? device_initialize+0x540/0x540
[   78.154534]  ? __fw_devlink_link_to_suppliers+0x480/0x480
[   78.154534]  ? hci_debugfs_create_conn+0x17b/0x1f0
[   78.154534]  ? mgmt_send_event_skb+0x293/0x3f0
[   78.154534]  ? hci_debugfs_create_le+0x850/0x850
[   78.154534]  hci_conn_add_sysfs+0x8d/0xf0
[   78.154534]  le_conn_complete_evt+0xe4d/0x1a50
[   78.154534]  ? hci_remote_ext_features_evt+0xd50/0xd50
[   78.154534]  ? bt_warn+0xd7/0x107
[   78.154534]  ? bt_info+0x107/0x107
[   78.154534]  hci_le_enh_conn_complete_evt+0x227/0x2d0
[   78.154534]  hci_le_meta_evt+0x24a/0x450
[   78.154534]  ? le_conn_complete_evt+0x1a50/0x1a50
[   78.154534]  hci_event_packet+0x5c1/0xdd0
[   78.154534]  ? hci_hardware_error_evt+0xc0/0xc0
[   78.154534]  ? hci_le_ext_adv_term_evt+0x850/0x850
[   78.154534]  ? lockdep_hardirqs_on_prepare+0x17b/0x400
[   78.154534]  hci_rx_work+0x4d3/0xb90
[   78.154534]  process_one_work+0x904/0x1590
[   78.154534]  ? lock_release+0x6f0/0x6f0
[   78.154534]  ? pwq_dec_nr_in_flight+0x230/0x230
[   78.154534]  ? rwlock_bug.part.0+0x90/0x90
[   78.154534]  ? _raw_spin_lock_irq+0x41/0x50
[   78.154534]  worker_thread+0x57c/0x1260
[   78.154534]  ? process_one_work+0x1590/0x1590
[   78.154534]  kthread+0x3b2/0x490
[   78.154534]  ? _raw_spin_unlock_irq+0x1f/0x40
[   78.154534]  ? set_kthread_struct+0x100/0x100
[   78.154534]  ret_from_fork+0x22/0x30
[   78.154534]  </TASK>
[   78.219771] kobject_add_internal failed for hci0:10 with -EEXIST, don't try to register things with the same name in the same directory.
[   78.222881] Bluetooth: hci0: failed to register connection device
[   78.265240] Bluetooth: hci0: unexpected subevent 0x0a length: 147 > 30
[   78.267357] debugfs: Directory '10' with parent 'hci0' already present!
[   78.269134] sysfs: cannot create duplicate filename '/devices/virtual/bluetooth/hci0/hci0:10'
[   78.271137] CPU: 0 PID: 44 Comm: kworker/u3:2 Not tainted 5.16.0-rc8+ #3
[   78.272105] Hardware name: QEMU Standard PC (i440FX + PIIX, 1996), BIOS rel-1.14.0-0-g155821a1990b-prebuilt.qemu.org 04/01/2014
[   78.272105] Workqueue: hci0 hci_rx_work
[   78.272105] Call Trace:
[   78.272105]  <TASK>
[   78.272105]  dump_stack_lvl+0x45/0x59
[   78.272105]  sysfs_warn_dup.cold+0x17/0x24
[   78.272105]  sysfs_create_dir_ns+0x1eb/0x260
[   78.272105]  ? sysfs_create_mount_point+0x80/0x80
[   78.272105]  ? rwlock_bug.part.0+0x90/0x90
[   78.272105]  ? do_raw_spin_unlock+0x4f/0x210
[   78.272105]  kobject_add_internal+0x223/0x920
[   78.272105]  ? lock_release+0x3b2/0x6f0
[   78.272105]  kobject_add+0x120/0x190
[   78.272105]  ? kset_create_and_add+0x170/0x170
[   78.272105]  ? lockdep_init_map_type+0x2c3/0x7a0
[   78.272105]  ? __raw_spin_lock_init+0x36/0x110
[   78.272105]  ? kobject_get+0x50/0xe0
[   78.272105]  device_add+0x2cd/0x1b20
[   78.272105]  ? dev_set_name+0xa6/0xd0
[   78.272105]  ? device_initialize+0x540/0x540
[   78.272105]  ? __fw_devlink_link_to_suppliers+0x480/0x480
[   78.272105]  ? hci_debugfs_create_conn+0x17b/0x1f0
[   78.272105]  ? mgmt_send_event_skb+0x293/0x3f0
[   78.272105]  ? hci_debugfs_create_le+0x850/0x850
[   78.272105]  hci_conn_add_sysfs+0x8d/0xf0
[   78.272105]  le_conn_complete_evt+0xe4d/0x1a50
[   78.272105]  ? hci_remote_ext_features_evt+0xd50/0xd50
[   78.272105]  ? bt_warn+0xd7/0x107
[   78.272105]  ? bt_info+0x107/0x107
[   78.272105]  hci_le_enh_conn_complete_evt+0x227/0x2d0
[   78.272105]  hci_le_meta_evt+0x24a/0x450
[   78.272105]  ? le_conn_complete_evt+0x1a50/0x1a50
[   78.272105]  hci_event_packet+0x5c1/0xdd0
[   78.272105]  ? hci_hardware_error_evt+0xc0/0xc0
[   78.272105]  ? hci_le_ext_adv_term_evt+0x850/0x850
[   78.272105]  ? lockdep_hardirqs_on_prepare+0x17b/0x400
[   78.272105]  hci_rx_work+0x4d3/0xb90
[   78.272105]  process_one_work+0x904/0x1590
[   78.272105]  ? lock_release+0x6f0/0x6f0
[   78.272105]  ? pwq_dec_nr_in_flight+0x230/0x230
[   78.272105]  ? rwlock_bug.part.0+0x90/0x90
[   78.272105]  ? _raw_spin_lock_irq+0x41/0x50
[   78.272105]  worker_thread+0x57c/0x1260
[   78.272105]  ? process_one_work+0x1590/0x1590
[   78.272105]  kthread+0x3b2/0x490
[   78.272105]  ? _raw_spin_unlock_irq+0x1f/0x40
[   78.272105]  ? set_kthread_struct+0x100/0x100
[   78.272105]  ret_from_fork+0x22/0x30
[   78.272105]  </TASK>
[   78.320854] kobject_add_internal failed for hci0:10 with -EEXIST, don't try to register things with the same name in the same directory.
[   78.323505] Bluetooth: hci0: failed to register connection device
[   78.338772] Bluetooth: hci0: unexpected subevent 0x0a length: 157 > 30
[   78.340266] debugfs: Directory '10' with parent 'hci0' already present!
[   78.342059] sysfs: cannot create duplicate filename '/devices/virtual/bluetooth/hci0/hci0:10'
[   78.344004] CPU: 0 PID: 44 Comm: kworker/u3:2 Not tainted 5.16.0-rc8+ #3
[   78.344971] Hardware name: QEMU Standard PC (i440FX + PIIX, 1996), BIOS rel-1.14.0-0-g155821a1990b-prebuilt.qemu.org 04/01/2014
[   78.344971] Workqueue: hci0 hci_rx_work
[   78.344971] Call Trace:
[   78.344971]  <TASK>
[   78.344971]  dump_stack_lvl+0x45/0x59
[   78.344971]  sysfs_warn_dup.cold+0x17/0x24
[   78.344971]  sysfs_create_dir_ns+0x1eb/0x260
[   78.344971]  ? sysfs_create_mount_point+0x80/0x80
[   78.344971]  ? rwlock_bug.part.0+0x90/0x90
[   78.344971]  ? do_raw_spin_unlock+0x4f/0x210
[   78.344971]  kobject_add_internal+0x223/0x920
[   78.344971]  ? lock_release+0x3b2/0x6f0
[   78.344971]  kobject_add+0x120/0x190
[   78.344971]  ? kset_create_and_add+0x170/0x170
[   78.344971]  ? lockdep_init_map_type+0x2c3/0x7a0
[   78.344971]  ? __raw_spin_lock_init+0x36/0x110
[   78.344971]  ? kobject_get+0x50/0xe0
[   78.344971]  device_add+0x2cd/0x1b20
[   78.344971]  ? dev_set_name+0xa6/0xd0
[   78.344971]  ? device_initialize+0x540/0x540
[   78.344971]  ? __fw_devlink_link_to_suppliers+0x480/0x480
[   78.344971]  ? hci_debugfs_create_conn+0x17b/0x1f0
[   78.344971]  ? mgmt_send_event_skb+0x293/0x3f0
[   78.344971]  ? hci_debugfs_create_le+0x850/0x850
[   78.344971]  hci_conn_add_sysfs+0x8d/0xf0
[   78.344971]  le_conn_complete_evt+0xe4d/0x1a50
[   78.344971]  ? hci_remote_ext_features_evt+0xd50/0xd50
[   78.344971]  ? bt_warn+0xd7/0x107
[   78.344971]  ? bt_info+0x107/0x107
[   78.344971]  hci_le_enh_conn_complete_evt+0x227/0x2d0
[   78.344971]  hci_le_meta_evt+0x24a/0x450
[   78.344971]  ? le_conn_complete_evt+0x1a50/0x1a50
[   78.344971]  hci_event_packet+0x5c1/0xdd0
[   78.344971]  ? hci_hardware_error_evt+0xc0/0xc0
[   78.344971]  ? hci_le_ext_adv_term_evt+0x850/0x850
[   78.344971]  ? lockdep_hardirqs_on_prepare+0x17b/0x400
[   78.344971]  hci_rx_work+0x4d3/0xb90
[   78.344971]  process_one_work+0x904/0x1590
[   78.344971]  ? lock_release+0x6f0/0x6f0
[   78.344971]  ? pwq_dec_nr_in_flight+0x230/0x230
[   78.344971]  ? rwlock_bug.part.0+0x90/0x90
[   78.344971]  ? _raw_spin_lock_irq+0x41/0x50
[   78.344971]  worker_thread+0x57c/0x1260
[   78.344971]  ? process_one_work+0x1590/0x1590
[   78.344971]  kthread+0x3b2/0x490
[   78.344971]  ? _raw_spin_unlock_irq+0x1f/0x40
[   78.344971]  ? set_kthread_struct+0x100/0x100
[   78.344971]  ret_from_fork+0x22/0x30
[   78.344971]  </TASK>
[   78.396114] kobject_add_internal failed for hci0:10 with -EEXIST, don't try to register things with the same name in the same directory.
[   78.400397] Bluetooth: hci0: failed to register connection device
[   78.418801] Bluetooth: hci0: unexpected subevent 0x0a length: 231 > 30
[   78.423022] debugfs: Directory '10' with parent 'hci0' already present!
[   78.427385] sysfs: cannot create duplicate filename '/devices/virtual/bluetooth/hci0/hci0:10'
[   78.432541] CPU: 0 PID: 44 Comm: kworker/u3:2 Not tainted 5.16.0-rc8+ #3
[   78.433505] Hardware name: QEMU Standard PC (i440FX + PIIX, 1996), BIOS rel-1.14.0-0-g155821a1990b-prebuilt.qemu.org 04/01/2014
[   78.433505] Workqueue: hci0 hci_rx_work
[   78.433505] Call Trace:
[   78.433505]  <TASK>
[   78.433505]  dump_stack_lvl+0x45/0x59
[   78.433505]  sysfs_warn_dup.cold+0x17/0x24
[   78.433505]  sysfs_create_dir_ns+0x1eb/0x260
[   78.433505]  ? sysfs_create_mount_point+0x80/0x80
[   78.433505]  ? rwlock_bug.part.0+0x90/0x90
[   78.433505]  ? do_raw_spin_unlock+0x4f/0x210
[   78.433505]  kobject_add_internal+0x223/0x920
[   78.433505]  ? lock_release+0x3b2/0x6f0
[   78.433505]  kobject_add+0x120/0x190
[   78.433505]  ? kset_create_and_add+0x170/0x170
[   78.433505]  ? lockdep_init_map_type+0x2c3/0x7a0
[   78.433505]  ? __raw_spin_lock_init+0x36/0x110
[   78.433505]  ? kobject_get+0x50/0xe0
[   78.433505]  device_add+0x2cd/0x1b20
[   78.433505]  ? dev_set_name+0xa6/0xd0
[   78.433505]  ? device_initialize+0x540/0x540
[   78.433505]  ? __fw_devlink_link_to_suppliers+0x480/0x480
[   78.433505]  ? hci_debugfs_create_conn+0x17b/0x1f0
[   78.433505]  ? mgmt_send_event_skb+0x293/0x3f0
[   78.433505]  ? hci_debugfs_create_le+0x850/0x850
[   78.433505]  hci_conn_add_sysfs+0x8d/0xf0
[   78.433505]  le_conn_complete_evt+0xe4d/0x1a50
[   78.433505]  ? hci_remote_ext_features_evt+0xd50/0xd50
[   78.433505]  ? bt_warn+0xd7/0x107
[   78.433505]  ? bt_info+0x107/0x107
[   78.433505]  hci_le_enh_conn_complete_evt+0x227/0x2d0
[   78.433505]  hci_le_meta_evt+0x24a/0x450
[   78.433505]  ? le_conn_complete_evt+0x1a50/0x1a50
[   78.433505]  hci_event_packet+0x5c1/0xdd0
[   78.433505]  ? hci_hardware_error_evt+0xc0/0xc0
[   78.433505]  ? hci_le_ext_adv_term_evt+0x850/0x850
[   78.433505]  ? lockdep_hardirqs_on_prepare+0x17b/0x400
[   78.433505]  hci_rx_work+0x4d3/0xb90
[   78.433505]  process_one_work+0x904/0x1590
[   78.433505]  ? lock_release+0x6f0/0x6f0
[   78.433505]  ? pwq_dec_nr_in_flight+0x230/0x230
[   78.433505]  ? rwlock_bug.part.0+0x90/0x90
[   78.433505]  ? _raw_spin_lock_irq+0x41/0x50
[   78.433505]  worker_thread+0x57c/0x1260
[   78.433505]  ? process_one_work+0x1590/0x1590
[   78.433505]  kthread+0x3b2/0x490
[   78.433505]  ? _raw_spin_unlock_irq+0x1f/0x40
[   78.433505]  ? set_kthread_struct+0x100/0x100
[   78.433505]  ret_from_fork+0x22/0x30
[   78.433505]  </TASK>
[   78.523122] kobject_add_internal failed for hci0:10 with -EEXIST, don't try to register things with the same name in the same directory.
[   78.528407] Bluetooth: hci0: failed to register connection device
[   78.545172] Bluetooth: hci0: unexpected subevent 0x0a length: 155 > 30
[   78.548372] debugfs: Directory '10' with parent 'hci0' already present!
[   78.551871] sysfs: cannot create duplicate filename '/devices/virtual/bluetooth/hci0/hci0:10'
[   78.555208] CPU: 0 PID: 44 Comm: kworker/u3:2 Not tainted 5.16.0-rc8+ #3
[   78.556157] Hardware name: QEMU Standard PC (i440FX + PIIX, 1996), BIOS rel-1.14.0-0-g155821a1990b-prebuilt.qemu.org 04/01/2014
[   78.556157] Workqueue: hci0 hci_rx_work
[   78.556157] Call Trace:
[   78.556157]  <TASK>
[   78.556157]  dump_stack_lvl+0x45/0x59
[   78.556157]  sysfs_warn_dup.cold+0x17/0x24
[   78.556157]  sysfs_create_dir_ns+0x1eb/0x260
[   78.556157]  ? sysfs_create_mount_point+0x80/0x80
[   78.556157]  ? rwlock_bug.part.0+0x90/0x90
[   78.556157]  ? do_raw_spin_unlock+0x4f/0x210
[   78.556157]  kobject_add_internal+0x223/0x920
[   78.556157]  ? lock_release+0x3b2/0x6f0
[   78.556157]  kobject_add+0x120/0x190
[   78.556157]  ? kset_create_and_add+0x170/0x170
[   78.556157]  ? lockdep_init_map_type+0x2c3/0x7a0
[   78.556157]  ? __raw_spin_lock_init+0x36/0x110
[   78.556157]  ? kobject_get+0x50/0xe0
[   78.556157]  device_add+0x2cd/0x1b20
[   78.556157]  ? dev_set_name+0xa6/0xd0
[   78.556157]  ? device_initialize+0x540/0x540
[   78.556157]  ? __fw_devlink_link_to_suppliers+0x480/0x480
[   78.556157]  ? hci_debugfs_create_conn+0x17b/0x1f0
[   78.556157]  ? mgmt_send_event_skb+0x293/0x3f0
[   78.556157]  ? hci_debugfs_create_le+0x850/0x850
[   78.556157]  hci_conn_add_sysfs+0x8d/0xf0
[   78.556157]  le_conn_complete_evt+0xe4d/0x1a50
[   78.556157]  ? hci_remote_ext_features_evt+0xd50/0xd50
[   78.556157]  ? bt_warn+0xd7/0x107
[   78.556157]  ? bt_info+0x107/0x107
[   78.556157]  hci_le_enh_conn_complete_evt+0x227/0x2d0
[   78.556157]  hci_le_meta_evt+0x24a/0x450
[   78.556157]  ? le_conn_complete_evt+0x1a50/0x1a50
[   78.556157]  hci_event_packet+0x5c1/0xdd0
[   78.556157]  ? hci_hardware_error_evt+0xc0/0xc0
[   78.556157]  ? hci_le_ext_adv_term_evt+0x850/0x850
[   78.556157]  ? lockdep_hardirqs_on_prepare+0x17b/0x400
[   78.556157]  hci_rx_work+0x4d3/0xb90
[   78.556157]  process_one_work+0x904/0x1590
[   78.556157]  ? lock_release+0x6f0/0x6f0
[   78.556157]  ? pwq_dec_nr_in_flight+0x230/0x230
[   78.556157]  ? rwlock_bug.part.0+0x90/0x90
[   78.556157]  ? _raw_spin_lock_irq+0x41/0x50
[   78.556157]  worker_thread+0x57c/0x1260
[   78.556157]  ? process_one_work+0x1590/0x1590
[   78.556157]  kthread+0x3b2/0x490
[   78.556157]  ? _raw_spin_unlock_irq+0x1f/0x40
[   78.556157]  ? set_kthread_struct+0x100/0x100
[   78.556157]  ret_from_fork+0x22/0x30
[   78.556157]  </TASK>
[   78.653278] kobject_add_internal failed for hci0:10 with -EEXIST, don't try to register things with the same name in the same directory.
[   78.658631] Bluetooth: hci0: failed to register connection device
[   78.671970] Bluetooth: hci0: unexpected subevent 0x0a length: 155 > 30
[   78.675067] debugfs: Directory '10' with parent 'hci0' already present!
[   78.678185] sysfs: cannot create duplicate filename '/devices/virtual/bluetooth/hci0/hci0:10'
[   78.681614] CPU: 0 PID: 44 Comm: kworker/u3:2 Not tainted 5.16.0-rc8+ #3
[   78.682493] Hardware name: QEMU Standard PC (i440FX + PIIX, 1996), BIOS rel-1.14.0-0-g155821a1990b-prebuilt.qemu.org 04/01/2014
[   78.682493] Workqueue: hci0 hci_rx_work
[   78.682493] Call Trace:
[   78.682493]  <TASK>
[   78.682493]  dump_stack_lvl+0x45/0x59
[   78.682493]  sysfs_warn_dup.cold+0x17/0x24
[   78.682493]  sysfs_create_dir_ns+0x1eb/0x260
[   78.682493]  ? sysfs_create_mount_point+0x80/0x80
[   78.682493]  ? rwlock_bug.part.0+0x90/0x90
[   78.682493]  ? do_raw_spin_unlock+0x4f/0x210
[   78.682493]  kobject_add_internal+0x223/0x920
[   78.682493]  ? lock_release+0x3b2/0x6f0
[   78.682493]  kobject_add+0x120/0x190
[   78.682493]  ? kset_create_and_add+0x170/0x170
[   78.682493]  ? lockdep_init_map_type+0x2c3/0x7a0
[   78.682493]  ? __raw_spin_lock_init+0x36/0x110
[   78.682493]  ? kobject_get+0x50/0xe0
[   78.682493]  device_add+0x2cd/0x1b20
[   78.682493]  ? dev_set_name+0xa6/0xd0
[   78.682493]  ? device_initialize+0x540/0x540
[   78.682493]  ? __fw_devlink_link_to_suppliers+0x480/0x480
[   78.682493]  ? hci_debugfs_create_conn+0x17b/0x1f0
[   78.682493]  ? mgmt_send_event_skb+0x293/0x3f0
[   78.682493]  ? hci_debugfs_create_le+0x850/0x850
[   78.682493]  hci_conn_add_sysfs+0x8d/0xf0
[   78.682493]  le_conn_complete_evt+0xe4d/0x1a50
[   78.682493]  ? hci_remote_ext_features_evt+0xd50/0xd50
[   78.682493]  ? bt_warn+0xd7/0x107
[   78.682493]  ? bt_info+0x107/0x107
[   78.682493]  hci_le_enh_conn_complete_evt+0x227/0x2d0
[   78.682493]  hci_le_meta_evt+0x24a/0x450
[   78.682493]  ? le_conn_complete_evt+0x1a50/0x1a50
[   78.682493]  hci_event_packet+0x5c1/0xdd0
[   78.682493]  ? hci_hardware_error_evt+0xc0/0xc0
[   78.682493]  ? hci_le_ext_adv_term_evt+0x850/0x850
[   78.682493]  ? lockdep_hardirqs_on_prepare+0x17b/0x400
[   78.682493]  hci_rx_work+0x4d3/0xb90
[   78.682493]  process_one_work+0x904/0x1590
[   78.682493]  ? lock_release+0x6f0/0x6f0
[   78.682493]  ? pwq_dec_nr_in_flight+0x230/0x230
[   78.682493]  ? rwlock_bug.part.0+0x90/0x90
[   78.682493]  ? _raw_spin_lock_irq+0x41/0x50
[   78.682493]  worker_thread+0x57c/0x1260
[   78.682493]  ? process_one_work+0x1590/0x1590
[   78.682493]  kthread+0x3b2/0x490
[   78.682493]  ? _raw_spin_unlock_irq+0x1f/0x40
[   78.682493]  ? set_kthread_struct+0x100/0x100
[   78.682493]  ret_from_fork+0x22/0x30
[   78.682493]  </TASK>
[   78.733524] kobject_add_internal failed for hci0:10 with -EEXIST, don't try to register things with the same name in the same directory.
[   78.736269] Bluetooth: hci0: failed to register connection device
[   78.748735] Bluetooth: hci0: unexpected subevent 0x0a length: 179 > 30
[   78.750339] debugfs: Directory '10' with parent 'hci0' already present!
[   78.751969] sysfs: cannot create duplicate filename '/devices/virtual/bluetooth/hci0/hci0:10'
[   78.753868] CPU: 0 PID: 44 Comm: kworker/u3:2 Not tainted 5.16.0-rc8+ #3
[   78.754843] Hardware name: QEMU Standard PC (i440FX + PIIX, 1996), BIOS rel-1.14.0-0-g155821a1990b-prebuilt.qemu.org 04/01/2014
[   78.754843] Workqueue: hci0 hci_rx_work
[   78.754843] Call Trace:
[   78.754843]  <TASK>
[   78.754843]  dump_stack_lvl+0x45/0x59
[   78.754843]  sysfs_warn_dup.cold+0x17/0x24
[   78.754843]  sysfs_create_dir_ns+0x1eb/0x260
[   78.754843]  ? sysfs_create_mount_point+0x80/0x80
[   78.754843]  ? rwlock_bug.part.0+0x90/0x90
[   78.754843]  ? do_raw_spin_unlock+0x4f/0x210
[   78.754843]  kobject_add_internal+0x223/0x920
[   78.754843]  ? lock_release+0x3b2/0x6f0
[   78.754843]  kobject_add+0x120/0x190
[   78.754843]  ? kset_create_and_add+0x170/0x170
[   78.754843]  ? lockdep_init_map_type+0x2c3/0x7a0
[   78.754843]  ? __raw_spin_lock_init+0x36/0x110
[   78.754843]  ? kobject_get+0x50/0xe0
[   78.754843]  device_add+0x2cd/0x1b20
[   78.754843]  ? dev_set_name+0xa6/0xd0
[   78.754843]  ? device_initialize+0x540/0x540
[   78.754843]  ? __fw_devlink_link_to_suppliers+0x480/0x480
[   78.754843]  ? hci_debugfs_create_conn+0x17b/0x1f0
[   78.754843]  ? mgmt_send_event_skb+0x293/0x3f0
[   78.754843]  ? hci_debugfs_create_le+0x850/0x850
[   78.754843]  hci_conn_add_sysfs+0x8d/0xf0
[   78.754843]  le_conn_complete_evt+0xe4d/0x1a50
[   78.754843]  ? hci_remote_ext_features_evt+0xd50/0xd50
[   78.754843]  ? bt_warn+0xd7/0x107
[   78.754843]  ? bt_info+0x107/0x107
[   78.754843]  hci_le_enh_conn_complete_evt+0x227/0x2d0
[   78.754843]  hci_le_meta_evt+0x24a/0x450
[   78.754843]  ? le_conn_complete_evt+0x1a50/0x1a50
[   78.754843]  hci_event_packet+0x5c1/0xdd0
[   78.754843]  ? hci_hardware_error_evt+0xc0/0xc0
[   78.754843]  ? hci_le_ext_adv_term_evt+0x850/0x850
[   78.754843]  ? lockdep_hardirqs_on_prepare+0x17b/0x400
[   78.754843]  hci_rx_work+0x4d3/0xb90
[   78.754843]  process_one_work+0x904/0x1590
[   78.754843]  ? lock_release+0x6f0/0x6f0
[   78.754843]  ? pwq_dec_nr_in_flight+0x230/0x230
[   78.754843]  ? rwlock_bug.part.0+0x90/0x90
[   78.754843]  ? _raw_spin_lock_irq+0x41/0x50
[   78.754843]  worker_thread+0x57c/0x1260
[   78.754843]  ? process_one_work+0x1590/0x1590
[   78.754843]  kthread+0x3b2/0x490
[   78.754843]  ? _raw_spin_unlock_irq+0x1f/0x40
[   78.754843]  ? set_kthread_struct+0x100/0x100
[   78.754843]  ret_from_fork+0x22/0x30
[   78.754843]  </TASK>
[   78.850625] kobject_add_internal failed for hci0:10 with -EEXIST, don't try to register things with the same name in the same directory.
[   78.857416] Bluetooth: hci0: failed to register connection device
[   78.875449] Bluetooth: hci0: unexpected subevent 0x0a length: 138 > 30
[   78.879908] debugfs: Directory '10' with parent 'hci0' already present!
[   78.884320] sysfs: cannot create duplicate filename '/devices/virtual/bluetooth/hci0/hci0:10'
[   78.889160] CPU: 0 PID: 44 Comm: kworker/u3:2 Not tainted 5.16.0-rc8+ #3
[   78.890105] Hardware name: QEMU Standard PC (i440FX + PIIX, 1996), BIOS rel-1.14.0-0-g155821a1990b-prebuilt.qemu.org 04/01/2014
[   78.890105] Workqueue: hci0 hci_rx_work
[   78.890105] Call Trace:
[   78.890105]  <TASK>
[   78.890105]  dump_stack_lvl+0x45/0x59
[   78.890105]  sysfs_warn_dup.cold+0x17/0x24
[   78.890105]  sysfs_create_dir_ns+0x1eb/0x260
[   78.890105]  ? sysfs_create_mount_point+0x80/0x80
[   78.890105]  ? rwlock_bug.part.0+0x90/0x90
[   78.890105]  ? do_raw_spin_unlock+0x4f/0x210
[   78.890105]  kobject_add_internal+0x223/0x920
[   78.890105]  ? lock_release+0x3b2/0x6f0
[   78.890105]  kobject_add+0x120/0x190
[   78.890105]  ? kset_create_and_add+0x170/0x170
[   78.890105]  ? lockdep_init_map_type+0x2c3/0x7a0
[   78.890105]  ? __raw_spin_lock_init+0x36/0x110
[   78.890105]  ? kobject_get+0x50/0xe0
[   78.890105]  device_add+0x2cd/0x1b20
[   78.890105]  ? dev_set_name+0xa6/0xd0
[   78.890105]  ? device_initialize+0x540/0x540
[   78.890105]  ? __fw_devlink_link_to_suppliers+0x480/0x480
[   78.890105]  ? hci_debugfs_create_conn+0x17b/0x1f0
[   78.890105]  ? mgmt_send_event_skb+0x293/0x3f0
[   78.890105]  ? hci_debugfs_create_le+0x850/0x850
[   78.890105]  hci_conn_add_sysfs+0x8d/0xf0
[   78.890105]  le_conn_complete_evt+0xe4d/0x1a50
[   78.890105]  ? hci_remote_ext_features_evt+0xd50/0xd50
[   78.890105]  ? bt_warn+0xd7/0x107
[   78.890105]  ? bt_info+0x107/0x107
[   78.890105]  hci_le_enh_conn_complete_evt+0x227/0x2d0
[   78.890105]  hci_le_meta_evt+0x24a/0x450
[   78.890105]  ? le_conn_complete_evt+0x1a50/0x1a50
[   78.890105]  hci_event_packet+0x5c1/0xdd0
[   78.890105]  ? hci_hardware_error_evt+0xc0/0xc0
[   78.890105]  ? hci_le_ext_adv_term_evt+0x850/0x850
[   78.890105]  ? lockdep_hardirqs_on_prepare+0x17b/0x400
[   78.890105]  hci_rx_work+0x4d3/0xb90
[   78.890105]  process_one_work+0x904/0x1590
[   78.890105]  ? lock_release+0x6f0/0x6f0
[   78.890105]  ? pwq_dec_nr_in_flight+0x230/0x230
[   78.890105]  ? rwlock_bug.part.0+0x90/0x90
[   78.890105]  ? _raw_spin_lock_irq+0x41/0x50
[   78.890105]  worker_thread+0x57c/0x1260
[   78.890105]  ? process_one_work+0x1590/0x1590
[   78.890105]  kthread+0x3b2/0x490
[   78.890105]  ? _raw_spin_unlock_irq+0x1f/0x40
[   78.890105]  ? set_kthread_struct+0x100/0x100
[   78.890105]  ret_from_fork+0x22/0x30
[   78.890105]  </TASK>
[   79.017538] kobject_add_internal failed for hci0:10 with -EEXIST, don't try to register things with the same name in the same directory.
[   79.024961] Bluetooth: hci0: failed to register connection device
[   79.064787] Bluetooth: hci0: Malformed Event: 0x13
[   79.082005] Bluetooth: hci0: Received unexpected HCI Event 0x00
[   79.105698] Bluetooth: hci0: wrong event for mode 64
[   79.125328] Bluetooth: hci0: wrong event for mode 64
[   79.148841] Bluetooth: hci0: unexpected cc 0x042d length: 57 > 7
[   79.152665] Bluetooth: hci0: unexpected event for opcode 0x042d
[   79.175358] Bluetooth: hci0: unexpected cc 0x042d length: 47 > 7
[   79.179390] Bluetooth: hci0: unexpected event for opcode 0x042d
[   79.199086] Bluetooth: hci0: unexpected cc 0x042d length: 18 > 7
[   79.203010] Bluetooth: hci0: unexpected event for opcode 0x042d
[   79.222261] Bluetooth: hci0: unexpected cc 0x042d length: 56 > 7
[   79.226199] Bluetooth: hci0: unexpected event for opcode 0x042d
[   79.255420] Bluetooth: hci0: unexpected cc 0x202f length: 22 > 9
[   79.259420] Bluetooth: hci0: unexpected event for opcode 0x202f
[   79.275770] Bluetooth: hci0: unexpected event for opcode 0x00ff
[   79.295442] Bluetooth: hci0: unexpected cc 0x202f length: 12 > 9
[   79.299445] Bluetooth: hci0: unexpected event for opcode 0x202f
[   79.319257] Bluetooth: hci0: unexpected event for opcode 0xffa8
[   79.342269] Bluetooth: hci0: unexpected event for opcode 0xa1a1
[   79.399121] Bluetooth: hci0: Malformed Event: 0x2f
[   79.416100] Bluetooth: hci0: unexpected cc 0x202f length: 40 > 9
[   79.419589] Bluetooth: hci0: unexpected event for opcode 0x202f
[   79.435879] Bluetooth: hci0: unexpected cc 0x202f length: 28 > 9
[   79.439625] Bluetooth: hci0: unexpected event for opcode 0x202f
[   79.461826] Bluetooth: hci0: unexpected cc 0x202f length: 15 > 9
ode 0x202f
[   79.485916] Bluetooth: hci0: unexpected event for opcode 0x012f
[   79.519104] Bluetooth: hci0: unexpected cc 0x202f length: 14 > 9
[   79.522697] Bluetooth: hci0: unexpected event for opcode 0x202f
[   79.545314] Bluetooth: hci0: Received unexpected HCI Event 0x00
[   79.565967] Bluetooth: hci0: unexpected event for opcode 0x0000
[   79.582619] Bluetooth: hci0: unexpected event for opcode 0x0000
[   79.602831] Bluetooth: hci0: Malformed LE Event: 0x0d
[   79.615392] Bluetooth: hci0: Malformed LE Event: 0x0d
[   79.630172] Bluetooth: hci0: Malformed LE Event: 0x0d
[   79.649004] Bluetooth: hci0: unexpected event for opcode 0x00d0
[   79.664015] Bluetooth: hci0: unexpected cc 0x202f length: 37 > 9
[   79.666297] Bluetooth: hci0: unexpected event for opcode 0x202f
[   79.691984] Bluetooth: hci0: unexpected event 0x04 length: 65 > 10
[   79.708988] Bluetooth: hci0: unexpected cc 0x202f length: 44 > 9
[   79.711214] Bluetooth: hci0: unexpected event for opcode 0x202f
[   79.735436] Bluetooth: hci0: unexpected event for opcode 0xdf2f
[   79.752043] Bluetooth: hci0: unexpected cc 0x202f length: 44 > 9
[   79.753555] Bluetooth: hci0: unexpected event for opcode 0x202f
[   79.768772] Bluetooth: hci0: unexpected event for opcode 0x1f43
[   79.785313] Bluetooth: hci0: unexpected cc 0x202f length: 16 > 9
[   79.786712] Bluetooth: hci0: unexpected event for opcode 0x202f
[   79.805309] Bluetooth: hci0: unexpected cc 0x202f length: 40 > 9
[   79.806966] Bluetooth: hci0: unexpected event for opcode 0x202f
[   79.821992] Bluetooth: hci0: unexpected event for opcode 0x1f2f
[   79.837039] Bluetooth: hci0: unexpected event for opcode 0x0004
[   79.853043] Bluetooth: hci0: unexpected cc 0x202f length: 97 > 9
[   79.855250] Bluetooth: hci0: unexpected event for opcode 0x202f
[   79.878886] Bluetooth: hci0: unexpected event for opcode 0x05f6
[   79.922748] Bluetooth: hci0: unexpected event 0x04 length: 6 < 10
[   79.949739] Bluetooth: hci0: unexpected cc 0x202d length: 20 > 1
[   79.955928] Bluetooth: hci0: unexpected event for opcode 0x202d
[   80.015401] Bluetooth: hci0: unexpected event for opcode 0x0a00
[   80.032111] Bluetooth: hci0: unexpected event for opcode 0x1077
[   80.048860] Bluetooth: hci0: unexpected event for opcode 0x0413
[   80.065522] Bluetooth: hci0: unexpected event 0x0f length: 3 < 4
[   80.098947] Bluetooth: hci0: unexpected event 0x30 length: 50 > 3
[   80.115283] Bluetooth: hci0: unexpected event 0x30 length: 31 > 3
[   80.135584] Bluetooth: hci0: unexpected event 0x30 length: 35 > 3
[   80.165300] Bluetooth: hci0: Malformed HCI Event
[   80.182174] Bluetooth: hci0: unexpected event 0x30 length: 84 > 3
[   80.205246] Bluetooth: hci0: Received unexpected HCI Event 0x00
[   80.252309] Bluetooth: hci0: unexpected event 0x30 length: 46 > 3
[   80.281931] Bluetooth: hci0: unexpected event 0x30 length: 31 > 3
[   80.298701] Bluetooth: hci0: unexpected event 0x0b length: 39 > 11
[   80.315273] Bluetooth: hci0: unexpected event 0x0b length: 22 > 11
[   80.352239] Bluetooth: hci0: unexpected event 0x0b length: 58 > 11
[   80.377333] Bluetooth: hci0: unexpected event 0x0b length: 113 > 11
[   80.392025] Bluetooth: hci0: unexpected event 0x0b length: 42 > 11
[   80.408947] Bluetooth: hci0: unexpected event 0x0b length: 50 > 11
[   80.462112] Bluetooth: hci0: unexpected event 0x0b length: 45 > 11
[   80.485262] Bluetooth: hci0: unexpected event 0x3e length: 360 > 260
[   80.489749] Bluetooth: hci0: unexpected subevent 0x0d length: 359 > 260
[   80.493699] Bluetooth: hci0: Unknown advertising packet type: 0x1800
[   80.493737] Bluetooth: hci0: legacy adv larger than 31 bytes
[   80.497603] Bluetooth: hci0: Malformed LE Event: 0x0d
[   80.515253] Bluetooth: hci0: unexpected event 0x3e length: 360 > 260
[   80.519163] Bluetooth: hci0: unexpected subevent 0x0d length: 359 > 260
[   80.522988] Bluetooth: hci0: Unknown advertising packet type: 0x1800
[   80.523026] Bluetooth: hci0: legacy adv larger than 31 bytes
[   80.526645] Bluetooth: hci0: Unknown advertising packet type: 0x80
[   80.530000] Bluetooth: hci0: Malformed LE Event: 0x0d
[   80.548930] Bluetooth: hci0: unexpected event 0x3e length: 361 > 260
[   80.552756] Bluetooth: hci0: unexpected subevent 0x0d length: 360 > 260
[   80.556234] Bluetooth: hci0: Unknown advertising packet type: 0x1800
[   80.556272] Bluetooth: hci0: legacy adv larger than 31 bytes
[   80.559933] Bluetooth: hci0: Malformed LE Event: 0x0d
[   80.579033] Bluetooth: hci0: Unknown advertising packet type: 0x1800
[   80.579095] Bluetooth: hci0: Unknown advertising packet type: 0x1a00
[   80.582638] Bluetooth: hci0: Malformed LE Event: 0x0d
[   80.618867] Bluetooth: hci0: unexpected event 0x3e length: 387 > 260
[   80.621898] Bluetooth: hci0: unexpected subevent 0x0d length: 386 > 260
[   80.625231] Bluetooth: hci0: Unknown advertising packet type: 0xd700
[   80.625285] Bluetooth: hci0: Malformed LE Event: 0x0d
[   80.658757] Bluetooth: hci0: unexpected event 0x01 length: 5 > 1
[   80.705218] Bluetooth: hci0: Received unexpected HCI Event 0x00
[   80.722321] Bluetooth: hci0: Malformed LE Event: 0x0d
[   80.743338] Bluetooth: hci0: unexpected event 0x3e length: 303 > 260
[   80.747090] Bluetooth: hci0: unexpected subevent 0x0d length: 302 > 260
[   80.751598] Bluetooth: hci0: Malformed LE Event: 0x0d
[   80.772122] Bluetooth: hci0: unexpected event 0x3e length: 353 > 260
[   80.776375] Bluetooth: hci0: unexpected subevent 0x0d length: 352 > 260
[   80.780057] Bluetooth: hci0: Malformed LE Event: 0x0d
[   80.798834] Bluetooth: hci0: unexpected event 0x3e length: 276 > 260
[   80.802810] Bluetooth: hci0: unexpected subevent 0x0d length: 275 > 260
[   80.807210] Bluetooth: hci0: Malformed LE Event: 0x0d
[   80.845367] Bluetooth: hci0: unexpected event 0x3e length: 376 > 260
[   80.849756] Bluetooth: hci0: unexpected subevent 0x0d length: 375 > 260
[   80.854447] Bluetooth: hci0: Malformed LE Event: 0x0d
[   80.885455] Bluetooth: hci0: unexpected event 0x23 length: 20 > 13
[   80.905912] Bluetooth: hci0: Malformed LE Event: 0x0d
[   80.922064] Bluetooth: hci0: unexpected event 0x3e length: 271 > 260
[   80.924928] Bluetooth: hci0: unexpected subevent 0x0d length: 270 > 260
[   80.928092] Bluetooth: hci0: Malformed LE Event: 0x0d
[   80.943008] Bluetooth: hci0: unexpected event 0x3e length: 291 > 260
[   80.945742] Bluetooth: hci0: unexpected subevent 0x0d length: 290 > 260
[   80.948519] Bluetooth: hci0: Malformed LE Event: 0x0d
[   80.961941] Bluetooth: hci0: unexpected event 0x3e length: 274 > 260
[   80.965421] Bluetooth: hci0: unexpected subevent 0x0d length: 273 > 260
[   80.968735] Bluetooth: hci0: Malformed LE Event: 0x0d
[   80.981986] Bluetooth: hci0: unexpected event 0x3e length: 271 > 260
[   80.984890] Bluetooth: hci0: unexpected subevent 0x0d length: 270 > 260
[   80.987849] Bluetooth: hci0: Malformed LE Event: 0x0d
[   81.002066] Bluetooth: hci0: Malformed LE Event: 0x0d
[   81.015426] Bluetooth: hci0: Malformed LE Event: 0x0d
[   81.045434] Bluetooth: hci0: Malformed LE Event: 0x0d
[   81.089766] Bluetooth: hci0: Malformed LE Event: 0x0d
[   81.122304] Bluetooth: hci0: unexpected event 0x3e length: 271 > 260
[   81.126378] Bluetooth: hci0: unexpected subevent 0x0d length: 270 > 260
[   81.130251] Bluetooth: hci0: Malformed LE Event: 0x0d
[   81.145381] Bluetooth: hci0: Malformed LE Event: 0x0d
[   81.162136] Bluetooth: hci0: Malformed LE Event: 0x0d
[   81.178606] Bluetooth: hci0: unexpected event 0x3e length: 272 > 260
[   81.182068] Bluetooth: hci0: unexpected subevent 0x0d length: 271 > 260
[   81.185439] Bluetooth: hci0: Malformed LE Event: 0x0d
[   81.202032] Bluetooth: hci0: unexpected event 0x0f length: 18 > 4
[   81.205746] Bluetooth: hci0: unexpected event for opcode 0xf7f7
[   81.238718] Bluetooth: hci0: unexpected event 0x46 length: 98 > 4
[   81.258813] Bluetooth: hci0: unexpected event 0x46 length: 69 > 4
[   81.278811] Bluetooth: hci0: unexpected event 0x46 length: 40 > 4
[   81.298615] Bluetooth: hci0: unexpected event 0x46 length: 103 > 4
[   81.315318] Bluetooth: hci0: unexpected event 0x46 length: 116 > 4
[   81.335238] Bluetooth: hci0: unexpected event 0x46 length: 151 > 4
[   81.359656] Bluetooth: hci0: unexpected event 0x46 length: 105 > 4
[   81.375248] Bluetooth: hci0: unexpected event 0xff length: 18 > 0
[   81.389001] Bluetooth: hci0: unexpected event for opcode 0x2033
[   81.409246] Bluetooth: hci0: unexpected event for opcode 0x2001
[   81.428685] Bluetooth: hci0: unexpected cc 0x2041 length: 3 > 1
[   81.431382] Bluetooth: hci0: unexpected event for opcode 0x2041
[   81.448673] Bluetooth: hci0: unexpected event 0x01 length: 8 > 1
[   81.481956] Bluetooth: hci0: unexpected event for opcode 0xa2a2
[   81.539856] Bluetooth: hci0: unexpected event for opcode 0x418f
[   81.582100] Bluetooth: hci0: unexpected event for opcode 0x8f41
[   81.615197] Bluetooth: hci0: unexpected event 0x04 length: 59 > 10
[   81.635342] Bluetooth: hci0: unexpected event for opcode 0x0000
[   81.669446] Bluetooth: hci0: unexpected event for opcode 0x0315
[   81.685157] Bluetooth: hci0: unexpected subevent 0x12 length: 67 > 5
[   81.688115] Bluetooth: hci0: Unexpected advertising set terminated event
[   81.718694] Bluetooth: hci0: unexpected subevent 0x12 length: 76 > 5
[   81.724432] Bluetooth: hci0: Unexpected advertising set terminated event
[   81.752122] Bluetooth: hci0: unexpected event for opcode 0xa9a9
[   81.769006] Bluetooth: hci0: unexpected event for opcode 0x9999
[   81.785377] Bluetooth: hci0: unexpected event for opcode 0xff4f
[   81.802028] Bluetooth: hci0: unexpected event 0x06 length: 20 > 3
[   81.822267] Bluetooth: hci0: unexpected cc 0x080f length: 16 > 1
[   81.825907] Bluetooth: hci0: unexpected event for opcode 0x080f
[   81.848850] Bluetooth: hci0: unexpected event for opcode 0xb131
[   81.865368] Bluetooth: hci0: Received unexpected HCI Event 0x00
[   81.888773] Bluetooth: hci0: unexpected cc 0x080f length: 16 > 1
[   81.892345] Bluetooth: hci0: unexpected event for opcode 0x080f
[   81.915638] Bluetooth: hci0: unexpected event for opcode 0x0000
[   81.939148] Bluetooth: hci0: unexpected event for opcode 0xff0f
[   81.959200] Bluetooth: hci0: unexpected event for opcode 0x0000
[   81.988834] Bluetooth: hci0: unexpected event 0x1c length: 80 > 5
[   82.005850] Bluetooth: hci0: Received unexpected HCI Event 0x00
[   82.025389] Bluetooth: hci0: unexpected event 0x1c length: 21 > 5
[   82.042112] Bluetooth: hci0: unexpected event 0x1c length: 42 > 5
[   82.058710] Bluetooth: hci0: unexpected event 0x1c length: 34 > 5
[   82.075349] Bluetooth: hci0: unexpected event 0x1c length: 49 > 5
[   82.109059] Bluetooth: hci0: unexpected event 0x1c length: 48 > 5
[   82.148767] Bluetooth: hci0: unexpected event 0x1c length: 21 > 5
[   82.168680] Bluetooth: hci0: unexpected event 0x42 length: 30 > 3
[   82.185174] Bluetooth: hci0: unexpected event 0x42 length: 60 > 3
[   82.201808] Bluetooth: hci0: unexpected event 0x42 length: 43 > 3
[   82.222038] Bluetooth: hci0: unexpected event 0x42 length: 23 > 3
[   82.255212] Bluetooth: hci0: unexpected event 0x42 length: 31 > 3
[   82.268631] Bluetooth: hci0: unexpected event 0x42 length: 24 > 3
[   82.288541] Bluetooth: hci0: unexpected event 0x42 length: 23 > 3
[   82.321995] Bluetooth: hci0: unexpected event 0x42 length: 23 > 3
[   82.342053] Bluetooth: hci0: unexpected event 0x12 length: 16 > 8
[   82.365283] Bluetooth: hci0: unexpected event 0x12 length: 7 < 8
[   82.405299] Bluetooth: hci0: unexpected event 0x12 length: 29 > 8
[   82.422128] Bluetooth: hci0: unexpected event 0x12 length: 115 > 8
[   82.438873] Bluetooth: hci0: unexpected event 0x12 length: 23 > 8
[   82.455207] Bluetooth: hci0: unexpected event 0x12 length: 15 > 8
[   82.488869] Bluetooth: hci0: unexpected event 0x12 length: 11 > 8
[   82.509151] Bluetooth: hci0: unexpected event for opcode 0x0061
[   82.525219] Bluetooth: hci0: unexpected event 0x12 length: 40 > 8
[   82.558712] Bluetooth: hci0: unexpected event 0x18 length: 53 > 23
[   82.579017] Bluetooth: hci0: unexpected event 0x06 length: 73 > 3
[   82.595387] Bluetooth: hci0: unexpected event 0x0f length: 84 > 4
[   82.599038] Bluetooth: hci0: unexpected event for opcode 0x2021
[   82.617162] Bluetooth: hci0: unexpected event 0x0f length: 96 > 4
[   82.619599] Bluetooth: hci0: unexpected event for opcode 0x2021
[   82.635265] Bluetooth: hci0: unexpected event 0x0f length: 86 > 4
[   82.638435] Bluetooth: hci0: unexpected event for opcode 0x0300
[   82.658716] Bluetooth: hci0: unexpected event 0x0f length: 81 > 4
[   82.661317] Bluetooth: hci0: unexpected event for opcode 0x2021
[   82.681952] Bluetooth: hci0: unexpected event 0x0f length: 37 > 4
[   82.686404] Bluetooth: hci0: unexpected event for opcode 0x2021
[   82.718673] Bluetooth: hci0: unexpected event 0x0f length: 96 > 4
[   82.721112] Bluetooth: hci0: unexpected event for opcode 0x2021
[   82.738682] Bluetooth: hci0: unexpected event 0xff length: 9 > 0
[   82.755426] Bluetooth: hci0: unexpected event for opcode 0x89f3
[   82.772023] Bluetooth: hci0: unexpected event 0x0f length: 54 > 4
[   82.774654] Bluetooth: hci0: unexpected event for opcode 0x2021
[   82.795252] Bluetooth: hci0: unexpected event 0x0f length: 81 > 4
[   82.797781] Bluetooth: hci0: unexpected event for opcode 0x2021
[   82.825259] Bluetooth: hci0: unexpected event 0x0f length: 84 > 4
[   82.827530] Bluetooth: hci0: unexpected event for opcode 0x2021
[   82.842263] Bluetooth: hci0: unexpected event 0x0f length: 81 > 4
[   82.844224] Bluetooth: hci0: unexpected event for opcode 0x2021
[   82.868637] Bluetooth: hci0: Malformed LE Event: 0x0b
[   82.931987] Bluetooth: hci0: Malformed LE Event: 0x0b
[   82.945366] Bluetooth: hci0: unexpected event 0x0f length: 71 > 4
[   82.947685] Bluetooth: hci0: unexpected event for opcode 0xff3d
[   82.965240] Bluetooth: hci0: unexpected event 0x0f length: 129 > 4
[   82.967744] Bluetooth: hci0: unexpected event for opcode 0x043d
[   82.985227] Bluetooth: hci0: unexpected event 0x0f length: 79 > 4
[   82.987742] Bluetooth: hci0: unexpected event for opcode 0x043d
[   83.002078] Bluetooth: hci0: unexpected event 0x0f length: 71 > 4
[   83.004693] Bluetooth: hci0: unexpected event for opcode 0x043d
[   83.018872] Bluetooth: hci0: unexpected event 0x0f length: 141 > 4
[   83.021388] Bluetooth: hci0: unexpected event for opcode 0x2e04
[   83.035218] Bluetooth: hci0: unexpected event 0x0f length: 71 > 4
[   83.037654] Bluetooth: hci0: unexpected event for opcode 0x043d
[   83.071995] Bluetooth: hci0: Received unexpected HCI Event 0x00
[   83.088897] Bluetooth: hci0: unexpected event 0x0f length: 90 > 4
[   83.091236] Bluetooth: hci0: unexpected event for opcode 0x043d
[   83.105127] Bluetooth: hci0: unexpected event 0x04 length: 27 > 10
[   83.107431] Bluetooth: unknown link type 15
[   83.121830] Bluetooth: hci0: unexpected event 0x0f length: 49 > 4
[   83.124081] Bluetooth: hci0: unexpected event for opcode 0x043d
[   83.138844] Bluetooth: hci0: unexpected event 0x0f length: 65 > 4
[   83.141138] Bluetooth: hci0: unexpected event for opcode 0xcaba
[   83.155271] Bluetooth: hci0: unexpected event 0x0f length: 69 > 4
[   83.157564] Bluetooth: hci0: unexpected event for opcode 0x043d
[   83.175155] Bluetooth: hci0: unexpected event 0x0f length: 85 > 4
[   83.177447] Bluetooth: hci0: unexpected event for opcode 0x0404
[   83.191918] Bluetooth: hci0: unexpected event 0x03 length: 20 > 11
[   83.205315] Bluetooth: hci0: unexpected subevent 0x06 length: 41 > 10
[   83.218689] Bluetooth: hci0: unexpected subevent 0x06 length: 61 > 10
[   83.235220] Bluetooth: hci0: unexpected event 0x12 length: 14 > 8
[   83.261955] Bluetooth: hci0: unexpected subevent 0x04 length: 57 > 11
[   83.275261] Bluetooth: hci0: unexpected subevent 0x06 length: 38 > 10
[   83.308737] Bluetooth: hci0: unexpected subevent 0x06 length: 38 > 10
[   83.321883] Bluetooth: hci0: unexpected subevent 0x06 length: 17 > 10
[   83.338691] Bluetooth: hci0: unexpected subevent 0x06 length: 27 > 10
[   83.351828] Bluetooth: hci0: unexpected subevent 0x06 length: 64 > 10
[   83.365123] Bluetooth: hci0: unexpected subevent 0x06 length: 42 > 10
[   83.379915] Bluetooth: hci0: Received unexpected HCI Event 0x00
[   83.405228] Bluetooth: hci0: unexpected event for opcode 0x9d9d
[   83.418608] Bluetooth: hci0: unexpected event for opcode 0x9600
[   83.431806] Bluetooth: hci0: unexpected cc 0x0809 length: 49 > 4
[   83.433373] Bluetooth: hci0: unexpected event for opcode 0x0809
[   83.448597] Bluetooth: hci0: unexpected cc 0x0809 length: 92 > 4
[   83.450139] Bluetooth: hci0: unexpected event for opcode 0x0809
[   83.465305] Bluetooth: hci0: unexpected event for opcode 0x0921
[   83.478714] Bluetooth: hci0: unexpected event for opcode 0x6408
[   83.491941] Bluetooth: hci0: unexpected cc 0x0809 length: 60 > 4
[   83.495024] Bluetooth: hci0: unexpected event for opcode 0x0809
[   83.512031] Bluetooth: hci0: unexpected cc 0x0809 length: 58 > 4
[   83.515070] Bluetooth: hci0: unexpected event for opcode 0x0809
[   83.528738] Bluetooth: hci0: unexpected cc 0x0809 length: 60 > 4
[   83.531787] Bluetooth: hci0: unexpected event for opcode 0x0809
[   83.545258] Bluetooth: hci0: unexpected cc 0x0809 length: 64 > 4
[   83.548149] Bluetooth: hci0: unexpected event for opcode 0x0809
[   83.588616] Bluetooth: hci0: unexpected cc 0x0809 length: 60 > 4
[   83.591552] Bluetooth: hci0: unexpected event for opcode 0x0809
[   83.608868] Bluetooth: hci0: unexpected cc 0x0809 length: 61 > 4
[   83.611714] Bluetooth: hci0: unexpected event for opcode 0x0809
[   83.642000] Bluetooth: hci0: unexpected cc 0x0809 length: 23 > 4
[   83.645086] Bluetooth: hci0: unexpected event for opcode 0x0809
[   83.662075] Bluetooth: hci0: unexpected cc 0x0809 length: 43 > 4
[   83.664965] Bluetooth: hci0: unexpected event for opcode 0x0809
[   83.678604] Bluetooth: hci0: unexpected cc 0x0809 length: 60 > 4
[   83.681076] Bluetooth: hci0: unexpected event for opcode 0x0809
[   83.695263] Bluetooth: hci0: Received unexpected HCI Event 0x00
[   83.712001] Bluetooth: hci0: unexpected cc 0x0809 length: 70 > 4
[   83.714375] Bluetooth: hci0: unexpected event for opcode 0x0809
[   83.735297] Bluetooth: hci0: unexpected cc 0x0809 length: 24 > 4
[   83.738316] Bluetooth: hci0: unexpected event for opcode 0x0809
[   83.758673] Bluetooth: hci0: unexpected cc 0x0809 length: 48 > 4
[   83.761039] Bluetooth: hci0: unexpected event for opcode 0x0809
[   83.775359] Bluetooth: hci0: unexpected event for opcode 0x0109
[   83.792053] Bluetooth: hci0: unexpected cc 0x0809 length: 67 > 4
[   83.794771] Bluetooth: hci0: unexpected event for opcode 0x0809
[   83.815320] Bluetooth: hci0: unexpected event for opcode 0x0829
[   83.835354] Bluetooth: hci0: unexpected cc 0x0809 length: 60 > 4
[   83.838450] Bluetooth: hci0: unexpected event for opcode 0x0809
[   83.858702] Bluetooth: hci0: Received unexpected HCI Event 0x00
[   83.871916] Bluetooth: hci0: unexpected event for opcode 0x0000
[   83.888688] Bluetooth: hci0: unexpected cc 0x0c2d length: 26 > 4
[   83.890143] Bluetooth: hci0: unexpected event for opcode 0x0c2d
[   83.905220] Bluetooth: hci0: unexpected event for opcode 0xc401
[   83.918833] Bluetooth: hci0: unexpected cc 0x0c2d length: 40 > 4
[   83.920321] Bluetooth: hci0: unexpected event for opcode 0x0c2d
[   83.935118] Bluetooth: hci0: unexpected event 0x06 length: 31 > 3
[   83.961930] Bluetooth: hci0: unexpected event for opcode 0x4343
[   83.975236] Bluetooth: hci0: unexpected cc 0x0c2d length: 32 > 4
[   83.976815] Bluetooth: hci0: unexpected event for opcode 0x0c2d
[   84.005174] Bluetooth: hci0: unexpected cc 0x0c7b length: 28 > 5
[   84.006622] Bluetooth: hci0: unexpected event for opcode 0x0c7b
[   84.019018] Bluetooth: hci0: unexpected event for opcode 0x0410
[   84.032063] Bluetooth: hci0: unexpected event for opcode 0x0000
